::ffff:115.115.196.26 - - [29/Jun/2015:05:31:21 -0400] "GET /cs164s13/style.css HTTP/1.1" 200 1488 "https://liucs.net/cs164s13/absolute.html" "Mozilla/5.0 (Windows NT 6.1; WOW64) AppleWebKit/537.36 (KHTML, like Gecko) Chrome/43.0.2357.130 Safari/537.36"
::ffff:115.115.196.26 - - [29/Jun/2015:05:31:21 -0400] "GET /cs164s13/script.js HTTP/1.1" 200 332 "https://liucs.net/cs164s13/absolute.html" "Mozilla/5.0 (Windows NT 6.1; WOW64) AppleWebKit/537.36 (KHTML, like Gecko) Chrome/43.0.2357.130 Safari/537.36"
::ffff:115.115.196.26 - - [29/Jun/2015:05:31:21 -0400] "GET /assets/js/bootstrap-collapse.js HTTP/1.1" 200 4500 "https://liucs.net/cs164s13/absolute.html" "Mozilla/5.0 (Windows NT 6.1; WOW64) AppleWebKit/537.36 (KHTML, like Gecko) Chrome/43.0.2357.130 Safari/537.36"
::ffff:115.115.196.26 - - [29/Jun/2015:05:31:21 -0400] "GET /cs164s13/rel-layout-component-tree.png HTTP/1.1" 200 23638 "https://liucs.net/cs164s13/absolute.html" "Mozilla/5.0 (Windows NT 6.1; WOW64) AppleWebKit/537.36 (KHTML, like Gecko) Chrome/43.0.2357.130 Safari/537.36"
::ffff:115.115.196.26 - - [29/Jun/2015:05:31:22 -0400] "GET /assets/js/jquery.js HTTP/1.1" 200 94839 "https://liucs.net/cs164s13/absolute.html" "Mozilla/5.0 (Windows NT 6.1; WOW64) AppleWebKit/537.36 (KHTML, like Gecko) Chrome/43.0.2357.130 Safari/537.36"
::ffff:115.115.196.26 - - [29/Jun/2015:05:31:22 -0400] "GET /cs164s13/rel-layout-screen.png HTTP/1.1" 200 28253 "https://liucs.net/cs164s13/absolute.html" "Mozilla/5.0 (Windows NT 6.1; WOW64) AppleWebKit/537.36 (KHTML, like Gecko) Chrome/43.0.2357.130 Safari/537.36"
::ffff:115.115.196.26 - - [29/Jun/2015:05:31:22 -0400] "GET /cs164s13/rabbit_animal_green.png HTTP/1.1" 200 31119 "https://liucs.net/cs164s13/absolute.html" "Mozilla/5.0 (Windows NT 6.1; WOW64) AppleWebKit/537.36 (KHTML, like Gecko) Chrome/43.0.2357.130 Safari/537.36"
::ffff:115.115.196.26 - - [29/Jun/2015:05:31:22 -0400] "GET /cs164s13/pink_rabbit_smile_animal_elonizm_pet.png HTTP/1.1" 200 28812 "https://liucs.net/cs164s13/absolute.html" "Mozilla/5.0 (Windows NT 6.1; WOW64) AppleWebKit/537.36 (KHTML, like Gecko) Chrome/43.0.2357.130 Safari/537.36"
::ffff:115.115.196.26 - - [29/Jun/2015:05:31:22 -0400] "GET /cs164s13/rabbit1.mp4 HTTP/1.1" 206 38178 "https://liucs.net/cs164s13/absolute.html" "Mozilla/5.0 (Windows NT 6.1; WOW64) AppleWebKit/537.36 (KHTML, like Gecko) Chrome/43.0.2357.130 Safari/537.36"
::ffff:115.115.196.26 - - [29/Jun/2015:05:31:25 -0400] "GET /favicon.ico HTTP/1.1" 200 1150 "https://liucs.net/cs164s13/absolute.html" "Mozilla/5.0 (Windows NT 6.1; WOW64) AppleWebKit/537.36 (KHTML, like Gecko) Chrome/43.0.2357.130 Safari/537.36"
::ffff:141.8.143.187 - - [29/Jun/2015:05:37:46 -0400] "GET /cs101f12/1112.html HTTP/1.1" 200 1423 "-" "Mozilla/5.0 (compatible; YandexBot/3.0; +http://yandex.com/bots)"
::ffff:213.122.179.226 - - [29/Jun/2015:05:38:42 -0400] "GET /cs101f13/positional-base5.png HTTP/1.1" 200 16923 "https://www.google.co.uk/" "Mozilla/5.0 (Windows NT 6.3; WOW64) AppleWebKit/537.36 (KHTML, like Gecko) Chrome/43.0.2357.130 Safari/537.36"
::ffff:141.8.143.187 - - [29/Jun/2015:05:46:21 -0400] "GET /cs102f14/p10.html HTTP/1.1" 200 3975 "-" "Mozilla/5.0 (compatible; YandexBot/3.0; +http://yandex.com/bots)"
::ffff:180.76.15.150 - - [29/Jun/2015:05:50:00 -0400] "GET /cs102s11/a04.pdf HTTP/1.1" 301 184 "-" "Mozilla/5.0 (compatible; Baiduspider/2.0; +http://www.baidu.com/search/spider.html)"
::ffff:180.76.15.138 - - [29/Jun/2015:05:50:00 -0400] "GET /cs102s11/a04.pdf HTTP/1.1" 200 23621 "-" "Mozilla/5.0 (compatible; Baiduspider/2.0; +http://www.baidu.com/search/spider.html)"
::ffff:141.8.143.187 - - [29/Jun/2015:05:54:56 -0400] "GET /cs101f12/a02.html HTTP/1.1" 200 3006 "-" "Mozilla/5.0 (compatible; YandexBot/3.0; +http://yandex.com/bots)"
::ffff:141.8.143.187 - - [29/Jun/2015:06:03:30 -0400] "GET /cs164s15/ HTTP/1.1" 200 6868 "-" "Mozilla/5.0 (compatible; YandexBot/3.0; +http://yandex.com/bots)"
::ffff:199.21.99.198 - - [29/Jun/2015:06:12:05 -0400] "GET /cs101f12/0912.html HTTP/1.1" 200 1610 "-" "Mozilla/5.0 (compatible; YandexBot/3.0; +http://yandex.com/bots)"
::ffff:88.198.16.153 - - [29/Jun/2015:06:17:18 -0400] "GET /cs101f11/a04.html HTTP/1.1" 200 6079 "-" "Mozilla/5.0 (compatible; MJ12bot/v1.4.5; http://www.majestic12.co.uk/bot.php?+)"
::ffff:88.198.16.153 - - [29/Jun/2015:06:17:21 -0400] "GET /cs101f11/a05.html HTTP/1.1" 200 1220 "-" "Mozilla/5.0 (compatible; MJ12bot/v1.4.5; http://www.majestic12.co.uk/bot.php?+)"
::ffff:88.198.16.153 - - [29/Jun/2015:06:17:23 -0400] "GET /cs101f11/a06.html HTTP/1.1" 200 1221 "-" "Mozilla/5.0 (compatible; MJ12bot/v1.4.5; http://www.majestic12.co.uk/bot.php?+)"
::ffff:88.198.16.153 - - [29/Jun/2015:06:17:26 -0400] "GET /cs101s12/discussion.html HTTP/1.1" 200 1464 "-" "Mozilla/5.0 (compatible; MJ12bot/v1.4.5; http://www.majestic12.co.uk/bot.php?+)"
::ffff:88.198.16.153 - - [29/Jun/2015:06:17:28 -0400] "GET /cs102f13/a1.html HTTP/1.1" 200 3523 "-" "Mozilla/5.0 (compatible; MJ12bot/v1.4.5; http://www.majestic12.co.uk/bot.php?+)"
::ffff:88.198.16.153 - - [29/Jun/2015:06:17:30 -0400] "GET /cs102f13/a10.html HTTP/1.1" 200 2814 "-" "Mozilla/5.0 (compatible; MJ12bot/v1.4.5; http://www.majestic12.co.uk/bot.php?+)"
::ffff:88.198.16.153 - - [29/Jun/2015:06:17:31 -0400] "GET /cs102f13/a12.html HTTP/1.1" 200 2048 "-" "Mozilla/5.0 (compatible; MJ12bot/v1.4.5; http://www.majestic12.co.uk/bot.php?+)"
::ffff:88.198.16.153 - - [29/Jun/2015:06:17:35 -0400] "GET /cs102f13/a3.html HTTP/1.1" 200 2449 "-" "Mozilla/5.0 (compatible; MJ12bot/v1.4.5; http://www.majestic12.co.uk/bot.php?+)"
::ffff:88.198.16.153 - - [29/Jun/2015:06:17:37 -0400] "GET /cs102f13/a4.html HTTP/1.1" 200 2930 "-" "Mozilla/5.0 (compatible; MJ12bot/v1.4.5; http://www.majestic12.co.uk/bot.php?+)"
::ffff:88.198.16.153 - - [29/Jun/2015:06:17:41 -0400] "GET /cs102f13/a6.html HTTP/1.1" 200 3964 "-" "Mozilla/5.0 (compatible; MJ12bot/v1.4.5; http://www.majestic12.co.uk/bot.php?+)"
::ffff:66.102.6.201 - - [29/Jun/2015:06:18:27 -0400] "GET /cs164s12/schedule.ics HTTP/1.1" 301 184 "-" "Google-Calendar-Importer"
::ffff:66.102.6.162 - - [29/Jun/2015:06:18:27 -0400] "GET /cs164s12/schedule.ics HTTP/1.1" 200 4231 "-" "Google-Calendar-Importer"
::ffff:141.8.143.187 - - [29/Jun/2015:06:20:39 -0400] "GET /cs102f14/notes1201.html HTTP/1.1" 200 5578 "-" "Mozilla/5.0 (compatible; YandexBot/3.0; +http://yandex.com/bots)"
::ffff:66.249.67.54 - - [29/Jun/2015:06:23:10 -0400] "GET /cs102f14/notes1027.html HTTP/1.1" 200 2445 "-" "Mozilla/5.0 (iPhone; CPU iPhone OS 6_0 like Mac OS X) AppleWebKit/536.26 (KHTML, like Gecko) Version/6.0 Mobile/10A5376e Safari/8536.25 (compatible; Googlebot/2.1; +http://www.google.com/bot.html)"
::ffff:141.8.143.187 - - [29/Jun/2015:06:29:14 -0400] "GET /cs102f14/ HTTP/1.1" 200 7335 "-" "Mozilla/5.0 (compatible; YandexBot/3.0; +http://yandex.com/bots)"
::ffff:180.76.15.141 - - [29/Jun/2015:06:32:47 -0400] "GET /cs101f11/notes1214.html HTTP/1.1" 301 184 "-" "Mozilla/5.0 (compatible; Baiduspider/2.0; +http://www.baidu.com/search/spider.html)"
::ffff:180.76.15.155 - - [29/Jun/2015:06:32:52 -0400] "GET /cs101f11/notes1214.html HTTP/1.1" 200 1181 "-" "Mozilla/5.0 (compatible; Baiduspider/2.0; +http://www.baidu.com/search/spider.html)"
::ffff:66.249.67.44 - - [29/Jun/2015:06:32:52 -0400] "GET /cs101s15/a3-logic.pdf HTTP/1.1" 200 70147 "-" "Mozilla/5.0 (compatible; Googlebot/2.1; +http://www.google.com/bot.html)"
::ffff:180.76.15.142 - - [29/Jun/2015:06:32:54 -0400] "GET /share/stylef11.css HTTP/1.1" 200 2935 "https://liucs.net/cs101f11/notes1214.html" "Mozilla/5.0 (compatible; Baiduspider/2.0; +http://www.baidu.com/search/spider.html)"
::ffff:180.76.15.155 - - [29/Jun/2015:06:32:54 -0400] "GET /share/grid10-60-20.css HTTP/1.1" 200 4723 "https://liucs.net/cs101f11/notes1214.html" "Mozilla/5.0 (compatible; Baiduspider/2.0; +http://www.baidu.com/search/spider.html)"
::ffff:180.76.15.154 - - [29/Jun/2015:06:32:54 -0400] "GET /share/dates.js HTTP/1.1" 200 342 "https://liucs.net/cs101f11/notes1214.html" "Mozilla/5.0 (compatible; Baiduspider/2.0; +http://www.baidu.com/search/spider.html)"
::ffff:180.76.15.140 - - [29/Jun/2015:06:32:55 -0400] "GET /share/jquery.min.js HTTP/1.1" 200 79702 "https://liucs.net/cs101f11/notes1214.html" "Mozilla/5.0 (compatible; Baiduspider/2.0; +http://www.baidu.com/search/spider.html)"
::ffff:180.76.15.141 - - [29/Jun/2015:06:39:08 -0400] "GET /cs101s15/gametree-example.pdf HTTP/1.1" 301 184 "-" "Mozilla/5.0 (compatible; Baiduspider/2.0; +http://www.baidu.com/search/spider.html)"
::ffff:180.76.15.141 - - [29/Jun/2015:06:39:13 -0400] "GET /cs101s15/gametree-example.pdf HTTP/1.1" 200 51353 "-" "Mozilla/5.0 (compatible; Baiduspider/2.0; +http://www.baidu.com/search/spider.html)"
::ffff:66.249.67.54 - - [29/Jun/2015:06:45:13 -0400] "GET /cs101s14/a10-ai.html HTTP/1.1" 200 3259 "-" "Mozilla/5.0 (compatible; Googlebot/2.1; +http://www.google.com/bot.html)"
::ffff:93.22.234.84 - - [29/Jun/2015:06:49:50 -0400] "GET /cs164s13/m2.html HTTP/1.1" 200 5849 "http://www.google.fr/imgres?imgurl=https%3A%2F%2Fliucs.net%2Fcs164s13%2Fintellij-emulator.png&imgrefurl=https%3A%2F%2Fliucs.net%2Fcs164s13%2Fm2.html&h=450&w=645&tbnid=Sl5QfZdbDDKASM%3A&zoom=1&docid=On7eB0m3xeVpKM&ei=tyKRVY22A4HzUOXNtZAF&tbm=isch&iact=rc&uact=3&dur=1342&page=1&start=0&ndsp=40&ved=0CFQQrQMwEQ" "Mozilla/5.0 (X11; Linux x86_64) AppleWebKit/537.36 (KHTML, like Gecko) Chrome/43.0.2357.130 Safari/537.36"
::ffff:93.22.234.84 - - [29/Jun/2015:06:49:51 -0400] "GET /cs164s13/intellij-emulator.png HTTP/1.1" 200 87695 "http://www.google.fr/imgres?imgurl=https%3A%2F%2Fliucs.net%2Fcs164s13%2Fintellij-emulator.png&imgrefurl=https%3A%2F%2Fliucs.net%2Fcs164s13%2Fm2.html&h=450&w=645&tbnid=Sl5QfZdbDDKASM%3A&zoom=1&docid=On7eB0m3xeVpKM&ei=tyKRVY22A4HzUOXNtZAF&tbm=isch&iact=rc&uact=3&dur=1342&page=1&start=0&ndsp=40&ved=0CFQQrQMwEQ" "Mozilla/5.0 (X11; Linux x86_64) AppleWebKit/537.36 (KHTML, like Gecko) Chrome/43.0.2357.130 Safari/537.36"
::ffff:93.22.234.84 - - [29/Jun/2015:06:49:51 -0400] "GET /assets/css/bootstrap-responsive.css HTTP/1.1" 200 20470 "https://liucs.net/cs164s13/m2.html" "Mozilla/5.0 (X11; Linux x86_64) AppleWebKit/537.36 (KHTML, like Gecko) Chrome/43.0.2357.130 Safari/537.36"
::ffff:93.22.234.84 - - [29/Jun/2015:06:49:52 -0400] "GET /cs164s13/style.css HTTP/1.1" 200 1488 "https://liucs.net/cs164s13/m2.html" "Mozilla/5.0 (X11; Linux x86_64) AppleWebKit/537.36 (KHTML, like Gecko) Chrome/43.0.2357.130 Safari/537.36"
::ffff:93.22.234.84 - - [29/Jun/2015:06:49:53 -0400] "GET /cs164s13/script.js HTTP/1.1" 200 332 "https://liucs.net/cs164s13/m2.html" "Mozilla/5.0 (X11; Linux x86_64) AppleWebKit/537.36 (KHTML, like Gecko) Chrome/43.0.2357.130 Safari/537.36"
::ffff:93.22.234.84 - - [29/Jun/2015:06:49:53 -0400] "GET /assets/js/bootstrap-dropdown.js HTTP/1.1" 200 3948 "https://liucs.net/cs164s13/m2.html" "Mozilla/5.0 (X11; Linux x86_64) AppleWebKit/537.36 (KHTML, like Gecko) Chrome/43.0.2357.130 Safari/537.36"
::ffff:93.22.234.84 - - [29/Jun/2015:06:49:53 -0400] "GET /assets/js/bootstrap-collapse.js HTTP/1.1" 200 4500 "https://liucs.net/cs164s13/m2.html" "Mozilla/5.0 (X11; Linux x86_64) AppleWebKit/537.36 (KHTML, like Gecko) Chrome/43.0.2357.130 Safari/537.36"
::ffff:93.22.234.84 - - [29/Jun/2015:06:49:53 -0400] "GET /cs164s13/intellij-quick-start-git.png HTTP/1.1" 200 27019 "https://liucs.net/cs164s13/m2.html" "Mozilla/5.0 (X11; Linux x86_64) AppleWebKit/537.36 (KHTML, like Gecko) Chrome/43.0.2357.130 Safari/537.36"
::ffff:93.22.234.84 - - [29/Jun/2015:06:49:53 -0400] "GET /cs164s13/intellij-git-checkout.png HTTP/1.1" 200 9189 "https://liucs.net/cs164s13/m2.html" "Mozilla/5.0 (X11; Linux x86_64) AppleWebKit/537.36 (KHTML, like Gecko) Chrome/43.0.2357.130 Safari/537.36"
::ffff:93.22.234.84 - - [29/Jun/2015:06:49:53 -0400] "GET /cs164s13/intellij-confirm-ssh.png HTTP/1.1" 200 32551 "https://liucs.net/cs164s13/m2.html" "Mozilla/5.0 (X11; Linux x86_64) AppleWebKit/537.36 (KHTML, like Gecko) Chrome/43.0.2357.130 Safari/537.36"
::ffff:93.22.234.84 - - [29/Jun/2015:06:49:54 -0400] "GET /assets/js/jquery.js HTTP/1.1" 200 94839 "https://liucs.net/cs164s13/m2.html" "Mozilla/5.0 (X11; Linux x86_64) AppleWebKit/537.36 (KHTML, like Gecko) Chrome/43.0.2357.130 Safari/537.36"
::ffff:93.22.234.84 - - [29/Jun/2015:06:49:54 -0400] "GET /cs164s13/intellij-git-progress.png HTTP/1.1" 200 4902 "https://liucs.net/cs164s13/m2.html" "Mozilla/5.0 (X11; Linux x86_64) AppleWebKit/537.36 (KHTML, like Gecko) Chrome/43.0.2357.130 Safari/537.36"
::ffff:93.22.234.84 - - [29/Jun/2015:06:49:54 -0400] "GET /cs164s13/intellij-git-success.png HTTP/1.1" 200 7862 "https://liucs.net/cs164s13/m2.html" "Mozilla/5.0 (X11; Linux x86_64) AppleWebKit/537.36 (KHTML, like Gecko) Chrome/43.0.2357.130 Safari/537.36"
::ffff:93.22.234.84 - - [29/Jun/2015:06:49:55 -0400] "GET /cs164s13/intellij-git-create.png HTTP/1.1" 200 14786 "https://liucs.net/cs164s13/m2.html" "Mozilla/5.0 (X11; Linux x86_64) AppleWebKit/537.36 (KHTML, like Gecko) Chrome/43.0.2357.130 Safari/537.36"
::ffff:93.22.234.84 - - [29/Jun/2015:06:49:55 -0400] "GET /cs164s13/intellij-new-android.png HTTP/1.1" 200 39569 "https://liucs.net/cs164s13/m2.html" "Mozilla/5.0 (X11; Linux x86_64) AppleWebKit/537.36 (KHTML, like Gecko) Chrome/43.0.2357.130 Safari/537.36"
::ffff:93.22.234.84 - - [29/Jun/2015:06:49:55 -0400] "GET /cs164s13/intellij-not-exist.png HTTP/1.1" 200 10423 "https://liucs.net/cs164s13/m2.html" "Mozilla/5.0 (X11; Linux x86_64) AppleWebKit/537.36 (KHTML, like Gecko) Chrome/43.0.2357.130 Safari/537.36"
::ffff:93.22.234.84 - - [29/Jun/2015:06:49:55 -0400] "GET /cs164s13/intellij-android-finish.png HTTP/1.1" 200 47721 "https://liucs.net/cs164s13/m2.html" "Mozilla/5.0 (X11; Linux x86_64) AppleWebKit/537.36 (KHTML, like Gecko) Chrome/43.0.2357.130 Safari/537.36"
::ffff:93.22.234.84 - - [29/Jun/2015:06:49:55 -0400] "GET /cs164s13/intellij-unreg-git-root.png HTTP/1.1" 200 35345 "https://liucs.net/cs164s13/m2.html" "Mozilla/5.0 (X11; Linux x86_64) AppleWebKit/537.36 (KHTML, like Gecko) Chrome/43.0.2357.130 Safari/537.36"
::ffff:93.22.234.84 - - [29/Jun/2015:06:49:56 -0400] "GET /assets/css/bootstrap.css HTTP/1.1" 200 115072 "https://liucs.net/cs164s13/m2.html" "Mozilla/5.0 (X11; Linux x86_64) AppleWebKit/537.36 (KHTML, like Gecko) Chrome/43.0.2357.130 Safari/537.36"
::ffff:93.22.234.84 - - [29/Jun/2015:06:49:56 -0400] "GET /cs164s13/intellij-open-java.png HTTP/1.1" 200 41824 "https://liucs.net/cs164s13/m2.html" "Mozilla/5.0 (X11; Linux x86_64) AppleWebKit/537.36 (KHTML, like Gecko) Chrome/43.0.2357.130 Safari/537.36"
::ffff:93.22.234.84 - - [29/Jun/2015:06:49:56 -0400] "GET /cs164s13/intellij-open-layout.png HTTP/1.1" 200 62968 "https://liucs.net/cs164s13/m2.html" "Mozilla/5.0 (X11; Linux x86_64) AppleWebKit/537.36 (KHTML, like Gecko) Chrome/43.0.2357.130 Safari/537.36"
::ffff:93.22.234.84 - - [29/Jun/2015:06:49:56 -0400] "GET /cs164s13/android-run.png HTTP/1.1" 200 4671 "https://liucs.net/cs164s13/m2.html" "Mozilla/5.0 (X11; Linux x86_64) AppleWebKit/537.36 (KHTML, like Gecko) Chrome/43.0.2357.130 Safari/537.36"
::ffff:93.22.234.84 - - [29/Jun/2015:06:49:57 -0400] "GET /cs164s13/intellij-create-android.png HTTP/1.1" 200 16375 "https://liucs.net/cs164s13/m2.html" "Mozilla/5.0 (X11; Linux x86_64) AppleWebKit/537.36 (KHTML, like Gecko) Chrome/43.0.2357.130 Safari/537.36"
::ffff:93.22.234.84 - - [29/Jun/2015:06:49:57 -0400] "GET /cs164s13/intellij-android-hello-result.png HTTP/1.1" 200 18293 "https://liucs.net/cs164s13/m2.html" "Mozilla/5.0 (X11; Linux x86_64) AppleWebKit/537.36 (KHTML, like Gecko) Chrome/43.0.2357.130 Safari/537.36"
::ffff:93.22.234.84 - - [29/Jun/2015:06:49:57 -0400] "GET /cs164s13/intellij-android-hello-text.png HTTP/1.1" 200 29752 "https://liucs.net/cs164s13/m2.html" "Mozilla/5.0 (X11; Linux x86_64) AppleWebKit/537.36 (KHTML, like Gecko) Chrome/43.0.2357.130 Safari/537.36"
::ffff:93.22.234.84 - - [29/Jun/2015:06:49:58 -0400] "GET /cs164s13/android-hello-chris.png HTTP/1.1" 200 5402 "https://liucs.net/cs164s13/m2.html" "Mozilla/5.0 (X11; Linux x86_64) AppleWebKit/537.36 (KHTML, like Gecko) Chrome/43.0.2357.130 Safari/537.36"
::ffff:93.22.234.84 - - [29/Jun/2015:06:49:58 -0400] "GET /cs164s13/intellij-git-unversioned.png HTTP/1.1" 200 13652 "https://liucs.net/cs164s13/m2.html" "Mozilla/5.0 (X11; Linux x86_64) AppleWebKit/537.36 (KHTML, like Gecko) Chrome/43.0.2357.130 Safari/537.36"
::ffff:93.22.234.84 - - [29/Jun/2015:06:49:58 -0400] "GET /cs164s13/intellij-changes-add.png HTTP/1.1" 200 20567 "https://liucs.net/cs164s13/m2.html" "Mozilla/5.0 (X11; Linux x86_64) AppleWebKit/537.36 (KHTML, like Gecko) Chrome/43.0.2357.130 Safari/537.36"
::ffff:93.22.234.84 - - [29/Jun/2015:06:49:58 -0400] "GET /cs164s13/intellij-android-commit.png HTTP/1.1" 200 56684 "https://liucs.net/cs164s13/m2.html" "Mozilla/5.0 (X11; Linux x86_64) AppleWebKit/537.36 (KHTML, like Gecko) Chrome/43.0.2357.130 Safari/537.36"
::ffff:93.22.234.84 - - [29/Jun/2015:06:49:58 -0400] "GET /cs164s13/intellij-commit-problems.png HTTP/1.1" 200 20152 "https://liucs.net/cs164s13/m2.html" "Mozilla/5.0 (X11; Linux x86_64) AppleWebKit/537.36 (KHTML, like Gecko) Chrome/43.0.2357.130 Safari/537.36"
::ffff:93.22.234.84 - - [29/Jun/2015:06:49:58 -0400] "GET /cs164s13/intellij-android-push.png HTTP/1.1" 200 68708 "https://liucs.net/cs164s13/m2.html" "Mozilla/5.0 (X11; Linux x86_64) AppleWebKit/537.36 (KHTML, like Gecko) Chrome/43.0.2357.130 Safari/537.36"
::ffff:93.22.234.84 - - [29/Jun/2015:06:49:59 -0400] "GET /cs164s13/intellij-new-host.png HTTP/1.1" 200 8048 "https://liucs.net/cs164s13/m2.html" "Mozilla/5.0 (X11; Linux x86_64) AppleWebKit/537.36 (KHTML, like Gecko) Chrome/43.0.2357.130 Safari/537.36"
::ffff:93.22.234.84 - - [29/Jun/2015:06:49:59 -0400] "GET /cs164s13/intellij-push-ok.png HTTP/1.1" 200 22500 "https://liucs.net/cs164s13/m2.html" "Mozilla/5.0 (X11; Linux x86_64) AppleWebKit/537.36 (KHTML, like Gecko) Chrome/43.0.2357.130 Safari/537.36"
::ffff:59.144.6.101 - - [29/Jun/2015:06:51:05 -0400] "GET /cs164s13/layout-canvas.html HTTP/1.1" 200 4183 "https://www.google.co.in/" "Mozilla/5.0 (Windows NT 6.1) AppleWebKit/537.36 (KHTML, like Gecko) Chrome/43.0.2357.130 Safari/537.36"
::ffff:59.144.6.101 - - [29/Jun/2015:06:51:06 -0400] "GET /assets/css/bootstrap-responsive.css HTTP/1.1" 200 20470 "https://liucs.net/cs164s13/layout-canvas.html" "Mozilla/5.0 (Windows NT 6.1) AppleWebKit/537.36 (KHTML, like Gecko) Chrome/43.0.2357.130 Safari/537.36"
::ffff:59.144.6.101 - - [29/Jun/2015:06:51:06 -0400] "GET /cs164s13/style.css HTTP/1.1" 200 1488 "https://liucs.net/cs164s13/layout-canvas.html" "Mozilla/5.0 (Windows NT 6.1) AppleWebKit/537.36 (KHTML, like Gecko) Chrome/43.0.2357.130 Safari/537.36"
::ffff:59.144.6.101 - - [29/Jun/2015:06:51:06 -0400] "GET /assets/js/bootstrap-dropdown.js HTTP/1.1" 200 3948 "https://liucs.net/cs164s13/layout-canvas.html" "Mozilla/5.0 (Windows NT 6.1) AppleWebKit/537.36 (KHTML, like Gecko) Chrome/43.0.2357.130 Safari/537.36"
::ffff:59.144.6.101 - - [29/Jun/2015:06:51:06 -0400] "GET /cs164s13/script.js HTTP/1.1" 200 332 "https://liucs.net/cs164s13/layout-canvas.html" "Mozilla/5.0 (Windows NT 6.1) AppleWebKit/537.36 (KHTML, like Gecko) Chrome/43.0.2357.130 Safari/537.36"
::ffff:59.144.6.101 - - [29/Jun/2015:06:51:07 -0400] "GET /assets/js/bootstrap-collapse.js HTTP/1.1" 200 4500 "https://liucs.net/cs164s13/layout-canvas.html" "Mozilla/5.0 (Windows NT 6.1) AppleWebKit/537.36 (KHTML, like Gecko) Chrome/43.0.2357.130 Safari/537.36"
::ffff:59.144.6.101 - - [29/Jun/2015:06:51:07 -0400] "GET /cs164s13/android-hello2.png HTTP/1.1" 200 19572 "https://liucs.net/cs164s13/layout-canvas.html" "Mozilla/5.0 (Windows NT 6.1) AppleWebKit/537.36 (KHTML, like Gecko) Chrome/43.0.2357.130 Safari/537.36"
::ffff:59.144.6.101 - - [29/Jun/2015:06:51:07 -0400] "GET /assets/css/bootstrap.css HTTP/1.1" 200 115072 "https://liucs.net/cs164s13/layout-canvas.html" "Mozilla/5.0 (Windows NT 6.1) AppleWebKit/537.36 (KHTML, like Gecko) Chrome/43.0.2357.130 Safari/537.36"
::ffff:59.144.6.101 - - [29/Jun/2015:06:51:07 -0400] "GET /assets/js/jquery.js HTTP/1.1" 200 94839 "https://liucs.net/cs164s13/layout-canvas.html" "Mozilla/5.0 (Windows NT 6.1) AppleWebKit/537.36 (KHTML, like Gecko) Chrome/43.0.2357.130 Safari/537.36"
::ffff:59.144.6.101 - - [29/Jun/2015:06:51:07 -0400] "GET /cs164s13/android-log.png HTTP/1.1" 200 58344 "https://liucs.net/cs164s13/layout-canvas.html" "Mozilla/5.0 (Windows NT 6.1) AppleWebKit/537.36 (KHTML, like Gecko) Chrome/43.0.2357.130 Safari/537.36"
::ffff:59.144.6.101 - - [29/Jun/2015:06:51:11 -0400] "GET /favicon.ico HTTP/1.1" 200 1150 "https://liucs.net/cs164s13/layout-canvas.html" "Mozilla/5.0 (Windows NT 6.1) AppleWebKit/537.36 (KHTML, like Gecko) Chrome/43.0.2357.130 Safari/537.36"
::ffff:180.76.15.139 - - [29/Jun/2015:06:53:58 -0400] "GET /cs101f11/schedule.html HTTP/1.1" 301 184 "-" "Mozilla/5.0 (compatible; Baiduspider/2.0; +http://www.baidu.com/search/spider.html)"
::ffff:180.76.15.138 - - [29/Jun/2015:06:53:59 -0400] "GET /cs101f11/schedule.html HTTP/1.1" 200 2469 "-" "Mozilla/5.0 (compatible; Baiduspider/2.0; +http://www.baidu.com/search/spider.html)"
::ffff:180.76.15.144 - - [29/Jun/2015:06:53:59 -0400] "GET /share/stylef11.css HTTP/1.1" 200 2935 "https://liucs.net/cs101f11/schedule.html" "Mozilla/5.0 (compatible; Baiduspider/2.0; +http://www.baidu.com/search/spider.html)"
::ffff:180.76.15.157 - - [29/Jun/2015:06:54:00 -0400] "GET /share/dates.js HTTP/1.1" 200 342 "https://liucs.net/cs101f11/schedule.html" "Mozilla/5.0 (compatible; Baiduspider/2.0; +http://www.baidu.com/search/spider.html)"
::ffff:180.76.15.138 - - [29/Jun/2015:06:54:00 -0400] "GET /share/grid10-60-20.css HTTP/1.1" 200 4723 "https://liucs.net/cs101f11/schedule.html" "Mozilla/5.0 (compatible; Baiduspider/2.0; +http://www.baidu.com/search/spider.html)"
::ffff:180.76.15.156 - - [29/Jun/2015:06:54:00 -0400] "GET /share/jquery.min.js HTTP/1.1" 200 79702 "https://liucs.net/cs101f11/schedule.html" "Mozilla/5.0 (compatible; Baiduspider/2.0; +http://www.baidu.com/search/spider.html)"
::ffff:141.8.143.187 - - [29/Jun/2015:06:54:16 -0400] "GET /cs102f13/ HTTP/1.1" 200 6660 "-" "Mozilla/5.0 (compatible; YandexBot/3.0; +http://yandex.com/bots)"
::ffff:66.249.67.37 - - [29/Jun/2015:06:55:25 -0400] "GET /cs101f13/n3-media.html HTTP/1.1" 200 10582 "-" "Mozilla/5.0 (compatible; Googlebot/2.1; +http://www.google.com/bot.html)"
::ffff:141.8.143.187 - - [29/Jun/2015:07:02:29 -0400] "GET /cs101f13/a10-ai.html HTTP/1.1" 200 3258 "-" "Mozilla/5.0 (compatible; YandexBot/3.0; +http://yandex.com/bots)"
::ffff:66.249.67.54 - - [29/Jun/2015:07:04:20 -0400] "GET /cs164s15/v/cs164-2015-03-18.html HTTP/1.1" 200 847 "-" "Mozilla/5.0 (compatible; Googlebot/2.1; +http://www.google.com/bot.html)"
::ffff:220.134.251.161 - - [29/Jun/2015:07:08:45 -0400] "GET /cs164s13/layout-canvas.html HTTP/1.1" 200 4183 "https://www.google.com.tw/" "Mozilla/5.0 (Windows NT 6.3; WOW64) AppleWebKit/537.36 (KHTML, like Gecko) Chrome/43.0.2357.130 Safari/537.36"
::ffff:220.134.251.161 - - [29/Jun/2015:07:08:46 -0400] "GET /assets/css/bootstrap-responsive.css HTTP/1.1" 200 20470 "https://liucs.net/cs164s13/layout-canvas.html" "Mozilla/5.0 (Windows NT 6.3; WOW64) AppleWebKit/537.36 (KHTML, like Gecko) Chrome/43.0.2357.130 Safari/537.36"
::ffff:220.134.251.161 - - [29/Jun/2015:07:08:46 -0400] "GET /cs164s13/style.css HTTP/1.1" 200 1488 "https://liucs.net/cs164s13/layout-canvas.html" "Mozilla/5.0 (Windows NT 6.3; WOW64) AppleWebKit/537.36 (KHTML, like Gecko) Chrome/43.0.2357.130 Safari/537.36"
::ffff:220.134.251.161 - - [29/Jun/2015:07:08:46 -0400] "GET /cs164s13/script.js HTTP/1.1" 200 332 "https://liucs.net/cs164s13/layout-canvas.html" "Mozilla/5.0 (Windows NT 6.3; WOW64) AppleWebKit/537.36 (KHTML, like Gecko) Chrome/43.0.2357.130 Safari/537.36"
::ffff:220.134.251.161 - - [29/Jun/2015:07:08:46 -0400] "GET /assets/js/bootstrap-dropdown.js HTTP/1.1" 200 3948 "https://liucs.net/cs164s13/layout-canvas.html" "Mozilla/5.0 (Windows NT 6.3; WOW64) AppleWebKit/537.36 (KHTML, like Gecko) Chrome/43.0.2357.130 Safari/537.36"
::ffff:220.134.251.161 - - [29/Jun/2015:07:08:46 -0400] "GET /assets/css/bootstrap.css HTTP/1.1" 200 115072 "https://liucs.net/cs164s13/layout-canvas.html" "Mozilla/5.0 (Windows NT 6.3; WOW64) AppleWebKit/537.36 (KHTML, like Gecko) Chrome/43.0.2357.130 Safari/537.36"
::ffff:220.134.251.161 - - [29/Jun/2015:07:08:46 -0400] "GET /assets/js/bootstrap-collapse.js HTTP/1.1" 200 4500 "https://liucs.net/cs164s13/layout-canvas.html" "Mozilla/5.0 (Windows NT 6.3; WOW64) AppleWebKit/537.36 (KHTML, like Gecko) Chrome/43.0.2357.130 Safari/537.36"
::ffff:220.134.251.161 - - [29/Jun/2015:07:08:46 -0400] "GET /cs164s13/android-hello2.png HTTP/1.1" 200 19572 "https://liucs.net/cs164s13/layout-canvas.html" "Mozilla/5.0 (Windows NT 6.3; WOW64) AppleWebKit/537.36 (KHTML, like Gecko) Chrome/43.0.2357.130 Safari/537.36"
::ffff:220.134.251.161 - - [29/Jun/2015:07:08:46 -0400] "GET /assets/js/jquery.js HTTP/1.1" 200 94839 "https://liucs.net/cs164s13/layout-canvas.html" "Mozilla/5.0 (Windows NT 6.3; WOW64) AppleWebKit/537.36 (KHTML, like Gecko) Chrome/43.0.2357.130 Safari/537.36"
::ffff:220.134.251.161 - - [29/Jun/2015:07:08:46 -0400] "GET /cs164s13/android-log.png HTTP/1.1" 200 58344 "https://liucs.net/cs164s13/layout-canvas.html" "Mozilla/5.0 (Windows NT 6.3; WOW64) AppleWebKit/537.36 (KHTML, like Gecko) Chrome/43.0.2357.130 Safari/537.36"
::ffff:220.134.251.161 - - [29/Jun/2015:07:08:47 -0400] "GET /favicon.ico HTTP/1.1" 200 1150 "https://liucs.net/cs164s13/layout-canvas.html" "Mozilla/5.0 (Windows NT 6.3; WOW64) AppleWebKit/537.36 (KHTML, like Gecko) Chrome/43.0.2357.130 Safari/537.36"
::ffff:180.76.15.152 - - [29/Jun/2015:07:09:01 -0400] "GET /cs120s15/v/cs120-2015-02-09.html HTTP/1.1" 301 184 "-" "Mozilla/5.0 (compatible; Baiduspider/2.0; +http://www.baidu.com/search/spider.html)"
::ffff:180.76.15.160 - - [29/Jun/2015:07:09:02 -0400] "GET /cs120s15/v/cs120-2015-02-09.html HTTP/1.1" 200 849 "-" "Mozilla/5.0 (compatible; Baiduspider/2.0; +http://www.baidu.com/search/spider.html)"
::ffff:180.76.15.151 - - [29/Jun/2015:07:09:02 -0400] "GET /assets/gen/f14/head.js HTTP/1.1" 200 18136 "https://liucs.net/cs120s15/v/cs120-2015-02-09.html" "Mozilla/5.0 (compatible; Baiduspider/2.0; +http://www.baidu.com/search/spider.html)"
::ffff:180.76.15.149 - - [29/Jun/2015:07:09:03 -0400] "GET /assets/gen/f14/script.js HTTP/1.1" 200 203656 "https://liucs.net/cs120s15/v/cs120-2015-02-09.html" "Mozilla/5.0 (compatible; Baiduspider/2.0; +http://www.baidu.com/search/spider.html)"
::ffff:180.76.15.148 - - [29/Jun/2015:07:09:03 -0400] "GET /assets/gen/f14/style.css HTTP/1.1" 200 134781 "https://liucs.net/cs120s15/v/cs120-2015-02-09.html" "Mozilla/5.0 (compatible; Baiduspider/2.0; +http://www.baidu.com/search/spider.html)"
::ffff:113.161.72.97 - - [29/Jun/2015:07:09:12 -0400] "GET /cs164s13/layout-canvas.html HTTP/1.1" 200 4183 "https://www.google.com/" "Mozilla/5.0 (Windows NT 6.1; WOW64) AppleWebKit/537.36 (KHTML, like Gecko) Chrome/43.0.2357.130 Safari/537.36"
::ffff:113.161.72.97 - - [29/Jun/2015:07:09:13 -0400] "GET /assets/css/bootstrap-responsive.css HTTP/1.1" 200 20470 "https://liucs.net/cs164s13/layout-canvas.html" "Mozilla/5.0 (Windows NT 6.1; WOW64) AppleWebKit/537.36 (KHTML, like Gecko) Chrome/43.0.2357.130 Safari/537.36"
::ffff:101.99.31.242 - - [29/Jun/2015:07:09:13 -0400] "GET /cs164s13/style.css HTTP/1.1" 200 1488 "https://liucs.net/cs164s13/layout-canvas.html" "Mozilla/5.0 (Windows NT 6.1; WOW64) AppleWebKit/537.36 (KHTML, like Gecko) Chrome/43.0.2357.130 Safari/537.36"
::ffff:113.161.72.97 - - [29/Jun/2015:07:09:13 -0400] "GET /assets/css/bootstrap.css HTTP/1.1" 200 115072 "https://liucs.net/cs164s13/layout-canvas.html" "Mozilla/5.0 (Windows NT 6.1; WOW64) AppleWebKit/537.36 (KHTML, like Gecko) Chrome/43.0.2357.130 Safari/537.36"
::ffff:113.161.72.97 - - [29/Jun/2015:07:09:13 -0400] "GET /cs164s13/script.js HTTP/1.1" 200 332 "https://liucs.net/cs164s13/layout-canvas.html" "Mozilla/5.0 (Windows NT 6.1; WOW64) AppleWebKit/537.36 (KHTML, like Gecko) Chrome/43.0.2357.130 Safari/537.36"
::ffff:113.161.72.97 - - [29/Jun/2015:07:09:13 -0400] "GET /assets/js/bootstrap-dropdown.js HTTP/1.1" 200 3948 "https://liucs.net/cs164s13/layout-canvas.html" "Mozilla/5.0 (Windows NT 6.1; WOW64) AppleWebKit/537.36 (KHTML, like Gecko) Chrome/43.0.2357.130 Safari/537.36"
::ffff:101.99.31.242 - - [29/Jun/2015:07:09:13 -0400] "GET /assets/js/bootstrap-collapse.js HTTP/1.1" 200 4500 "https://liucs.net/cs164s13/layout-canvas.html" "Mozilla/5.0 (Windows NT 6.1; WOW64) AppleWebKit/537.36 (KHTML, like Gecko) Chrome/43.0.2357.130 Safari/537.36"
::ffff:113.161.72.97 - - [29/Jun/2015:07:09:13 -0400] "GET /cs164s13/android-hello2.png HTTP/1.1" 200 19572 "https://liucs.net/cs164s13/layout-canvas.html" "Mozilla/5.0 (Windows NT 6.1; WOW64) AppleWebKit/537.36 (KHTML, like Gecko) Chrome/43.0.2357.130 Safari/537.36"
::ffff:101.99.31.242 - - [29/Jun/2015:07:09:13 -0400] "GET /assets/js/jquery.js HTTP/1.1" 200 94839 "https://liucs.net/cs164s13/layout-canvas.html" "Mozilla/5.0 (Windows NT 6.1; WOW64) AppleWebKit/537.36 (KHTML, like Gecko) Chrome/43.0.2357.130 Safari/537.36"
::ffff:113.161.72.97 - - [29/Jun/2015:07:09:13 -0400] "GET /cs164s13/android-log.png HTTP/1.1" 200 58344 "https://liucs.net/cs164s13/layout-canvas.html" "Mozilla/5.0 (Windows NT 6.1; WOW64) AppleWebKit/537.36 (KHTML, like Gecko) Chrome/43.0.2357.130 Safari/537.36"
::ffff:113.161.72.97 - - [29/Jun/2015:07:09:14 -0400] "GET /favicon.ico HTTP/1.1" 200 1150 "https://liucs.net/cs164s13/layout-canvas.html" "Mozilla/5.0 (Windows NT 6.1; WOW64) AppleWebKit/537.36 (KHTML, like Gecko) Chrome/43.0.2357.130 Safari/537.36"
::ffff:141.8.143.187 - - [29/Jun/2015:07:10:43 -0400] "GET /cs164s13/setup-mac.html HTTP/1.1" 200 5002 "-" "Mozilla/5.0 (compatible; YandexBot/3.0; +http://yandex.com/bots)"
::ffff:62.171.194.40 - - [29/Jun/2015:07:16:49 -0400] "GET /cs164s13/rocket-animation.gif HTTP/1.1" 200 27806 "https://www.google.co.uk/blank.html" "Mozilla/5.0 (compatible; MSIE 9.0; Windows NT 6.1; Trident/5.0)"
::ffff:62.171.194.40 - - [29/Jun/2015:07:16:51 -0400] "GET /cs164s13/animate.html HTTP/1.1" 200 3710 "https://www.google.co.uk/url?sa=i&rct=j&q=&esrc=s&frm=1&source=images&cd=&ved=0CAcQjRw&url=https%3A%2F%2Fliucs.net%2Fcs164s13%2Fanimate.html&ei=ICmRVbGFD46s7AbJ5IPQDw&bvm=bv.96783405,d.bGg&psig=AFQjCNEBOMjkMuWZEcG1XU4HOy4iz6lwzg&ust=1435662882824186" "Mozilla/5.0 (compatible; MSIE 9.0; Windows NT 6.1; Trident/5.0)"
::ffff:62.171.194.40 - - [29/Jun/2015:07:16:51 -0400] "GET /assets/js/bootstrap-dropdown.js HTTP/1.1" 200 3948 "https://liucs.net/cs164s13/animate.html" "Mozilla/5.0 (compatible; MSIE 9.0; Windows NT 6.1; Trident/5.0)"
::ffff:62.171.194.40 - - [29/Jun/2015:07:16:51 -0400] "GET /assets/css/bootstrap-responsive.css HTTP/1.1" 200 20470 "https://liucs.net/cs164s13/animate.html" "Mozilla/5.0 (compatible; MSIE 9.0; Windows NT 6.1; Trident/5.0)"
::ffff:62.171.194.40 - - [29/Jun/2015:07:16:52 -0400] "GET /assets/js/bootstrap-collapse.js HTTP/1.1" 200 4500 "https://liucs.net/cs164s13/animate.html" "Mozilla/5.0 (compatible; MSIE 9.0; Windows NT 6.1; Trident/5.0)"
::ffff:62.171.194.40 - - [29/Jun/2015:07:16:52 -0400] "GET /cs164s13/script.js HTTP/1.1" 200 332 "https://liucs.net/cs164s13/animate.html" "Mozilla/5.0 (compatible; MSIE 9.0; Windows NT 6.1; Trident/5.0)"
::ffff:62.171.194.40 - - [29/Jun/2015:07:16:52 -0400] "GET /assets/css/bootstrap.css HTTP/1.1" 200 115072 "https://liucs.net/cs164s13/animate.html" "Mozilla/5.0 (compatible; MSIE 9.0; Windows NT 6.1; Trident/5.0)"
::ffff:62.171.194.40 - - [29/Jun/2015:07:16:52 -0400] "GET /cs164s13/style.css HTTP/1.1" 200 1488 "https://liucs.net/cs164s13/animate.html" "Mozilla/5.0 (compatible; MSIE 9.0; Windows NT 6.1; Trident/5.0)"
::ffff:62.171.194.40 - - [29/Jun/2015:07:16:54 -0400] "GET /assets/img/glyphicons-halflings.png HTTP/1.1" 200 12799 "https://liucs.net/cs164s13/animate.html" "Mozilla/5.0 (compatible; MSIE 9.0; Windows NT 6.1; Trident/5.0)"
::ffff:62.171.194.40 - - [29/Jun/2015:07:17:04 -0400] "GET /cs164s13/rocket-animation.gif HTTP/1.1" 206 11662 "https://www.google.co.uk/blank.html" "Mozilla/5.0 (compatible; MSIE 9.0; Windows NT 6.1; Trident/5.0)"
::ffff:141.8.143.187 - - [29/Jun/2015:07:18:56 -0400] "GET /cs102f14/p05.html HTTP/1.1" 200 2603 "-" "Mozilla/5.0 (compatible; YandexBot/3.0; +http://yandex.com/bots)"
::ffff:66.249.67.44 - - [29/Jun/2015:07:24:58 -0400] "GET /cs164s13/x86android.html HTTP/1.1" 200 5489 "-" "Mozilla/5.0 (compatible; Googlebot/2.1; +http://www.google.com/bot.html)"
::ffff:141.8.143.187 - - [29/Jun/2015:07:27:10 -0400] "GET /cs101s13/python-intro.html HTTP/1.1" 200 5376 "-" "Mozilla/5.0 (compatible; YandexBot/3.0; +http://yandex.com/bots)"
::ffff:141.8.143.187 - - [29/Jun/2015:07:35:24 -0400] "GET /cs101s13/q3.html HTTP/1.1" 200 2316 "-" "Mozilla/5.0 (compatible; YandexBot/3.0; +http://yandex.com/bots)"
::ffff:141.8.143.187 - - [29/Jun/2015:07:43:37 -0400] "GET /cs101s13/scheduling-soln.html HTTP/1.1" 200 2300 "-" "Mozilla/5.0 (compatible; YandexBot/3.0; +http://yandex.com/bots)"
::ffff:66.249.67.54 - - [29/Jun/2015:07:44:31 -0400] "GET /cs101s13/python-cond.html HTTP/1.1" 200 4792 "-" "Mozilla/5.0 (compatible; Googlebot/2.1; +http://www.google.com/bot.html)"
::ffff:66.249.67.44 - - [29/Jun/2015:07:48:39 -0400] "GET /cs164s12/m6.html HTTP/1.1" 200 9407 "-" "Mozilla/5.0 (compatible; Googlebot/2.1; +http://www.google.com/bot.html)"
::ffff:199.21.99.198 - - [29/Jun/2015:07:51:51 -0400] "GET /cs164s13/m4.pdf HTTP/1.1" 200 86434 "-" "Mozilla/5.0 (compatible; YandexBot/3.0; +http://yandex.com/bots)"
::ffff:66.249.67.54 - - [29/Jun/2015:08:07:44 -0400] "GET /cs101s15/lang-taxonomy.png HTTP/1.1" 200 15400 "-" "Googlebot-Image/1.0"
::ffff:66.249.67.44 - - [29/Jun/2015:08:07:50 -0400] "GET /cs101f13/n5-n4k1.png HTTP/1.1" 200 1387 "-" "Googlebot-Image/1.0"
::ffff:66.249.67.44 - - [29/Jun/2015:08:07:51 -0400] "GET /cs101f13/sort-graph.png HTTP/1.1" 200 27020 "-" "Googlebot-Image/1.0"
::ffff:66.249.67.37 - - [29/Jun/2015:08:07:54 -0400] "GET /cs101f13/n5-n3k4.png HTTP/1.1" 200 2985 "-" "Googlebot-Image/1.0"
::ffff:66.249.67.37 - - [29/Jun/2015:08:16:41 -0400] "GET /cs164s15/v/cs164-2015-03-16.html HTTP/1.1" 200 849 "-" "Mozilla/5.0 (compatible; Googlebot/2.1; +http://www.google.com/bot.html)"
::ffff:141.8.143.187 - - [29/Jun/2015:08:21:43 -0400] "GET /cs101f12/q4.pdf HTTP/1.1" 200 27204 "-" "Mozilla/5.0 (compatible; YandexBot/3.0; +http://yandex.com/bots)"
::ffff:66.249.67.37 - - [29/Jun/2015:08:27:02 -0400] "GET /cs101f13/n8-os.html HTTP/1.1" 200 3771 "-" "Mozilla/5.0 (compatible; Googlebot/2.1; +http://www.google.com/bot.html)"
::ffff:66.249.67.44 - - [29/Jun/2015:08:36:13 -0400] "GET /cs101f13/n5-n1k24.png HTTP/1.1" 200 5774 "-" "Googlebot-Image/1.0"
::ffff:66.249.67.44 - - [29/Jun/2015:08:37:14 -0400] "GET /cs101s14/a1-alt-binary.html HTTP/1.1" 200 4581 "-" "Mozilla/5.0 (compatible; Googlebot/2.1; +http://www.google.com/bot.html)"
::ffff:91.103.38.8 - - [29/Jun/2015:08:44:09 -0400] "GET /cs164s13/drawables.html HTTP/1.1" 200 4308 "https://www.google.dk/" "Mozilla/5.0 (Windows NT 6.3; WOW64) AppleWebKit/537.36 (KHTML, like Gecko) Chrome/43.0.2357.130 Safari/537.36"
::ffff:91.103.38.8 - - [29/Jun/2015:08:44:10 -0400] "GET /assets/css/bootstrap-responsive.css HTTP/1.1" 200 20470 "https://liucs.net/cs164s13/drawables.html" "Mozilla/5.0 (Windows NT 6.3; WOW64) AppleWebKit/537.36 (KHTML, like Gecko) Chrome/43.0.2357.130 Safari/537.36"
::ffff:91.103.38.8 - - [29/Jun/2015:08:44:11 -0400] "GET /cs164s13/style.css HTTP/1.1" 200 1488 "https://liucs.net/cs164s13/drawables.html" "Mozilla/5.0 (Windows NT 6.3; WOW64) AppleWebKit/537.36 (KHTML, like Gecko) Chrome/43.0.2357.130 Safari/537.36"
::ffff:91.103.38.8 - - [29/Jun/2015:08:44:11 -0400] "GET /assets/css/bootstrap.css HTTP/1.1" 200 115072 "https://liucs.net/cs164s13/drawables.html" "Mozilla/5.0 (Windows NT 6.3; WOW64) AppleWebKit/537.36 (KHTML, like Gecko) Chrome/43.0.2357.130 Safari/537.36"
::ffff:91.103.38.8 - - [29/Jun/2015:08:44:11 -0400] "GET /assets/js/bootstrap-dropdown.js HTTP/1.1" 200 3948 "https://liucs.net/cs164s13/drawables.html" "Mozilla/5.0 (Windows NT 6.3; WOW64) AppleWebKit/537.36 (KHTML, like Gecko) Chrome/43.0.2357.130 Safari/537.36"
::ffff:91.103.38.8 - - [29/Jun/2015:08:44:11 -0400] "GET /cs164s13/script.js HTTP/1.1" 200 332 "https://liucs.net/cs164s13/drawables.html" "Mozilla/5.0 (Windows NT 6.3; WOW64) AppleWebKit/537.36 (KHTML, like Gecko) Chrome/43.0.2357.130 Safari/537.36"
::ffff:91.103.38.8 - - [29/Jun/2015:08:44:11 -0400] "GET /assets/js/bootstrap-collapse.js HTTP/1.1" 200 4500 "https://liucs.net/cs164s13/drawables.html" "Mozilla/5.0 (Windows NT 6.3; WOW64) AppleWebKit/537.36 (KHTML, like Gecko) Chrome/43.0.2357.130 Safari/537.36"
::ffff:91.103.38.8 - - [29/Jun/2015:08:44:11 -0400] "GET /cs164s13/resource-tree.png HTTP/1.1" 200 5022 "https://liucs.net/cs164s13/drawables.html" "Mozilla/5.0 (Windows NT 6.3; WOW64) AppleWebKit/537.36 (KHTML, like Gecko) Chrome/43.0.2357.130 Safari/537.36"
::ffff:91.103.38.8 - - [29/Jun/2015:08:44:12 -0400] "GET /cs164s13/cat.jpg HTTP/1.1" 200 18557 "https://liucs.net/cs164s13/drawables.html" "Mozilla/5.0 (Windows NT 6.3; WOW64) AppleWebKit/537.36 (KHTML, like Gecko) Chrome/43.0.2357.130 Safari/537.36"
::ffff:91.103.38.8 - - [29/Jun/2015:08:44:12 -0400] "GET /assets/js/jquery.js HTTP/1.1" 200 94839 "https://liucs.net/cs164s13/drawables.html" "Mozilla/5.0 (Windows NT 6.3; WOW64) AppleWebKit/537.36 (KHTML, like Gecko) Chrome/43.0.2357.130 Safari/537.36"
::ffff:91.103.38.8 - - [29/Jun/2015:08:44:12 -0400] "GET /cs164s13/angry-cat.mp4 HTTP/1.1" 206 214290 "https://liucs.net/cs164s13/drawables.html" "Mozilla/5.0 (Windows NT 6.3; WOW64) AppleWebKit/537.36 (KHTML, like Gecko) Chrome/43.0.2357.130 Safari/537.36"
::ffff:91.103.38.8 - - [29/Jun/2015:08:44:12 -0400] "GET /cs164s13/intellij-cat.png HTTP/1.1" 200 73623 "https://liucs.net/cs164s13/drawables.html" "Mozilla/5.0 (Windows NT 6.3; WOW64) AppleWebKit/537.36 (KHTML, like Gecko) Chrome/43.0.2357.130 Safari/537.36"
::ffff:91.103.38.8 - - [29/Jun/2015:08:44:12 -0400] "GET /cs164s13/layout-cat.png HTTP/1.1" 200 64266 "https://liucs.net/cs164s13/drawables.html" "Mozilla/5.0 (Windows NT 6.3; WOW64) AppleWebKit/537.36 (KHTML, like Gecko) Chrome/43.0.2357.130 Safari/537.36"
::ffff:91.103.38.8 - - [29/Jun/2015:08:44:12 -0400] "GET /cs164s13/imageview-src.png HTTP/1.1" 200 69262 "https://liucs.net/cs164s13/drawables.html" "Mozilla/5.0 (Windows NT 6.3; WOW64) AppleWebKit/537.36 (KHTML, like Gecko) Chrome/43.0.2357.130 Safari/537.36"
::ffff:91.103.38.8 - - [29/Jun/2015:08:44:12 -0400] "GET /cs164s13/surly_cat.jpg HTTP/1.1" 200 49934 "https://liucs.net/cs164s13/drawables.html" "Mozilla/5.0 (Windows NT 6.3; WOW64) AppleWebKit/537.36 (KHTML, like Gecko) Chrome/43.0.2357.130 Safari/537.36"
::ffff:91.103.38.8 - - [29/Jun/2015:08:44:13 -0400] "GET /cs164s13/lion.jpg HTTP/1.1" 200 28179 "https://liucs.net/cs164s13/drawables.html" "Mozilla/5.0 (Windows NT 6.3; WOW64) AppleWebKit/537.36 (KHTML, like Gecko) Chrome/43.0.2357.130 Safari/537.36"
::ffff:91.103.38.8 - - [29/Jun/2015:08:44:13 -0400] "GET /cs164s13/catview-class.png HTTP/1.1" 200 6198 "https://liucs.net/cs164s13/drawables.html" "Mozilla/5.0 (Windows NT 6.3; WOW64) AppleWebKit/537.36 (KHTML, like Gecko) Chrome/43.0.2357.130 Safari/537.36"
::ffff:91.103.38.8 - - [29/Jun/2015:08:44:13 -0400] "GET /cs164s13/intellij-custom-view.png HTTP/1.1" 200 5347 "https://liucs.net/cs164s13/drawables.html" "Mozilla/5.0 (Windows NT 6.3; WOW64) AppleWebKit/537.36 (KHTML, like Gecko) Chrome/43.0.2357.130 Safari/537.36"
::ffff:91.103.38.8 - - [29/Jun/2015:08:44:13 -0400] "GET /favicon.ico HTTP/1.1" 200 1150 "https://liucs.net/cs164s13/drawables.html" "Mozilla/5.0 (Windows NT 6.3; WOW64) AppleWebKit/537.36 (KHTML, like Gecko) Chrome/43.0.2357.130 Safari/537.36"
::ffff:66.249.67.44 - - [29/Jun/2015:08:47:38 -0400] "GET /cs164s13/news0221.html HTTP/1.1" 200 2208 "-" "Mozilla/5.0 (compatible; Googlebot/2.1; +http://www.google.com/bot.html)"
::ffff:66.249.67.9 - - [29/Jun/2015:08:57:22 -0400] "GET /cs101s13/ HTTP/1.1" 301 184 "-" "Mozilla/5.0 (compatible; Googlebot/2.1; +http://www.google.com/bot.html)"
::ffff:66.249.67.44 - - [29/Jun/2015:08:57:23 -0400] "GET /cs101s13/ HTTP/1.1" 200 6118 "-" "Mozilla/5.0 (compatible; Googlebot/2.1; +http://www.google.com/bot.html)"
::ffff:66.249.67.44 - - [29/Jun/2015:09:05:12 -0400] "GET /cs101s14/q6.sol.pdf HTTP/1.1" 200 33663 "-" "Mozilla/5.0 (compatible; Googlebot/2.1; +http://www.google.com/bot.html)"
::ffff:66.249.67.54 - - [29/Jun/2015:09:08:00 -0400] "GET /cs101f13/n5-n4k4.png HTTP/1.1" 200 2214 "-" "Googlebot-Image/1.0"
::ffff:121.244.131.73 - - [29/Jun/2015:09:14:39 -0400] "GET /cs164s13/layout-canvas.html HTTP/1.1" 200 4183 "https://www.google.co.in/" "Mozilla/5.0 (Windows NT 6.1; WOW64) AppleWebKit/537.36 (KHTML, like Gecko) Chrome/43.0.2357.130 Safari/537.36"
::ffff:121.244.131.73 - - [29/Jun/2015:09:14:40 -0400] "GET /assets/css/bootstrap.css HTTP/1.1" 200 115072 "https://liucs.net/cs164s13/layout-canvas.html" "Mozilla/5.0 (Windows NT 6.1; WOW64) AppleWebKit/537.36 (KHTML, like Gecko) Chrome/43.0.2357.130 Safari/537.36"
::ffff:121.244.131.73 - - [29/Jun/2015:09:14:40 -0400] "GET /assets/css/bootstrap-responsive.css HTTP/1.1" 200 20470 "https://liucs.net/cs164s13/layout-canvas.html" "Mozilla/5.0 (Windows NT 6.1; WOW64) AppleWebKit/537.36 (KHTML, like Gecko) Chrome/43.0.2357.130 Safari/537.36"
::ffff:121.244.131.73 - - [29/Jun/2015:09:14:40 -0400] "GET /cs164s13/style.css HTTP/1.1" 200 1488 "https://liucs.net/cs164s13/layout-canvas.html" "Mozilla/5.0 (Windows NT 6.1; WOW64) AppleWebKit/537.36 (KHTML, like Gecko) Chrome/43.0.2357.130 Safari/537.36"
::ffff:121.244.131.73 - - [29/Jun/2015:09:14:40 -0400] "GET /cs164s13/script.js HTTP/1.1" 200 332 "https://liucs.net/cs164s13/layout-canvas.html" "Mozilla/5.0 (Windows NT 6.1; WOW64) AppleWebKit/537.36 (KHTML, like Gecko) Chrome/43.0.2357.130 Safari/537.36"
::ffff:121.244.131.73 - - [29/Jun/2015:09:14:40 -0400] "GET /assets/js/bootstrap-dropdown.js HTTP/1.1" 200 3948 "https://liucs.net/cs164s13/layout-canvas.html" "Mozilla/5.0 (Windows NT 6.1; WOW64) AppleWebKit/537.36 (KHTML, like Gecko) Chrome/43.0.2357.130 Safari/537.36"
::ffff:121.244.131.73 - - [29/Jun/2015:09:14:40 -0400] "GET /assets/js/bootstrap-collapse.js HTTP/1.1" 200 4500 "https://liucs.net/cs164s13/layout-canvas.html" "Mozilla/5.0 (Windows NT 6.1; WOW64) AppleWebKit/537.36 (KHTML, like Gecko) Chrome/43.0.2357.130 Safari/537.36"
::ffff:121.244.131.73 - - [29/Jun/2015:09:14:40 -0400] "GET /cs164s13/android-hello2.png HTTP/1.1" 200 19572 "https://liucs.net/cs164s13/layout-canvas.html" "Mozilla/5.0 (Windows NT 6.1; WOW64) AppleWebKit/537.36 (KHTML, like Gecko) Chrome/43.0.2357.130 Safari/537.36"
::ffff:121.244.131.73 - - [29/Jun/2015:09:14:40 -0400] "GET /assets/js/jquery.js HTTP/1.1" 200 94839 "https://liucs.net/cs164s13/layout-canvas.html" "Mozilla/5.0 (Windows NT 6.1; WOW64) AppleWebKit/537.36 (KHTML, like Gecko) Chrome/43.0.2357.130 Safari/537.36"
::ffff:121.244.131.73 - - [29/Jun/2015:09:14:40 -0400] "GET /cs164s13/android-log.png HTTP/1.1" 200 58344 "https://liucs.net/cs164s13/layout-canvas.html" "Mozilla/5.0 (Windows NT 6.1; WOW64) AppleWebKit/537.36 (KHTML, like Gecko) Chrome/43.0.2357.130 Safari/537.36"
::ffff:121.244.131.73 - - [29/Jun/2015:09:14:41 -0400] "GET /favicon.ico HTTP/1.1" 200 1150 "https://liucs.net/cs164s13/layout-canvas.html" "Mozilla/5.0 (Windows NT 6.1; WOW64) AppleWebKit/537.36 (KHTML, like Gecko) Chrome/43.0.2357.130 Safari/537.36"
::ffff:66.249.67.54 - - [29/Jun/2015:09:16:14 -0400] "GET /cs164s11/notes03.pdf HTTP/1.1" 200 19253 "-" "Mozilla/5.0 (compatible; Googlebot/2.1; +http://www.google.com/bot.html)"
::ffff:116.72.159.146 - - [29/Jun/2015:09:23:59 -0400] "GET /cs164s13/rocket-animation.gif HTTP/1.1" 200 27806 "https://www.google.co.in/" "Mozilla/5.0 (Windows NT 6.3; WOW64) AppleWebKit/537.36 (KHTML, like Gecko) Chrome/43.0.2357.130 Safari/537.36"
::ffff:66.249.92.62 - - [29/Jun/2015:09:24:09 -0400] "GET /cs150s12/schedule.ics HTTP/1.1" 301 184 "-" "Google-Calendar-Importer"
::ffff:66.249.92.19 - - [29/Jun/2015:09:24:10 -0400] "GET /cs150s12/schedule.ics HTTP/1.1" 200 2354 "-" "Google-Calendar-Importer"
::ffff:66.249.67.37 - - [29/Jun/2015:09:26:01 -0400] "GET /cs101s15/n8-os.html HTTP/1.1" 200 4083 "-" "Mozilla/5.0 (compatible; Googlebot/2.1; +http://www.google.com/bot.html)"
::ffff:66.249.67.37 - - [29/Jun/2015:09:39:48 -0400] "GET /cs101f13/n5-n2k12.png HTTP/1.1" 200 4419 "-" "Googlebot-Image/1.0"
::ffff:66.249.67.54 - - [29/Jun/2015:09:53:10 -0400] "GET /cs101f12/1105.html HTTP/1.1" 200 1881 "-" "Mozilla/5.0 (compatible; Googlebot/2.1; +http://www.google.com/bot.html)"
::ffff:171.33.196.131 - - [29/Jun/2015:10:03:57 -0400] "GET /cs101s13/python-quiz-example.png HTTP/1.1" 200 121842 "https://www.google.co.uk/" "Mozilla/5.0 (Windows NT 6.1) AppleWebKit/537.36 (KHTML, like Gecko) Chrome/43.0.2357.130 Safari/537.36"
::ffff:166.171.184.198 - - [29/Jun/2015:10:06:16 -0400] "GET /cs101s15/ HTTP/1.1" 200 7471 "https://liucs.net/" "Mozilla/5.0 (Linux; Android 4.4.4; en-us; SAMSUNG-SM-G870A Build/KTU84P) AppleWebKit/537.36 (KHTML, like Gecko) Version/1.6 Chrome/28.0.1500.94 Mobile Safari/537.36"
::ffff:166.171.184.198 - - [29/Jun/2015:10:06:16 -0400] "GET /cs101s15/safezone-sm.png HTTP/1.1" 200 28175 "https://liucs.net/cs101s15/" "Mozilla/5.0 (Linux; Android 4.4.4; en-us; SAMSUNG-SM-G870A Build/KTU84P) AppleWebKit/537.36 (KHTML, like Gecko) Version/1.6 Chrome/28.0.1500.94 Mobile Safari/537.36"
::ffff:66.249.67.54 - - [29/Jun/2015:10:11:11 -0400] "GET /cs101s15/langpop14.png HTTP/1.1" 200 82097 "-" "Googlebot-Image/1.0"
::ffff:24.188.137.196 - - [29/Jun/2015:10:17:21 -0400] "GET /cs101f12/a03.html HTTP/1.1" 200 2108 "-" "Mozilla/5.0 (Macintosh; Intel Mac OS X 10_10_2) AppleWebKit/600.3.18 (KHTML, like Gecko) Version/8.0.3 Safari/600.3.18"
::ffff:24.188.137.196 - - [29/Jun/2015:10:17:21 -0400] "GET /favicon.ico HTTP/1.1" 200 1150 "https://liucs.net/cs101f12/a03.html" "Mozilla/5.0 (Macintosh; Intel Mac OS X 10_10_2) AppleWebKit/600.3.18 (KHTML, like Gecko) Version/8.0.3 Safari/600.3.18"
::ffff:24.188.137.196 - - [29/Jun/2015:10:17:21 -0400] "GET /cs101f12/a03.html HTTP/1.1" 200 2108 "-" "Mozilla/5.0 (iPhone; CPU iPhone OS 8_1 like Mac OS X) AppleWebKit/600.1.4 (KHTML, like Gecko) Version/8.0 Mobile/12B410 Safari/600.1.4"
::ffff:66.249.67.37 - - [29/Jun/2015:10:20:13 -0400] "GET /cs101s15/n1-binary.pdf HTTP/1.1" 200 220795 "-" "Mozilla/5.0 (compatible; Googlebot/2.1; +http://www.google.com/bot.html)"
::ffff:66.249.67.44 - - [29/Jun/2015:10:24:44 -0400] "GET /cs102f14/notes0929.html HTTP/1.1" 200 4103 "-" "Mozilla/5.0 (compatible; Googlebot/2.1; +http://www.google.com/bot.html)"
::ffff:66.249.67.54 - - [29/Jun/2015:10:33:49 -0400] "GET /cs101s14/cs101s14.pdf HTTP/1.1" 200 63525 "-" "Mozilla/5.0 (compatible; Googlebot/2.1; +http://www.google.com/bot.html)"
::ffff:66.249.67.44 - - [29/Jun/2015:10:41:58 -0400] "GET /cs101s15/n2-text.html HTTP/1.1" 200 8072 "-" "Mozilla/5.0 (compatible; Googlebot/2.1; +http://www.google.com/bot.html)"
::ffff:66.249.67.37 - - [29/Jun/2015:10:43:01 -0400] "GET /cs101s15/infix-tree.jpg HTTP/1.1" 200 101879 "-" "Googlebot-Image/1.0"
::ffff:66.249.82.154 - - [29/Jun/2015:10:45:45 -0400] "GET /cs101f13/positional-base10.png HTTP/1.1" 200 15531 "-" "Mozilla/5.0 (Windows NT 5.1; rv:11.0) Gecko Firefox/11.0 (via ggpht.com GoogleImageProxy)"
::ffff:5.149.215.116 - - [29/Jun/2015:10:51:42 -0400] "GET /cs164s13/drawable-array.html HTTP/1.1" 200 5007 "https://www.google.com/" "Mozilla/5.0 (X11; Linux i686 (x86_64)) AppleWebKit/537.36 (KHTML, like Gecko) Chrome/43.0.2357.125 Safari/537.36"
::ffff:5.149.215.116 - - [29/Jun/2015:10:51:43 -0400] "GET /assets/css/bootstrap-responsive.css HTTP/1.1" 200 20470 "https://liucs.net/cs164s13/drawable-array.html" "Mozilla/5.0 (X11; Linux i686 (x86_64)) AppleWebKit/537.36 (KHTML, like Gecko) Chrome/43.0.2357.125 Safari/537.36"
::ffff:5.149.215.116 - - [29/Jun/2015:10:51:44 -0400] "GET /cs164s13/style.css HTTP/1.1" 200 1488 "https://liucs.net/cs164s13/drawable-array.html" "Mozilla/5.0 (X11; Linux i686 (x86_64)) AppleWebKit/537.36 (KHTML, like Gecko) Chrome/43.0.2357.125 Safari/537.36"
::ffff:5.149.215.116 - - [29/Jun/2015:10:51:44 -0400] "GET /cs164s13/script.js HTTP/1.1" 200 332 "https://liucs.net/cs164s13/drawable-array.html" "Mozilla/5.0 (X11; Linux i686 (x86_64)) AppleWebKit/537.36 (KHTML, like Gecko) Chrome/43.0.2357.125 Safari/537.36"
::ffff:5.149.215.116 - - [29/Jun/2015:10:51:44 -0400] "GET /assets/js/bootstrap-dropdown.js HTTP/1.1" 200 3948 "https://liucs.net/cs164s13/drawable-array.html" "Mozilla/5.0 (X11; Linux i686 (x86_64)) AppleWebKit/537.36 (KHTML, like Gecko) Chrome/43.0.2357.125 Safari/537.36"
::ffff:5.149.215.116 - - [29/Jun/2015:10:51:44 -0400] "GET /assets/js/bootstrap-collapse.js HTTP/1.1" 200 4500 "https://liucs.net/cs164s13/drawable-array.html" "Mozilla/5.0 (X11; Linux i686 (x86_64)) AppleWebKit/537.36 (KHTML, like Gecko) Chrome/43.0.2357.125 Safari/537.36"
::ffff:5.149.215.116 - - [29/Jun/2015:10:51:44 -0400] "GET /assets/js/jquery.js HTTP/1.1" 200 94839 "https://liucs.net/cs164s13/drawable-array.html" "Mozilla/5.0 (X11; Linux i686 (x86_64)) AppleWebKit/537.36 (KHTML, like Gecko) Chrome/43.0.2357.125 Safari/537.36"
::ffff:5.149.215.116 - - [29/Jun/2015:10:51:44 -0400] "GET /assets/css/bootstrap.css HTTP/1.1" 200 115072 "https://liucs.net/cs164s13/drawable-array.html" "Mozilla/5.0 (X11; Linux i686 (x86_64)) AppleWebKit/537.36 (KHTML, like Gecko) Chrome/43.0.2357.125 Safari/537.36"
::ffff:5.149.215.116 - - [29/Jun/2015:10:51:46 -0400] "GET /favicon.ico HTTP/1.1" 200 1150 "https://liucs.net/cs164s13/drawable-array.html" "Mozilla/5.0 (X11; Linux i686 (x86_64)) AppleWebKit/537.36 (KHTML, like Gecko) Chrome/43.0.2357.125 Safari/537.36"
::ffff:66.249.67.54 - - [29/Jun/2015:10:52:44 -0400] "GET /cs101s14/n3-media.html HTTP/1.1" 200 10993 "-" "Mozilla/5.0 (compatible; Googlebot/2.1; +http://www.google.com/bot.html)"
