2001:1388:b47:abf:e118:8f44:5a21:bdfb - - [29/Jun/2015:10:59:45 -0400] "GET /cs101f13/positional-base5.png HTTP/1.1" 200 16923 "http://misrutasdelaprendizaje.blogspot.com/search?updated-min=2015-01-01T00:00:00-08:00&updated-max=2016-01-01T00:00:00-08:00&max-results=13" "Mozilla/5.0 (Windows NT 6.1) AppleWebKit/537.36 (KHTML, like Gecko) Chrome/43.0.2357.130 Safari/537.36"
::ffff:66.249.67.44 - - [29/Jun/2015:11:03:59 -0400] "GET /cs164s13/drawable-array.html HTTP/1.1" 200 5007 "-" "Mozilla/5.0 (compatible; Googlebot/2.1; +http://www.google.com/bot.html)"
::ffff:130.134.105.201 - - [29/Jun/2015:11:08:32 -0400] "GET /cs164s14/android-hello-preview.png HTTP/1.1" 200 34270 "http://www.chiefdelphi.com/forums/showthread.php?p=1485190" "Mozilla/5.0 (Windows NT 6.1; WOW64) AppleWebKit/537.36 (KHTML, like Gecko) Chrome/43.0.2357.130 Safari/537.36"
::ffff:66.249.67.54 - - [29/Jun/2015:11:12:48 -0400] "GET /cs101f11/requirements.html HTTP/1.1" 200 4010 "-" "Mozilla/5.0 (compatible; Googlebot/2.1; +http://www.google.com/bot.html)"
::ffff:66.249.67.37 - - [29/Jun/2015:11:14:50 -0400] "GET /cs101s15/family-example.jpg HTTP/1.1" 200 55888 "-" "Googlebot-Image/1.0"
::ffff:66.249.67.54 - - [29/Jun/2015:11:15:04 -0400] "GET /cs101f11/a06.html HTTP/1.1" 200 1221 "-" "Mozilla/5.0 (compatible; Googlebot/2.1; +http://www.google.com/bot.html)"
::ffff:100.43.90.9 - - [29/Jun/2015:11:24:41 -0400] "GET /cs120s15/v/cs120-2015-02-09.html HTTP/1.1" 200 849 "-" "Mozilla/5.0 (compatible; YandexBot/3.0; +http://yandex.com/bots)"
::ffff:100.43.90.9 - - [29/Jun/2015:11:25:05 -0400] "GET /cs164s13/m5.html HTTP/1.1" 200 2223 "-" "Mozilla/5.0 (compatible; YandexBot/3.0; +http://yandex.com/bots)"
::ffff:64.129.157.38 - - [29/Jun/2015:11:26:46 -0400] "GET /cs164s14/android-hello-preview.png HTTP/1.1" 200 34270 "http://www.chiefdelphi.com/forums/showthread.php?t=136365&page=4" "Mozilla/5.0 (Windows NT 6.1; WOW64) AppleWebKit/537.36 (KHTML, like Gecko) Chrome/43.0.2357.130 Safari/537.36"
::ffff:198.245.51.90 - - [29/Jun/2015:11:34:53 -0400] "GET /cs101f14/checkins.html HTTP/1.1" 200 9826 "-" "Mozilla/5.0 (compatible; MJ12bot/v1.4.5; http://www.majestic12.co.uk/bot.php?+)"
::ffff:198.245.51.90 - - [29/Jun/2015:11:34:57 -0400] "GET /cs102f14/n9.html HTTP/1.1" 404 142 "-" "Mozilla/5.0 (compatible; MJ12bot/v1.4.5; http://www.majestic12.co.uk/bot.php?+)"
::ffff:66.249.67.44 - - [29/Jun/2015:11:36:01 -0400] "GET /cs101s15/n7-python.pdf HTTP/1.1" 200 1307289 "-" "Mozilla/5.0 (compatible; Googlebot/2.1; +http://www.google.com/bot.html)"
::ffff:66.249.67.54 - - [29/Jun/2015:11:43:56 -0400] "GET /cs101f13/n1-binary.html HTTP/1.1" 200 6550 "-" "Mozilla/5.0 (compatible; Googlebot/2.1; +http://www.google.com/bot.html)"
::ffff:66.249.67.44 - - [29/Jun/2015:11:46:08 -0400] "GET /cs101s15/racket-calc-18.png HTTP/1.1" 200 38474 "-" "Googlebot-Image/1.0"
::ffff:180.76.15.156 - - [29/Jun/2015:11:51:49 -0400] "GET /cs101s13/sql.html HTTP/1.1" 301 184 "-" "Mozilla/5.0 (compatible; Baiduspider/2.0; +http://www.baidu.com/search/spider.html)"
::ffff:180.76.15.137 - - [29/Jun/2015:11:51:50 -0400] "GET /cs101s13/sql.html HTTP/1.1" 200 3159 "-" "Mozilla/5.0 (compatible; Baiduspider/2.0; +http://www.baidu.com/search/spider.html)"
::ffff:180.76.15.137 - - [29/Jun/2015:11:51:50 -0400] "GET /assets/js/bootstrap-dropdown.js HTTP/1.1" 200 3948 "https://liucs.net/cs101s13/sql.html" "Mozilla/5.0 (compatible; Baiduspider/2.0; +http://www.baidu.com/search/spider.html)"
::ffff:180.76.15.137 - - [29/Jun/2015:11:51:50 -0400] "GET /assets/js/bootstrap-collapse.js HTTP/1.1" 200 4500 "https://liucs.net/cs101s13/sql.html" "Mozilla/5.0 (compatible; Baiduspider/2.0; +http://www.baidu.com/search/spider.html)"
::ffff:180.76.15.136 - - [29/Jun/2015:11:51:50 -0400] "GET /cs101s13/style.css HTTP/1.1" 200 1488 "https://liucs.net/cs101s13/sql.html" "Mozilla/5.0 (compatible; Baiduspider/2.0; +http://www.baidu.com/search/spider.html)"
::ffff:180.76.15.155 - - [29/Jun/2015:11:51:50 -0400] "GET /assets/css/bootstrap-responsive.css HTTP/1.1" 200 20470 "https://liucs.net/cs101s13/sql.html" "Mozilla/5.0 (compatible; Baiduspider/2.0; +http://www.baidu.com/search/spider.html)"
::ffff:180.76.15.139 - - [29/Jun/2015:11:51:50 -0400] "GET /cs101s13/script.js HTTP/1.1" 200 332 "https://liucs.net/cs101s13/sql.html" "Mozilla/5.0 (compatible; Baiduspider/2.0; +http://www.baidu.com/search/spider.html)"
::ffff:180.76.15.159 - - [29/Jun/2015:11:51:51 -0400] "GET /assets/css/bootstrap.css HTTP/1.1" 200 115072 "https://liucs.net/cs101s13/sql.html" "Mozilla/5.0 (compatible; Baiduspider/2.0; +http://www.baidu.com/search/spider.html)"
::ffff:180.76.15.141 - - [29/Jun/2015:11:51:51 -0400] "GET /assets/js/jquery.js HTTP/1.1" 200 94839 "https://liucs.net/cs101s13/sql.html" "Mozilla/5.0 (compatible; Baiduspider/2.0; +http://www.baidu.com/search/spider.html)"
::ffff:66.249.67.44 - - [29/Jun/2015:11:52:20 -0400] "GET /cs164s13/animate.html HTTP/1.1" 200 3710 "-" "Mozilla/5.0 (compatible; Googlebot/2.1; +http://www.google.com/bot.html)"
::ffff:59.182.40.126 - - [29/Jun/2015:12:05:38 -0400] "GET /cs164s13/layout-canvas.html HTTP/1.1" 200 4183 "https://www.google.co.in/" "Mozilla/5.0 (Windows NT 6.1; WOW64) AppleWebKit/537.36 (KHTML, like Gecko) Chrome/43.0.2357.130 Safari/537.36"
::ffff:59.182.40.126 - - [29/Jun/2015:12:05:39 -0400] "GET /assets/css/bootstrap-responsive.css HTTP/1.1" 200 20470 "https://liucs.net/cs164s13/layout-canvas.html" "Mozilla/5.0 (Windows NT 6.1; WOW64) AppleWebKit/537.36 (KHTML, like Gecko) Chrome/43.0.2357.130 Safari/537.36"
::ffff:59.182.40.126 - - [29/Jun/2015:12:05:39 -0400] "GET /cs164s13/style.css HTTP/1.1" 200 1488 "https://liucs.net/cs164s13/layout-canvas.html" "Mozilla/5.0 (Windows NT 6.1; WOW64) AppleWebKit/537.36 (KHTML, like Gecko) Chrome/43.0.2357.130 Safari/537.36"
::ffff:59.182.40.126 - - [29/Jun/2015:12:05:39 -0400] "GET /cs164s13/script.js HTTP/1.1" 200 332 "https://liucs.net/cs164s13/layout-canvas.html" "Mozilla/5.0 (Windows NT 6.1; WOW64) AppleWebKit/537.36 (KHTML, like Gecko) Chrome/43.0.2357.130 Safari/537.36"
::ffff:59.182.40.126 - - [29/Jun/2015:12:05:39 -0400] "GET /assets/js/bootstrap-dropdown.js HTTP/1.1" 200 3948 "https://liucs.net/cs164s13/layout-canvas.html" "Mozilla/5.0 (Windows NT 6.1; WOW64) AppleWebKit/537.36 (KHTML, like Gecko) Chrome/43.0.2357.130 Safari/537.36"
::ffff:59.182.40.126 - - [29/Jun/2015:12:05:40 -0400] "GET /assets/js/bootstrap-collapse.js HTTP/1.1" 200 4500 "https://liucs.net/cs164s13/layout-canvas.html" "Mozilla/5.0 (Windows NT 6.1; WOW64) AppleWebKit/537.36 (KHTML, like Gecko) Chrome/43.0.2357.130 Safari/537.36"
::ffff:59.182.40.126 - - [29/Jun/2015:12:05:40 -0400] "GET /cs164s13/android-hello2.png HTTP/1.1" 200 19572 "https://liucs.net/cs164s13/layout-canvas.html" "Mozilla/5.0 (Windows NT 6.1; WOW64) AppleWebKit/537.36 (KHTML, like Gecko) Chrome/43.0.2357.130 Safari/537.36"
::ffff:59.182.40.126 - - [29/Jun/2015:12:05:40 -0400] "GET /assets/css/bootstrap.css HTTP/1.1" 200 115072 "https://liucs.net/cs164s13/layout-canvas.html" "Mozilla/5.0 (Windows NT 6.1; WOW64) AppleWebKit/537.36 (KHTML, like Gecko) Chrome/43.0.2357.130 Safari/537.36"
::ffff:59.182.40.126 - - [29/Jun/2015:12:05:41 -0400] "GET /cs164s13/android-log.png HTTP/1.1" 200 58344 "https://liucs.net/cs164s13/layout-canvas.html" "Mozilla/5.0 (Windows NT 6.1; WOW64) AppleWebKit/537.36 (KHTML, like Gecko) Chrome/43.0.2357.130 Safari/537.36"
::ffff:59.182.40.126 - - [29/Jun/2015:12:05:42 -0400] "GET /assets/js/jquery.js HTTP/1.1" 200 94839 "https://liucs.net/cs164s13/layout-canvas.html" "Mozilla/5.0 (Windows NT 6.1; WOW64) AppleWebKit/537.36 (KHTML, like Gecko) Chrome/43.0.2357.130 Safari/537.36"
::ffff:59.182.40.126 - - [29/Jun/2015:12:05:45 -0400] "GET /favicon.ico HTTP/1.1" 200 1150 "https://liucs.net/cs164s13/layout-canvas.html" "Mozilla/5.0 (Windows NT 6.1; WOW64) AppleWebKit/537.36 (KHTML, like Gecko) Chrome/43.0.2357.130 Safari/537.36"
::ffff:66.249.67.37 - - [29/Jun/2015:12:13:09 -0400] "GET /cs162f12/a04.html HTTP/1.1" 200 5436 "-" "Mozilla/5.0 (compatible; Googlebot/2.1; +http://www.google.com/bot.html)"
::ffff:66.249.67.44 - - [29/Jun/2015:12:22:33 -0400] "GET /cs101f12/1105.html HTTP/1.1" 200 1881 "-" "Mozilla/5.0 (compatible; Googlebot/2.1; +http://www.google.com/bot.html)"
::ffff:72.22.219.5 - - [29/Jun/2015:12:28:03 -0400] "GET /cs164s14/handler.html HTTP/1.1" 200 3098 "https://www.google.com/" "Mozilla/5.0 (X11; Linux x86_64) AppleWebKit/537.36 (KHTML, like Gecko) Chrome/43.0.2357.130 Safari/537.36"
::ffff:72.22.219.5 - - [29/Jun/2015:12:28:04 -0400] "GET /assets/gen/s14/head.js HTTP/1.1" 200 18136 "https://liucs.net/cs164s14/handler.html" "Mozilla/5.0 (X11; Linux x86_64) AppleWebKit/537.36 (KHTML, like Gecko) Chrome/43.0.2357.130 Safari/537.36"
::ffff:72.22.219.5 - - [29/Jun/2015:12:28:04 -0400] "GET /assets/gen/s14/style.css HTTP/1.1" 200 99414 "https://liucs.net/cs164s14/handler.html" "Mozilla/5.0 (X11; Linux x86_64) AppleWebKit/537.36 (KHTML, like Gecko) Chrome/43.0.2357.130 Safari/537.36"
::ffff:72.22.219.5 - - [29/Jun/2015:12:28:04 -0400] "GET /assets/gen/s14/script.js HTTP/1.1" 200 183727 "https://liucs.net/cs164s14/handler.html" "Mozilla/5.0 (X11; Linux x86_64) AppleWebKit/537.36 (KHTML, like Gecko) Chrome/43.0.2357.130 Safari/537.36"
::ffff:72.22.219.5 - - [29/Jun/2015:12:28:04 -0400] "GET /favicon.ico HTTP/1.1" 200 1150 "https://liucs.net/cs164s14/handler.html" "Mozilla/5.0 (X11; Linux x86_64) AppleWebKit/537.36 (KHTML, like Gecko) Chrome/43.0.2357.130 Safari/537.36"
::ffff:66.249.67.58 - - [29/Jun/2015:12:32:32 -0400] "GET /cs101f12/1105.html HTTP/1.1" 301 184 "-" "Mozilla/5.0 (compatible; Googlebot/2.1; +http://www.google.com/bot.html)"
::ffff:66.249.67.37 - - [29/Jun/2015:12:33:04 -0400] "GET /cs101f13/n1-binary.html HTTP/1.1" 200 6550 "-" "Mozilla/5.0 (iPhone; CPU iPhone OS 6_0 like Mac OS X) AppleWebKit/536.26 (KHTML, like Gecko) Version/6.0 Mobile/10A5376e Safari/8536.25 (compatible; Googlebot/2.1; +http://www.google.com/bot.html)"
::ffff:180.76.15.150 - - [29/Jun/2015:12:42:57 -0400] "GET /cs101s13/python-intro.html HTTP/1.1" 301 184 "-" "Mozilla/5.0 (compatible; Baiduspider/2.0; +http://www.baidu.com/search/spider.html)"
::ffff:180.76.15.147 - - [29/Jun/2015:12:42:59 -0400] "GET /cs101s13/python-intro.html HTTP/1.1" 200 5376 "-" "Mozilla/5.0 (compatible; Baiduspider/2.0; +http://www.baidu.com/search/spider.html)"
::ffff:180.76.15.147 - - [29/Jun/2015:12:43:01 -0400] "GET /assets/js/bootstrap-dropdown.js HTTP/1.1" 200 3948 "https://liucs.net/cs101s13/python-intro.html" "Mozilla/5.0 (compatible; Baiduspider/2.0; +http://www.baidu.com/search/spider.html)"
::ffff:180.76.15.147 - - [29/Jun/2015:12:43:01 -0400] "GET /assets/js/bootstrap-collapse.js HTTP/1.1" 200 4500 "https://liucs.net/cs101s13/python-intro.html" "Mozilla/5.0 (compatible; Baiduspider/2.0; +http://www.baidu.com/search/spider.html)"
::ffff:180.76.15.146 - - [29/Jun/2015:12:43:01 -0400] "GET /assets/css/bootstrap-responsive.css HTTP/1.1" 200 20470 "https://liucs.net/cs101s13/python-intro.html" "Mozilla/5.0 (compatible; Baiduspider/2.0; +http://www.baidu.com/search/spider.html)"
::ffff:180.76.15.152 - - [29/Jun/2015:12:43:01 -0400] "GET /cs101s13/script.js HTTP/1.1" 200 332 "https://liucs.net/cs101s13/python-intro.html" "Mozilla/5.0 (compatible; Baiduspider/2.0; +http://www.baidu.com/search/spider.html)"
::ffff:180.76.15.138 - - [29/Jun/2015:12:43:01 -0400] "GET /cs101s13/style.css HTTP/1.1" 200 1488 "https://liucs.net/cs101s13/python-intro.html" "Mozilla/5.0 (compatible; Baiduspider/2.0; +http://www.baidu.com/search/spider.html)"
::ffff:180.76.15.134 - - [29/Jun/2015:12:43:02 -0400] "GET /assets/js/jquery.js HTTP/1.1" 200 94839 "https://liucs.net/cs101s13/python-intro.html" "Mozilla/5.0 (compatible; Baiduspider/2.0; +http://www.baidu.com/search/spider.html)"
::ffff:180.76.15.161 - - [29/Jun/2015:12:43:02 -0400] "GET /assets/css/bootstrap.css HTTP/1.1" 200 115072 "https://liucs.net/cs101s13/python-intro.html" "Mozilla/5.0 (compatible; Baiduspider/2.0; +http://www.baidu.com/search/spider.html)"
::ffff:66.249.67.44 - - [29/Jun/2015:12:51:47 -0400] "GET /cs164s13/drawables.html HTTP/1.1" 200 4308 "-" "Mozilla/5.0 (compatible; Googlebot/2.1; +http://www.google.com/bot.html)"
::ffff:66.249.67.37 - - [29/Jun/2015:12:52:18 -0400] "GET /cs102f13/non-virtual.html HTTP/1.1" 200 5337 "-" "Mozilla/5.0 (compatible; Googlebot/2.1; +http://www.google.com/bot.html)"
::ffff:100.43.90.9 - - [29/Jun/2015:13:07:44 -0400] "GET /cs101f12/a07.html HTTP/1.1" 200 2821 "-" "Mozilla/5.0 (compatible; YandexBot/3.0; +http://yandex.com/bots)"
::ffff:186.30.145.60 - - [29/Jun/2015:13:14:01 -0400] "GET /cs101f13/positional-base5.png HTTP/1.1" 200 16923 "https://www.google.com.co/" "Mozilla/5.0 (Windows NT 6.1) AppleWebKit/537.36 (KHTML, like Gecko) Chrome/35.0.1916.153 Safari/537.36"
::ffff:66.249.67.54 - - [29/Jun/2015:13:14:51 -0400] "GET /cs101s14/a4-logic.html HTTP/1.1" 200 3297 "-" "Mozilla/5.0 (iPhone; CPU iPhone OS 6_0 like Mac OS X) AppleWebKit/536.26 (KHTML, like Gecko) Version/6.0 Mobile/10A5376e Safari/8536.25 (compatible; Googlebot/2.1; +http://www.google.com/bot.html)"
::ffff:141.8.143.187 - - [29/Jun/2015:13:22:26 -0400] "GET /cs101s14/python-downloads-33.png HTTP/1.1" 301 184 "-" "Mozilla/5.0 (compatible; YandexImages/3.0; +http://yandex.com/bots)"
::ffff:106.205.115.165 - - [29/Jun/2015:13:22:35 -0400] "GET /cs101s15/a6-web.html HTTP/1.1" 200 3391 "https://www.google.co.in/" "Mozilla/5.0 (Windows NT 6.3; WOW64) AppleWebKit/537.36 (KHTML, like Gecko) Chrome/43.0.2357.130 Safari/537.36"
::ffff:106.205.115.165 - - [29/Jun/2015:13:22:35 -0400] "GET /assets/gen/f14/head.js HTTP/1.1" 200 18136 "https://liucs.net/cs101s15/a6-web.html" "Mozilla/5.0 (Windows NT 6.3; WOW64) AppleWebKit/537.36 (KHTML, like Gecko) Chrome/43.0.2357.130 Safari/537.36"
::ffff:106.205.115.165 - - [29/Jun/2015:13:22:36 -0400] "GET /assets/gen/f14/style.css HTTP/1.1" 200 134781 "https://liucs.net/cs101s15/a6-web.html" "Mozilla/5.0 (Windows NT 6.3; WOW64) AppleWebKit/537.36 (KHTML, like Gecko) Chrome/43.0.2357.130 Safari/537.36"
::ffff:106.205.115.165 - - [29/Jun/2015:13:22:36 -0400] "GET /cs101s15/winscp-login.png HTTP/1.1" 200 42943 "https://liucs.net/cs101s15/a6-web.html" "Mozilla/5.0 (Windows NT 6.3; WOW64) AppleWebKit/537.36 (KHTML, like Gecko) Chrome/43.0.2357.130 Safari/537.36"
::ffff:106.205.115.165 - - [29/Jun/2015:13:22:37 -0400] "GET /assets/gen/f14/script.js HTTP/1.1" 200 203656 "https://liucs.net/cs101s15/a6-web.html" "Mozilla/5.0 (Windows NT 6.3; WOW64) AppleWebKit/537.36 (KHTML, like Gecko) Chrome/43.0.2357.130 Safari/537.36"
::ffff:106.205.115.165 - - [29/Jun/2015:13:22:37 -0400] "GET /assets/img/page_white_acrobat.png HTTP/1.1" 200 707 "https://liucs.net/cs101s15/a6-web.html" "Mozilla/5.0 (Windows NT 6.3; WOW64) AppleWebKit/537.36 (KHTML, like Gecko) Chrome/43.0.2357.130 Safari/537.36"
::ffff:106.205.115.165 - - [29/Jun/2015:13:22:37 -0400] "GET /cs101s15/winscp-www.png HTTP/1.1" 200 166356 "https://liucs.net/cs101s15/a6-web.html" "Mozilla/5.0 (Windows NT 6.3; WOW64) AppleWebKit/537.36 (KHTML, like Gecko) Chrome/43.0.2357.130 Safari/537.36"
::ffff:106.205.115.165 - - [29/Jun/2015:13:22:38 -0400] "GET /favicon.ico HTTP/1.1" 200 1150 "https://liucs.net/cs101s15/a6-web.html" "Mozilla/5.0 (Windows NT 6.3; WOW64) AppleWebKit/537.36 (KHTML, like Gecko) Chrome/43.0.2357.130 Safari/537.36"
::ffff:66.249.67.54 - - [29/Jun/2015:13:23:24 -0400] "GET /cs101s14/a4-logic.html HTTP/1.1" 200 3297 "-" "Mozilla/5.0 (compatible; Googlebot/2.1; +http://www.google.com/bot.html)"
::ffff:180.76.15.135 - - [29/Jun/2015:13:27:51 -0400] "GET /cs120s15/schedule.html HTTP/1.1" 301 184 "-" "Mozilla/5.0 (compatible; Baiduspider/2.0; +http://www.baidu.com/search/spider.html)"
::ffff:180.76.15.163 - - [29/Jun/2015:13:27:51 -0400] "GET /cs120s15/schedule.html HTTP/1.1" 200 3441 "-" "Mozilla/5.0 (compatible; Baiduspider/2.0; +http://www.baidu.com/search/spider.html)"
::ffff:180.76.15.159 - - [29/Jun/2015:13:27:58 -0400] "GET /assets/gen/f14/head.js HTTP/1.1" 200 18136 "https://liucs.net/cs120s15/schedule.html" "Mozilla/5.0 (compatible; Baiduspider/2.0; +http://www.baidu.com/search/spider.html)"
::ffff:180.76.15.163 - - [29/Jun/2015:13:27:58 -0400] "GET /assets/gen/f14/style.css HTTP/1.1" 200 134781 "https://liucs.net/cs120s15/schedule.html" "Mozilla/5.0 (compatible; Baiduspider/2.0; +http://www.baidu.com/search/spider.html)"
::ffff:180.76.15.141 - - [29/Jun/2015:13:27:59 -0400] "GET /assets/gen/f14/script.js HTTP/1.1" 200 203656 "https://liucs.net/cs120s15/schedule.html" "Mozilla/5.0 (compatible; Baiduspider/2.0; +http://www.baidu.com/search/spider.html)"
::ffff:66.249.67.54 - - [29/Jun/2015:13:36:17 -0400] "GET /cs164s15/ HTTP/1.1" 200 6868 "-" "Mozilla/5.0 (iPhone; CPU iPhone OS 6_0 like Mac OS X) AppleWebKit/536.26 (KHTML, like Gecko) Version/6.0 Mobile/10A5376e Safari/8536.25 (compatible; Googlebot/2.1; +http://www.google.com/bot.html)"
::ffff:220.134.251.161 - - [29/Jun/2015:13:51:18 -0400] "GET /cs164s13/layout-canvas.html HTTP/1.1" 200 4183 "https://www.google.com.tw/" "Mozilla/5.0 (Windows NT 6.3; WOW64) AppleWebKit/537.36 (KHTML, like Gecko) Chrome/43.0.2357.130 Safari/537.36"
::ffff:220.134.251.161 - - [29/Jun/2015:13:51:18 -0400] "GET /assets/css/bootstrap-responsive.css HTTP/1.1" 200 20470 "https://liucs.net/cs164s13/layout-canvas.html" "Mozilla/5.0 (Windows NT 6.3; WOW64) AppleWebKit/537.36 (KHTML, like Gecko) Chrome/43.0.2357.130 Safari/537.36"
::ffff:220.134.251.161 - - [29/Jun/2015:13:51:19 -0400] "GET /cs164s13/style.css HTTP/1.1" 200 1488 "https://liucs.net/cs164s13/layout-canvas.html" "Mozilla/5.0 (Windows NT 6.3; WOW64) AppleWebKit/537.36 (KHTML, like Gecko) Chrome/43.0.2357.130 Safari/537.36"
::ffff:220.134.251.161 - - [29/Jun/2015:13:51:19 -0400] "GET /cs164s13/script.js HTTP/1.1" 200 332 "https://liucs.net/cs164s13/layout-canvas.html" "Mozilla/5.0 (Windows NT 6.3; WOW64) AppleWebKit/537.36 (KHTML, like Gecko) Chrome/43.0.2357.130 Safari/537.36"
::ffff:220.134.251.161 - - [29/Jun/2015:13:51:19 -0400] "GET /assets/css/bootstrap.css HTTP/1.1" 200 115072 "https://liucs.net/cs164s13/layout-canvas.html" "Mozilla/5.0 (Windows NT 6.3; WOW64) AppleWebKit/537.36 (KHTML, like Gecko) Chrome/43.0.2357.130 Safari/537.36"
::ffff:220.134.251.161 - - [29/Jun/2015:13:51:19 -0400] "GET /cs164s13/android-hello2.png HTTP/1.1" 200 19572 "https://liucs.net/cs164s13/layout-canvas.html" "Mozilla/5.0 (Windows NT 6.3; WOW64) AppleWebKit/537.36 (KHTML, like Gecko) Chrome/43.0.2357.130 Safari/537.36"
::ffff:220.134.251.161 - - [29/Jun/2015:13:51:19 -0400] "GET /assets/js/jquery.js HTTP/1.1" 200 94839 "https://liucs.net/cs164s13/layout-canvas.html" "Mozilla/5.0 (Windows NT 6.3; WOW64) AppleWebKit/537.36 (KHTML, like Gecko) Chrome/43.0.2357.130 Safari/537.36"
::ffff:220.134.251.161 - - [29/Jun/2015:13:51:19 -0400] "GET /cs164s13/android-log.png HTTP/1.1" 200 58344 "https://liucs.net/cs164s13/layout-canvas.html" "Mozilla/5.0 (Windows NT 6.3; WOW64) AppleWebKit/537.36 (KHTML, like Gecko) Chrome/43.0.2357.130 Safari/537.36"
::ffff:66.249.67.37 - - [29/Jun/2015:13:53:55 -0400] "GET /cs164s13/absolute.html HTTP/1.1" 200 3540 "-" "Mozilla/5.0 (compatible; Googlebot/2.1; +http://www.google.com/bot.html)"
::ffff:201.183.3.80 - - [29/Jun/2015:13:55:30 -0400] "GET /cs164s14/intent-extras.html HTTP/1.1" 200 5144 "https://www.google.com.ec/" "Mozilla/5.0 (Windows NT 6.1) AppleWebKit/537.36 (KHTML, like Gecko) Chrome/43.0.2357.130 Safari/537.36"
::ffff:201.183.3.80 - - [29/Jun/2015:13:55:31 -0400] "GET /assets/gen/s14/head.js HTTP/1.1" 200 18136 "https://liucs.net/cs164s14/intent-extras.html" "Mozilla/5.0 (Windows NT 6.1) AppleWebKit/537.36 (KHTML, like Gecko) Chrome/43.0.2357.130 Safari/537.36"
::ffff:201.183.3.80 - - [29/Jun/2015:13:55:32 -0400] "GET /assets/gen/s14/style.css HTTP/1.1" 200 99414 "https://liucs.net/cs164s14/intent-extras.html" "Mozilla/5.0 (Windows NT 6.1) AppleWebKit/537.36 (KHTML, like Gecko) Chrome/43.0.2357.130 Safari/537.36"
::ffff:201.183.3.80 - - [29/Jun/2015:13:55:32 -0400] "GET /assets/gen/s14/script.js HTTP/1.1" 200 183727 "https://liucs.net/cs164s14/intent-extras.html" "Mozilla/5.0 (Windows NT 6.1) AppleWebKit/537.36 (KHTML, like Gecko) Chrome/43.0.2357.130 Safari/537.36"
::ffff:201.183.3.80 - - [29/Jun/2015:13:55:32 -0400] "GET /cs164s14/intent-extras.png HTTP/1.1" 200 84709 "https://liucs.net/cs164s14/intent-extras.html" "Mozilla/5.0 (Windows NT 6.1) AppleWebKit/537.36 (KHTML, like Gecko) Chrome/43.0.2357.130 Safari/537.36"
::ffff:201.183.3.80 - - [29/Jun/2015:13:55:39 -0400] "GET /favicon.ico HTTP/1.1" 200 1150 "https://liucs.net/cs164s14/intent-extras.html" "Mozilla/5.0 (Windows NT 6.1) AppleWebKit/537.36 (KHTML, like Gecko) Chrome/43.0.2357.130 Safari/537.36"
::ffff:66.249.67.54 - - [29/Jun/2015:14:07:34 -0400] "GET /cs101s13/heximage.html HTTP/1.1" 200 718 "-" "Mozilla/5.0 (compatible; Googlebot/2.1; +http://www.google.com/bot.html)"
::ffff:70.170.88.20 - - [29/Jun/2015:14:07:49 -0400] "GET /cs164s13/rocket-animation.gif HTTP/1.1" 200 27806 "-" "Mozilla/5.0 (iPhone; CPU iPhone OS 7_1_2 like Mac OS X) AppleWebKit/537.51.2 (KHTML, like Gecko) GSA/5.5.50480 Mobile/11D257 Safari/9537.53"
::ffff:194.255.185.50 - - [29/Jun/2015:14:11:35 -0400] "GET /cs164s13/layout-canvas.html HTTP/1.1" 200 4183 "https://www.google.dk/" "Mozilla/5.0 (Windows NT 6.3; WOW64) AppleWebKit/537.36 (KHTML, like Gecko) Chrome/43.0.2357.130 Safari/537.36"
::ffff:194.255.185.50 - - [29/Jun/2015:14:11:35 -0400] "GET /assets/css/bootstrap-responsive.css HTTP/1.1" 200 20470 "https://liucs.net/cs164s13/layout-canvas.html" "Mozilla/5.0 (Windows NT 6.3; WOW64) AppleWebKit/537.36 (KHTML, like Gecko) Chrome/43.0.2357.130 Safari/537.36"
::ffff:194.255.185.50 - - [29/Jun/2015:14:11:35 -0400] "GET /assets/css/bootstrap.css HTTP/1.1" 200 115072 "https://liucs.net/cs164s13/layout-canvas.html" "Mozilla/5.0 (Windows NT 6.3; WOW64) AppleWebKit/537.36 (KHTML, like Gecko) Chrome/43.0.2357.130 Safari/537.36"
::ffff:194.255.185.50 - - [29/Jun/2015:14:11:35 -0400] "GET /cs164s13/style.css HTTP/1.1" 200 1488 "https://liucs.net/cs164s13/layout-canvas.html" "Mozilla/5.0 (Windows NT 6.3; WOW64) AppleWebKit/537.36 (KHTML, like Gecko) Chrome/43.0.2357.130 Safari/537.36"
::ffff:194.255.185.50 - - [29/Jun/2015:14:11:36 -0400] "GET /assets/js/bootstrap-dropdown.js HTTP/1.1" 200 3948 "https://liucs.net/cs164s13/layout-canvas.html" "Mozilla/5.0 (Windows NT 6.3; WOW64) AppleWebKit/537.36 (KHTML, like Gecko) Chrome/43.0.2357.130 Safari/537.36"
::ffff:194.255.185.50 - - [29/Jun/2015:14:11:36 -0400] "GET /cs164s13/script.js HTTP/1.1" 200 332 "https://liucs.net/cs164s13/layout-canvas.html" "Mozilla/5.0 (Windows NT 6.3; WOW64) AppleWebKit/537.36 (KHTML, like Gecko) Chrome/43.0.2357.130 Safari/537.36"
::ffff:194.255.185.50 - - [29/Jun/2015:14:11:36 -0400] "GET /assets/js/bootstrap-collapse.js HTTP/1.1" 200 4500 "https://liucs.net/cs164s13/layout-canvas.html" "Mozilla/5.0 (Windows NT 6.3; WOW64) AppleWebKit/537.36 (KHTML, like Gecko) Chrome/43.0.2357.130 Safari/537.36"
::ffff:194.255.185.50 - - [29/Jun/2015:14:11:36 -0400] "GET /cs164s13/android-hello2.png HTTP/1.1" 200 19572 "https://liucs.net/cs164s13/layout-canvas.html" "Mozilla/5.0 (Windows NT 6.3; WOW64) AppleWebKit/537.36 (KHTML, like Gecko) Chrome/43.0.2357.130 Safari/537.36"
::ffff:194.255.185.50 - - [29/Jun/2015:14:11:36 -0400] "GET /assets/js/jquery.js HTTP/1.1" 200 94839 "https://liucs.net/cs164s13/layout-canvas.html" "Mozilla/5.0 (Windows NT 6.3; WOW64) AppleWebKit/537.36 (KHTML, like Gecko) Chrome/43.0.2357.130 Safari/537.36"
::ffff:194.255.185.50 - - [29/Jun/2015:14:11:36 -0400] "GET /cs164s13/android-log.png HTTP/1.1" 200 58344 "https://liucs.net/cs164s13/layout-canvas.html" "Mozilla/5.0 (Windows NT 6.3; WOW64) AppleWebKit/537.36 (KHTML, like Gecko) Chrome/43.0.2357.130 Safari/537.36"
::ffff:194.255.185.50 - - [29/Jun/2015:14:11:37 -0400] "GET /favicon.ico HTTP/1.1" 200 1150 "https://liucs.net/cs164s13/layout-canvas.html" "Mozilla/5.0 (Windows NT 6.3; WOW64) AppleWebKit/537.36 (KHTML, like Gecko) Chrome/43.0.2357.130 Safari/537.36"
::ffff:107.200.61.165 - - [29/Jun/2015:14:11:48 -0400] "GET /cs101s14/rackspace-servers.png HTTP/1.1" 200 168789 "http://www.bing.com/images/search?q=cloud+server+rack+photo&view=detailv2&&qft=+filterui%3alicense-L2_L3&id=821E1A0B202725607DB97D12B0D0A27972683B9A&selectedIndex=12&ccid=ZT8%2bbDqZ&simid=608006093705054370&thid=JN.IyUR6OvPvnJ0QQnfzK72vg&mode=overlay" "Mozilla/5.0 (Windows NT 6.3; WOW64; Trident/7.0; rv:11.0) like Gecko"
::ffff:189.210.232.42 - - [29/Jun/2015:14:13:05 -0400] "GET /cs164s13/intellij-create-android.png HTTP/1.1" 200 16375 "https://www.google.com/" "Mozilla/5.0 (Macintosh; Intel Mac OS X 10_10_3) AppleWebKit/537.36 (KHTML, like Gecko) Chrome/43.0.2357.130 Safari/537.36"
::ffff:194.255.185.50 - - [29/Jun/2015:14:16:02 -0400] "GET /cs164s13/ HTTP/1.1" 200 6144 "https://liucs.net/cs164s13/layout-canvas.html" "Mozilla/5.0 (Windows NT 6.3; WOW64) AppleWebKit/537.36 (KHTML, like Gecko) Chrome/43.0.2357.130 Safari/537.36"
::ffff:194.255.185.50 - - [29/Jun/2015:14:16:02 -0400] "GET /assets/img/page_white_acrobat.png HTTP/1.1" 200 707 "https://liucs.net/cs164s13/" "Mozilla/5.0 (Windows NT 6.3; WOW64) AppleWebKit/537.36 (KHTML, like Gecko) Chrome/43.0.2357.130 Safari/537.36"
::ffff:66.249.67.44 - - [29/Jun/2015:14:32:37 -0400] "GET /cs101f13/a7.html HTTP/1.1" 200 4104 "-" "Mozilla/5.0 (compatible; Googlebot/2.1; +http://www.google.com/bot.html)"
::ffff:123.180.230.212 - - [29/Jun/2015:14:35:09 -0400] "GET /cs102f14/notes1006.html HTTP/1.1" 200 6128 "-" "Mozilla/4.0 (compatible; MSIE 6.0; Windows NT 5.1; SV1; Mozilla/4.0 (compatible; MSIE 6.0; Windows NT 5.1; SV1) ; .NET CLR 1.0.3705)"
::ffff:123.180.230.212 - - [29/Jun/2015:14:35:12 -0400] "POST /cs102f14/notes1006.html/trackback/ HTTP/1.1" 404 570 "https://liucs.net/cs102f14/notes1006.html" "Mozilla/4.0 (compatible; MSIE 6.0; Windows NT 5.1)"
::ffff:175.157.130.143 - - [29/Jun/2015:14:35:18 -0400] "GET /cs164s13/layout-canvas.html HTTP/1.1" 200 4183 "https://www.google.lk/" "Mozilla/5.0 (Windows NT 6.1) AppleWebKit/537.36 (KHTML, like Gecko) Chrome/43.0.2357.130 Safari/537.36"
::ffff:175.157.130.143 - - [29/Jun/2015:14:35:20 -0400] "GET /assets/css/bootstrap-responsive.css HTTP/1.1" 200 20470 "https://liucs.net/cs164s13/layout-canvas.html" "Mozilla/5.0 (Windows NT 6.1) AppleWebKit/537.36 (KHTML, like Gecko) Chrome/43.0.2357.130 Safari/537.36"
::ffff:175.157.130.143 - - [29/Jun/2015:14:35:21 -0400] "GET /cs164s13/style.css HTTP/1.1" 200 1488 "https://liucs.net/cs164s13/layout-canvas.html" "Mozilla/5.0 (Windows NT 6.1) AppleWebKit/537.36 (KHTML, like Gecko) Chrome/43.0.2357.130 Safari/537.36"
::ffff:175.157.130.143 - - [29/Jun/2015:14:35:22 -0400] "GET /cs164s13/script.js HTTP/1.1" 200 332 "https://liucs.net/cs164s13/layout-canvas.html" "Mozilla/5.0 (Windows NT 6.1) AppleWebKit/537.36 (KHTML, like Gecko) Chrome/43.0.2357.130 Safari/537.36"
::ffff:175.157.130.143 - - [29/Jun/2015:14:35:24 -0400] "GET /assets/js/bootstrap-dropdown.js HTTP/1.1" 200 3948 "https://liucs.net/cs164s13/layout-canvas.html" "Mozilla/5.0 (Windows NT 6.1) AppleWebKit/537.36 (KHTML, like Gecko) Chrome/43.0.2357.130 Safari/537.36"
::ffff:175.157.130.143 - - [29/Jun/2015:14:35:25 -0400] "GET /assets/js/bootstrap-collapse.js HTTP/1.1" 200 4500 "https://liucs.net/cs164s13/layout-canvas.html" "Mozilla/5.0 (Windows NT 6.1) AppleWebKit/537.36 (KHTML, like Gecko) Chrome/43.0.2357.130 Safari/537.36"
::ffff:175.157.130.143 - - [29/Jun/2015:14:35:25 -0400] "GET /cs164s13/android-hello2.png HTTP/1.1" 200 19572 "https://liucs.net/cs164s13/layout-canvas.html" "Mozilla/5.0 (Windows NT 6.1) AppleWebKit/537.36 (KHTML, like Gecko) Chrome/43.0.2357.130 Safari/537.36"
::ffff:175.157.130.143 - - [29/Jun/2015:14:35:33 -0400] "GET /assets/js/jquery.js HTTP/1.1" 200 94839 "https://liucs.net/cs164s13/layout-canvas.html" "Mozilla/5.0 (Windows NT 6.1) AppleWebKit/537.36 (KHTML, like Gecko) Chrome/43.0.2357.130 Safari/537.36"
::ffff:175.157.130.143 - - [29/Jun/2015:14:35:36 -0400] "GET /cs164s13/android-log.png HTTP/1.1" 200 58344 "https://liucs.net/cs164s13/layout-canvas.html" "Mozilla/5.0 (Windows NT 6.1) AppleWebKit/537.36 (KHTML, like Gecko) Chrome/43.0.2357.130 Safari/537.36"
::ffff:175.157.130.143 - - [29/Jun/2015:14:35:36 -0400] "GET /assets/css/bootstrap.css HTTP/1.1" 200 115072 "https://liucs.net/cs164s13/layout-canvas.html" "Mozilla/5.0 (Windows NT 6.1) AppleWebKit/537.36 (KHTML, like Gecko) Chrome/43.0.2357.130 Safari/537.36"
::ffff:175.157.130.143 - - [29/Jun/2015:14:35:41 -0400] "GET /favicon.ico HTTP/1.1" 200 1150 "https://liucs.net/cs164s13/layout-canvas.html" "Mozilla/5.0 (Windows NT 6.1) AppleWebKit/537.36 (KHTML, like Gecko) Chrome/43.0.2357.130 Safari/537.36"
2001:1388:2f02:456:1cad:f8d8:db95:ddce - - [29/Jun/2015:14:37:11 -0400] "GET /cs101f13/positional-base5.png HTTP/1.1" 200 16923 "http://misrutasdelaprendizaje.blogspot.com/" "Mozilla/5.0 (Windows NT 6.3; Win64; x64) AppleWebKit/537.36 (KHTML, like Gecko) Chrome/43.0.2357.130 Safari/537.36"
::ffff:180.76.15.145 - - [29/Jun/2015:14:39:47 -0400] "GET /cs164s11/notes09.html HTTP/1.1" 301 184 "-" "Mozilla/5.0 (compatible; Baiduspider/2.0; +http://www.baidu.com/search/spider.html)"
::ffff:180.76.15.153 - - [29/Jun/2015:14:39:47 -0400] "GET /cs164s11/notes09.html HTTP/1.1" 200 1179 "-" "Mozilla/5.0 (compatible; Baiduspider/2.0; +http://www.baidu.com/search/spider.html)"
::ffff:180.76.15.153 - - [29/Jun/2015:14:39:48 -0400] "GET /share/js/dates.js HTTP/1.1" 200 2511 "https://liucs.net/cs164s11/notes09.html" "Mozilla/5.0 (compatible; Baiduspider/2.0; +http://www.baidu.com/search/spider.html)"
::ffff:180.76.15.157 - - [29/Jun/2015:14:39:48 -0400] "GET /l3media/960/text.css HTTP/1.1" 404 142 "https://liucs.net/cs164s11/notes09.html" "Mozilla/5.0 (compatible; Baiduspider/2.0; +http://www.baidu.com/search/spider.html)"
::ffff:180.76.15.136 - - [29/Jun/2015:14:39:48 -0400] "GET /l3media/jquery.min.js HTTP/1.1" 404 142 "https://liucs.net/cs164s11/notes09.html" "Mozilla/5.0 (compatible; Baiduspider/2.0; +http://www.baidu.com/search/spider.html)"
::ffff:180.76.15.160 - - [29/Jun/2015:14:39:48 -0400] "GET /l3media/nav.js HTTP/1.1" 404 142 "https://liucs.net/cs164s11/notes09.html" "Mozilla/5.0 (compatible; Baiduspider/2.0; +http://www.baidu.com/search/spider.html)"
::ffff:180.76.15.140 - - [29/Jun/2015:14:39:48 -0400] "GET /share/style/style.css HTTP/1.1" 200 3913 "https://liucs.net/cs164s11/notes09.html" "Mozilla/5.0 (compatible; Baiduspider/2.0; +http://www.baidu.com/search/spider.html)"
::ffff:180.76.15.162 - - [29/Jun/2015:14:39:48 -0400] "GET /l3media/960/reset.css HTTP/1.1" 404 142 "https://liucs.net/cs164s11/notes09.html" "Mozilla/5.0 (compatible; Baiduspider/2.0; +http://www.baidu.com/search/spider.html)"
::ffff:180.76.15.144 - - [29/Jun/2015:14:57:35 -0400] "GET /cs164s12/m1.html HTTP/1.1" 301 184 "-" "Mozilla/5.0 (compatible; Baiduspider/2.0; +http://www.baidu.com/search/spider.html)"
::ffff:180.76.15.152 - - [29/Jun/2015:14:57:35 -0400] "GET /cs164s12/m1.html HTTP/1.1" 200 5729 "-" "Mozilla/5.0 (compatible; Baiduspider/2.0; +http://www.baidu.com/search/spider.html)"
::ffff:180.76.15.140 - - [29/Jun/2015:14:57:36 -0400] "GET /share/stylef11.css HTTP/1.1" 200 2935 "https://liucs.net/cs164s12/m1.html" "Mozilla/5.0 (compatible; Baiduspider/2.0; +http://www.baidu.com/search/spider.html)"
::ffff:180.76.15.142 - - [29/Jun/2015:14:57:36 -0400] "GET /share/dates.js HTTP/1.1" 200 342 "https://liucs.net/cs164s12/m1.html" "Mozilla/5.0 (compatible; Baiduspider/2.0; +http://www.baidu.com/search/spider.html)"
::ffff:180.76.15.152 - - [29/Jun/2015:14:57:36 -0400] "GET /share/grid10-60-20.css HTTP/1.1" 200 4723 "https://liucs.net/cs164s12/m1.html" "Mozilla/5.0 (compatible; Baiduspider/2.0; +http://www.baidu.com/search/spider.html)"
::ffff:180.76.15.156 - - [29/Jun/2015:14:57:36 -0400] "GET /share/jquery.min.js HTTP/1.1" 200 79702 "https://liucs.net/cs164s12/m1.html" "Mozilla/5.0 (compatible; Baiduspider/2.0; +http://www.baidu.com/search/spider.html)"
::ffff:66.249.67.54 - - [29/Jun/2015:14:59:10 -0400] "GET /cs164s11/notes09.pdf HTTP/1.1" 200 12888 "-" "Mozilla/5.0 (iPhone; CPU iPhone OS 6_0 like Mac OS X) AppleWebKit/536.26 (KHTML, like Gecko) Version/6.0 Mobile/10A5376e Safari/8536.25 (compatible; Googlebot/2.1; +http://www.google.com/bot.html)"
::ffff:199.21.99.198 - - [29/Jun/2015:15:08:29 -0400] "GET /cs164s13/m8.html HTTP/1.1" 200 2007 "-" "Mozilla/5.0 (compatible; YandexBot/3.0; +http://yandex.com/bots)"
::ffff:199.21.99.198 - - [29/Jun/2015:15:08:30 -0400] "GET /cs101f13/q1.sol.html HTTP/1.1" 200 2429 "-" "Mozilla/5.0 (compatible; YandexBot/3.0; +http://yandex.com/bots)"
::ffff:188.208.7.217 - - [29/Jun/2015:15:15:07 -0400] "GET /cs120s15/http.html HTTP/1.0" 200 26828 "https://liucs.net/" "Mozilla/5.0 (Windows NT 5.1) AppleWebKit/537.36 (KHTML, like Gecko) Chrome/39.0.2171.95 Safari/537.36 OPR/26.0.1656.60"
::ffff:188.208.7.217 - - [29/Jun/2015:15:15:11 -0400] "GET /cs120s15/schedule.html HTTP/1.1" 200 3441 "https://liucs.net/cs120s15/http.html" "Mozilla/5.0 (Windows NT 5.1) AppleWebKit/537.36 (KHTML, like Gecko) Chrome/39.0.2171.95 Safari/537.36 OPR/26.0.1656.60"
::ffff:130.134.105.201 - - [29/Jun/2015:15:18:05 -0400] "GET /cs164s14/android-hello-preview.png HTTP/1.1" 200 34270 "http://www.chiefdelphi.com/forums/showthread.php?t=136365&page=4" "Mozilla/4.0 (compatible; MSIE 7.0; Windows NT 6.1; Win64; x64; Trident/5.0; .NET CLR 2.0.50727; SLCC2; .NET CLR 3.5.30729; .NET CLR 3.0.30729; Media Center PC 6.0; InfoPath.3; .NET4.0C; .NET4.0E)"
::ffff:75.186.64.125 - - [29/Jun/2015:15:23:38 -0400] "GET /cs162f12/a04.html HTTP/1.1" 200 5436 "https://www.google.com/" "Mozilla/5.0 (Windows NT 6.1; WOW64) AppleWebKit/537.36 (KHTML, like Gecko) Chrome/37.0.2062.103 Safari/537.36"
::ffff:75.186.64.125 - - [29/Jun/2015:15:23:38 -0400] "GET /assets/css/bootstrap-responsive.css HTTP/1.1" 200 20470 "https://liucs.net/cs162f12/a04.html" "Mozilla/5.0 (Windows NT 6.1; WOW64) AppleWebKit/537.36 (KHTML, like Gecko) Chrome/37.0.2062.103 Safari/537.36"
::ffff:75.186.64.125 - - [29/Jun/2015:15:23:38 -0400] "GET /cs162f12/style.css HTTP/1.1" 200 1488 "https://liucs.net/cs162f12/a04.html" "Mozilla/5.0 (Windows NT 6.1; WOW64) AppleWebKit/537.36 (KHTML, like Gecko) Chrome/37.0.2062.103 Safari/537.36"
::ffff:75.186.64.125 - - [29/Jun/2015:15:23:38 -0400] "GET /assets/js/bootstrap-dropdown.js HTTP/1.1" 200 3948 "https://liucs.net/cs162f12/a04.html" "Mozilla/5.0 (Windows NT 6.1; WOW64) AppleWebKit/537.36 (KHTML, like Gecko) Chrome/37.0.2062.103 Safari/537.36"
::ffff:75.186.64.125 - - [29/Jun/2015:15:23:38 -0400] "GET /cs162f12/script.js HTTP/1.1" 200 332 "https://liucs.net/cs162f12/a04.html" "Mozilla/5.0 (Windows NT 6.1; WOW64) AppleWebKit/537.36 (KHTML, like Gecko) Chrome/37.0.2062.103 Safari/537.36"
::ffff:75.186.64.125 - - [29/Jun/2015:15:23:38 -0400] "GET /assets/css/bootstrap.css HTTP/1.1" 200 115072 "https://liucs.net/cs162f12/a04.html" "Mozilla/5.0 (Windows NT 6.1; WOW64) AppleWebKit/537.36 (KHTML, like Gecko) Chrome/37.0.2062.103 Safari/537.36"
::ffff:75.186.64.125 - - [29/Jun/2015:15:23:38 -0400] "GET /assets/js/bootstrap-collapse.js HTTP/1.1" 200 4500 "https://liucs.net/cs162f12/a04.html" "Mozilla/5.0 (Windows NT 6.1; WOW64) AppleWebKit/537.36 (KHTML, like Gecko) Chrome/37.0.2062.103 Safari/537.36"
::ffff:75.186.64.125 - - [29/Jun/2015:15:23:38 -0400] "GET /assets/img/page_white_acrobat.png HTTP/1.1" 200 707 "https://liucs.net/cs162f12/a04.html" "Mozilla/5.0 (Windows NT 6.1; WOW64) AppleWebKit/537.36 (KHTML, like Gecko) Chrome/37.0.2062.103 Safari/537.36"
::ffff:75.186.64.125 - - [29/Jun/2015:15:23:38 -0400] "GET /cs162f12/connect4-sm.jpg HTTP/1.1" 200 20782 "https://liucs.net/cs162f12/a04.html" "Mozilla/5.0 (Windows NT 6.1; WOW64) AppleWebKit/537.36 (KHTML, like Gecko) Chrome/37.0.2062.103 Safari/537.36"
::ffff:75.186.64.125 - - [29/Jun/2015:15:23:38 -0400] "GET /cs162f12/a4files.png HTTP/1.1" 200 9675 "https://liucs.net/cs162f12/a04.html" "Mozilla/5.0 (Windows NT 6.1; WOW64) AppleWebKit/537.36 (KHTML, like Gecko) Chrome/37.0.2062.103 Safari/537.36"
::ffff:75.186.64.125 - - [29/Jun/2015:15:23:38 -0400] "GET /assets/js/jquery.js HTTP/1.1" 200 94839 "https://liucs.net/cs162f12/a04.html" "Mozilla/5.0 (Windows NT 6.1; WOW64) AppleWebKit/537.36 (KHTML, like Gecko) Chrome/37.0.2062.103 Safari/537.36"
::ffff:180.76.15.145 - - [29/Jun/2015:15:27:34 -0400] "GET /cs162f12/a06.html HTTP/1.1" 301 184 "-" "Mozilla/5.0 (compatible; Baiduspider/2.0; +http://www.baidu.com/search/spider.html)"
::ffff:180.76.15.162 - - [29/Jun/2015:15:27:35 -0400] "GET /cs162f12/a06.html HTTP/1.1" 200 7219 "-" "Mozilla/5.0 (compatible; Baiduspider/2.0; +http://www.baidu.com/search/spider.html)"
::ffff:180.76.15.162 - - [29/Jun/2015:15:27:35 -0400] "GET /assets/js/bootstrap-dropdown.js HTTP/1.1" 200 3948 "https://liucs.net/cs162f12/a06.html" "Mozilla/5.0 (compatible; Baiduspider/2.0; +http://www.baidu.com/search/spider.html)"
::ffff:180.76.15.162 - - [29/Jun/2015:15:27:36 -0400] "GET /assets/js/bootstrap-collapse.js HTTP/1.1" 200 4500 "https://liucs.net/cs162f12/a06.html" "Mozilla/5.0 (compatible; Baiduspider/2.0; +http://www.baidu.com/search/spider.html)"
::ffff:180.76.15.147 - - [29/Jun/2015:15:27:36 -0400] "GET /assets/css/bootstrap-responsive.css HTTP/1.1" 200 20470 "https://liucs.net/cs162f12/a06.html" "Mozilla/5.0 (compatible; Baiduspider/2.0; +http://www.baidu.com/search/spider.html)"
::ffff:180.76.15.148 - - [29/Jun/2015:15:27:36 -0400] "GET /cs162f12/style.css HTTP/1.1" 200 1488 "https://liucs.net/cs162f12/a06.html" "Mozilla/5.0 (compatible; Baiduspider/2.0; +http://www.baidu.com/search/spider.html)"
::ffff:180.76.15.135 - - [29/Jun/2015:15:27:36 -0400] "GET /cs162f12/script.js HTTP/1.1" 200 332 "https://liucs.net/cs162f12/a06.html" "Mozilla/5.0 (compatible; Baiduspider/2.0; +http://www.baidu.com/search/spider.html)"
::ffff:180.76.15.159 - - [29/Jun/2015:15:27:36 -0400] "GET /assets/css/bootstrap.css HTTP/1.1" 200 115072 "https://liucs.net/cs162f12/a06.html" "Mozilla/5.0 (compatible; Baiduspider/2.0; +http://www.baidu.com/search/spider.html)"
::ffff:180.76.15.140 - - [29/Jun/2015:15:27:36 -0400] "GET /assets/js/jquery.js HTTP/1.1" 200 94839 "https://liucs.net/cs162f12/a06.html" "Mozilla/5.0 (compatible; Baiduspider/2.0; +http://www.baidu.com/search/spider.html)"
::ffff:207.233.90.1 - - [29/Jun/2015:15:35:45 -0400] "GET /cs102f14/notes0929.html HTTP/1.1" 200 4103 "https://www.google.com/" "Mozilla/5.0 (Windows NT 6.1; WOW64) AppleWebKit/537.36 (KHTML, like Gecko) Chrome/43.0.2357.130 Safari/537.36"
::ffff:207.233.90.1 - - [29/Jun/2015:15:35:45 -0400] "GET /assets/gen/f14/head.js HTTP/1.1" 200 18136 "https://liucs.net/cs102f14/notes0929.html" "Mozilla/5.0 (Windows NT 6.1; WOW64) AppleWebKit/537.36 (KHTML, like Gecko) Chrome/43.0.2357.130 Safari/537.36"
::ffff:207.233.90.1 - - [29/Jun/2015:15:35:45 -0400] "GET /assets/gen/f14/style.css HTTP/1.1" 200 134781 "https://liucs.net/cs102f14/notes0929.html" "Mozilla/5.0 (Windows NT 6.1; WOW64) AppleWebKit/537.36 (KHTML, like Gecko) Chrome/43.0.2357.130 Safari/537.36"
::ffff:207.233.90.1 - - [29/Jun/2015:15:35:45 -0400] "GET /assets/gen/f14/script.js HTTP/1.1" 200 203656 "https://liucs.net/cs102f14/notes0929.html" "Mozilla/5.0 (Windows NT 6.1; WOW64) AppleWebKit/537.36 (KHTML, like Gecko) Chrome/43.0.2357.130 Safari/537.36"
::ffff:207.233.90.1 - - [29/Jun/2015:15:35:47 -0400] "GET /favicon.ico HTTP/1.1" 200 1150 "https://liucs.net/cs102f14/notes0929.html" "Mozilla/5.0 (Windows NT 6.1; WOW64) AppleWebKit/537.36 (KHTML, like Gecko) Chrome/43.0.2357.130 Safari/537.36"
::ffff:220.134.251.161 - - [29/Jun/2015:15:39:24 -0400] "GET /cs164s13/layout-canvas.html HTTP/1.1" 200 4183 "https://www.google.com.tw/" "Mozilla/5.0 (Windows NT 6.3; WOW64) AppleWebKit/537.36 (KHTML, like Gecko) Chrome/43.0.2357.130 Safari/537.36"
::ffff:220.134.251.161 - - [29/Jun/2015:15:39:24 -0400] "GET /assets/css/bootstrap-responsive.css HTTP/1.1" 200 20470 "https://liucs.net/cs164s13/layout-canvas.html" "Mozilla/5.0 (Windows NT 6.3; WOW64) AppleWebKit/537.36 (KHTML, like Gecko) Chrome/43.0.2357.130 Safari/537.36"
::ffff:220.134.251.161 - - [29/Jun/2015:15:39:24 -0400] "GET /cs164s13/style.css HTTP/1.1" 200 1488 "https://liucs.net/cs164s13/layout-canvas.html" "Mozilla/5.0 (Windows NT 6.3; WOW64) AppleWebKit/537.36 (KHTML, like Gecko) Chrome/43.0.2357.130 Safari/537.36"
::ffff:220.134.251.161 - - [29/Jun/2015:15:39:24 -0400] "GET /assets/css/bootstrap.css HTTP/1.1" 200 115072 "https://liucs.net/cs164s13/layout-canvas.html" "Mozilla/5.0 (Windows NT 6.3; WOW64) AppleWebKit/537.36 (KHTML, like Gecko) Chrome/43.0.2357.130 Safari/537.36"
::ffff:220.134.251.161 - - [29/Jun/2015:15:39:24 -0400] "GET /cs164s13/script.js HTTP/1.1" 200 332 "https://liucs.net/cs164s13/layout-canvas.html" "Mozilla/5.0 (Windows NT 6.3; WOW64) AppleWebKit/537.36 (KHTML, like Gecko) Chrome/43.0.2357.130 Safari/537.36"
::ffff:220.134.251.161 - - [29/Jun/2015:15:39:24 -0400] "GET /cs164s13/android-hello2.png HTTP/1.1" 200 19572 "https://liucs.net/cs164s13/layout-canvas.html" "Mozilla/5.0 (Windows NT 6.3; WOW64) AppleWebKit/537.36 (KHTML, like Gecko) Chrome/43.0.2357.130 Safari/537.36"
::ffff:220.134.251.161 - - [29/Jun/2015:15:39:25 -0400] "GET /assets/js/jquery.js HTTP/1.1" 200 94839 "https://liucs.net/cs164s13/layout-canvas.html" "Mozilla/5.0 (Windows NT 6.3; WOW64) AppleWebKit/537.36 (KHTML, like Gecko) Chrome/43.0.2357.130 Safari/537.36"
::ffff:220.134.251.161 - - [29/Jun/2015:15:39:25 -0400] "GET /cs164s13/android-log.png HTTP/1.1" 200 58344 "https://liucs.net/cs164s13/layout-canvas.html" "Mozilla/5.0 (Windows NT 6.3; WOW64) AppleWebKit/537.36 (KHTML, like Gecko) Chrome/43.0.2357.130 Safari/537.36"
::ffff:66.249.67.54 - - [29/Jun/2015:15:42:30 -0400] "GET /cs164s11/m8.pdf HTTP/1.1" 200 16092 "-" "Mozilla/5.0 (iPhone; CPU iPhone OS 6_0 like Mac OS X) AppleWebKit/536.26 (KHTML, like Gecko) Version/6.0 Mobile/10A5376e Safari/8536.25 (compatible; Googlebot/2.1; +http://www.google.com/bot.html)"
2804:14d:5c31:15cd:29a5:3500:a14a:42a2 - - [29/Jun/2015:15:42:50 -0400] "GET /cs102f14/notes1103.html HTTP/1.1" 200 3995 "https://www.google.com.br/" "Mozilla/5.0 (Macintosh; Intel Mac OS X 10_10_3) AppleWebKit/537.36 (KHTML, like Gecko) Chrome/43.0.2357.130 Safari/537.36"
2804:14d:5c31:15cd:29a5:3500:a14a:42a2 - - [29/Jun/2015:15:42:50 -0400] "GET /assets/gen/f14/head.js HTTP/1.1" 200 18136 "https://liucs.net/cs102f14/notes1103.html" "Mozilla/5.0 (Macintosh; Intel Mac OS X 10_10_3) AppleWebKit/537.36 (KHTML, like Gecko) Chrome/43.0.2357.130 Safari/537.36"
2804:14d:5c31:15cd:29a5:3500:a14a:42a2 - - [29/Jun/2015:15:42:51 -0400] "GET /assets/gen/f14/style.css HTTP/1.1" 200 134781 "https://liucs.net/cs102f14/notes1103.html" "Mozilla/5.0 (Macintosh; Intel Mac OS X 10_10_3) AppleWebKit/537.36 (KHTML, like Gecko) Chrome/43.0.2357.130 Safari/537.36"
2804:14d:5c31:15cd:29a5:3500:a14a:42a2 - - [29/Jun/2015:15:42:51 -0400] "GET /assets/gen/f14/script.js HTTP/1.1" 200 203656 "https://liucs.net/cs102f14/notes1103.html" "Mozilla/5.0 (Macintosh; Intel Mac OS X 10_10_3) AppleWebKit/537.36 (KHTML, like Gecko) Chrome/43.0.2357.130 Safari/537.36"
2804:14d:5c31:15cd:29a5:3500:a14a:42a2 - - [29/Jun/2015:15:42:52 -0400] "GET /favicon.ico HTTP/1.1" 200 1150 "https://liucs.net/cs102f14/notes1103.html" "Mozilla/5.0 (Macintosh; Intel Mac OS X 10_10_3) AppleWebKit/537.36 (KHTML, like Gecko) Chrome/43.0.2357.130 Safari/537.36"
::ffff:66.249.67.44 - - [29/Jun/2015:15:52:45 -0400] "GET /cs102f13/n12.html HTTP/1.1" 200 2715 "-" "Mozilla/5.0 (compatible; Googlebot/2.1; +http://www.google.com/bot.html)"
::ffff:66.249.67.54 - - [29/Jun/2015:15:58:27 -0400] "GET /cs120s15/git-add-remote.png HTTP/1.1" 200 12871 "-" "Googlebot-Image/1.0"
::ffff:66.249.67.54 - - [29/Jun/2015:16:22:26 -0400] "GET /cs164s13/layout-canvas.html HTTP/1.1" 200 4183 "-" "Mozilla/5.0 (compatible; Googlebot/2.1; +http://www.google.com/bot.html)"
::ffff:66.249.67.54 - - [29/Jun/2015:16:23:07 -0400] "GET /cs101s14/n6-sort.png HTTP/1.1" 200 5600 "-" "Googlebot-Image/1.0"
::ffff:66.249.67.44 - - [29/Jun/2015:16:26:30 -0400] "GET /cs164s11/notes11.pdf HTTP/1.1" 200 13030 "-" "Mozilla/5.0 (iPhone; CPU iPhone OS 6_0 like Mac OS X) AppleWebKit/536.26 (KHTML, like Gecko) Version/6.0 Mobile/10A5376e Safari/8536.25 (compatible; Googlebot/2.1; +http://www.google.com/bot.html)"
::ffff:66.249.67.37 - - [29/Jun/2015:16:39:08 -0400] "GET /cs101s12/a6.html HTTP/1.1" 200 2235 "-" "Mozilla/5.0 (compatible; Googlebot/2.1; +http://www.google.com/bot.html)"
::ffff:66.249.67.37 - - [29/Jun/2015:16:42:38 -0400] "GET /cs101f12/1105.html HTTP/1.1" 200 1881 "-" "Mozilla/5.0 (compatible; Googlebot/2.1; +http://www.google.com/bot.html)"
::ffff:89.207.130.134 - - [29/Jun/2015:16:43:57 -0400] "HEAD /cs102f14/unit-circle-2.png HTTP/1.1" 200 0 "http://namecheap.com/blah/" "wordpress/2.1.1"
::ffff:66.249.67.37 - - [29/Jun/2015:16:48:19 -0400] "GET /cs164s13/imageview-src.png HTTP/1.1" 200 69262 "-" "Googlebot-Image/1.0"
::ffff:180.76.15.163 - - [29/Jun/2015:16:50:28 -0400] "GET /cs102s11/a06.html HTTP/1.1" 301 184 "-" "Mozilla/5.0 (compatible; Baiduspider/2.0; +http://www.baidu.com/search/spider.html)"
::ffff:180.76.15.135 - - [29/Jun/2015:16:50:31 -0400] "GET /cs102s11/a06.html HTTP/1.1" 200 1228 "-" "Mozilla/5.0 (compatible; Baiduspider/2.0; +http://www.baidu.com/search/spider.html)"
::ffff:180.76.15.135 - - [29/Jun/2015:16:50:32 -0400] "GET /share/js/dates.js HTTP/1.1" 200 2511 "https://liucs.net/cs102s11/a06.html" "Mozilla/5.0 (compatible; Baiduspider/2.0; +http://www.baidu.com/search/spider.html)"
::ffff:180.76.15.163 - - [29/Jun/2015:16:50:32 -0400] "GET /l3media/960/reset.css HTTP/1.1" 404 142 "https://liucs.net/cs102s11/a06.html" "Mozilla/5.0 (compatible; Baiduspider/2.0; +http://www.baidu.com/search/spider.html)"
::ffff:180.76.15.152 - - [29/Jun/2015:16:50:32 -0400] "GET /share/style/style.css HTTP/1.1" 200 3913 "https://liucs.net/cs102s11/a06.html" "Mozilla/5.0 (compatible; Baiduspider/2.0; +http://www.baidu.com/search/spider.html)"
::ffff:180.76.15.136 - - [29/Jun/2015:16:50:33 -0400] "GET /l3media/960/text.css HTTP/1.1" 404 142 "https://liucs.net/cs102s11/a06.html" "Mozilla/5.0 (compatible; Baiduspider/2.0; +http://www.baidu.com/search/spider.html)"
::ffff:180.76.15.143 - - [29/Jun/2015:16:50:33 -0400] "GET /l3media/nav.js HTTP/1.1" 404 142 "https://liucs.net/cs102s11/a06.html" "Mozilla/5.0 (compatible; Baiduspider/2.0; +http://www.baidu.com/search/spider.html)"
::ffff:180.76.15.140 - - [29/Jun/2015:16:50:33 -0400] "GET /l3media/jquery.min.js HTTP/1.1" 404 142 "https://liucs.net/cs102s11/a06.html" "Mozilla/5.0 (compatible; Baiduspider/2.0; +http://www.baidu.com/search/spider.html)"
::ffff:66.249.79.96 - - [29/Jun/2015:16:51:54 -0400] "GET /cs102f13/n4-nest-switch.html HTTP/1.1" 200 3361 "-" "Mozilla/5.0 (compatible; Googlebot/2.1; +http://www.google.com/bot.html)"
::ffff:66.102.6.252 - - [29/Jun/2015:16:55:46 -0400] "GET /cs102f11/schedule.ics HTTP/1.1" 301 184 "-" "Google-Calendar-Importer"
::ffff:66.102.6.154 - - [29/Jun/2015:16:55:46 -0400] "GET /cs102f11/schedule.ics HTTP/1.1" 200 8601 "-" "Google-Calendar-Importer"
2604:6000:6480:d500:752e:3594:c61e:1187 - - [29/Jun/2015:17:01:40 -0400] "GET /cs164s13/ HTTP/1.1" 200 6144 "-" "Mozilla/5.0 (Macintosh; Intel Mac OS X 10_10_3) AppleWebKit/600.6.3 (KHTML, like Gecko) Version/8.0.6 Safari/600.6.3"
2604:6000:6480:d500:752e:3594:c61e:1187 - - [29/Jun/2015:17:01:40 -0400] "GET /favicon.ico HTTP/1.1" 200 1150 "https://liucs.net/cs164s13/" "Mozilla/5.0 (Macintosh; Intel Mac OS X 10_10_3) AppleWebKit/600.6.3 (KHTML, like Gecko) Version/8.0.6 Safari/600.6.3"
2604:6000:6480:d500:752e:3594:c61e:1187 - - [29/Jun/2015:17:01:40 -0400] "GET /cs164s13/ HTTP/1.1" 200 6144 "-" "Mozilla/5.0 (iPhone; CPU iPhone OS 8_1 like Mac OS X) AppleWebKit/600.1.4 (KHTML, like Gecko) Version/8.0 Mobile/12B410 Safari/600.1.4"
::ffff:50.101.104.186 - - [29/Jun/2015:17:02:11 -0400] "GET /cs101f13/a9-db.pdf HTTP/1.1" 200 46087 "https://www.google.ca/" "Mozilla/5.0 (Windows NT 6.1; WOW64) AppleWebKit/537.36 (KHTML, like Gecko) Chrome/43.0.2357.130 Safari/537.36"
::ffff:50.101.104.186 - - [29/Jun/2015:17:02:11 -0400] "GET /favicon.ico HTTP/1.1" 200 1150 "https://liucs.net/cs101f13/a9-db.pdf" "Mozilla/5.0 (Windows NT 6.1; WOW64) AppleWebKit/537.36 (KHTML, like Gecko) Chrome/43.0.2357.130 Safari/537.36"
::ffff:66.249.79.70 - - [29/Jun/2015:17:03:23 -0400] "GET /cs101f13/positional-base5.png HTTP/1.1" 200 16923 "http://misrutasdelaprendizaje.blogspot.com/2015/06/situaciones-de-cantidad-sistema-de.html?m=1" "Mozilla/5.0 (iPhone; CPU iPhone OS 6_0_1 like Mac OS X) AppleWebKit/537.36 (KHTML, like Gecko; Google Page Speed Insights) Version/6.0 Mobile/10A525 Safari/8536.25 GoogleBot/2.1"
::ffff:66.102.6.196 - - [29/Jun/2015:17:05:03 -0400] "GET /cs101s12/schedule.ics HTTP/1.1" 301 184 "-" "Google-Calendar-Importer"
::ffff:66.102.6.162 - - [29/Jun/2015:17:05:03 -0400] "GET /cs101s12/schedule.ics HTTP/1.1" 200 7355 "-" "Google-Calendar-Importer"
::ffff:180.76.15.142 - - [29/Jun/2015:17:05:09 -0400] "GET /cs102s11/a12.pdf HTTP/1.1" 301 184 "-" "Mozilla/5.0 (compatible; Baiduspider/2.0; +http://www.baidu.com/search/spider.html)"
::ffff:180.76.15.134 - - [29/Jun/2015:17:05:10 -0400] "GET /cs102s11/a12.pdf HTTP/1.1" 200 13626 "-" "Mozilla/5.0 (compatible; Baiduspider/2.0; +http://www.baidu.com/search/spider.html)"
::ffff:50.101.104.186 - - [29/Jun/2015:17:06:45 -0400] "GET /cs101f13/a9-db.html HTTP/1.1" 200 5146 "https://www.google.ca/" "Mozilla/5.0 (Windows NT 6.1; WOW64) AppleWebKit/537.36 (KHTML, like Gecko) Chrome/43.0.2357.130 Safari/537.36"
::ffff:50.101.104.186 - - [29/Jun/2015:17:06:45 -0400] "GET /assets/gen/s14/head.js HTTP/1.1" 200 18136 "https://liucs.net/cs101f13/a9-db.html" "Mozilla/5.0 (Windows NT 6.1; WOW64) AppleWebKit/537.36 (KHTML, like Gecko) Chrome/43.0.2357.130 Safari/537.36"
