::ffff:74.71.199.110 - - [29/Jun/2015:22:27:21 -0400] "GET /cs101s15/hmason-code.png HTTP/1.1" 200 24143 "https://liucs.net/cs101s15/n5-algos.html" "Mozilla/5.0 (X11; Ubuntu; Linux x86_64; rv:38.0) Gecko/20100101 Firefox/38.0"
::ffff:74.71.199.110 - - [29/Jun/2015:22:27:21 -0400] "GET /cs101s15/sort-graph.png HTTP/1.1" 200 27020 "https://liucs.net/cs101s15/n5-algos.html" "Mozilla/5.0 (X11; Ubuntu; Linux x86_64; rv:38.0) Gecko/20100101 Firefox/38.0"
::ffff:74.71.199.110 - - [29/Jun/2015:22:27:21 -0400] "GET /cs101s15/n5-n4k4.png HTTP/1.1" 200 2214 "https://liucs.net/cs101s15/n5-algos.html" "Mozilla/5.0 (X11; Ubuntu; Linux x86_64; rv:38.0) Gecko/20100101 Firefox/38.0"
::ffff:74.71.199.110 - - [29/Jun/2015:22:27:21 -0400] "GET /cs101s15/n5-n4k1.png HTTP/1.1" 200 1387 "https://liucs.net/cs101s15/n5-algos.html" "Mozilla/5.0 (X11; Ubuntu; Linux x86_64; rv:38.0) Gecko/20100101 Firefox/38.0"
::ffff:74.71.199.110 - - [29/Jun/2015:22:27:21 -0400] "GET /cs101s15/n5-n3k4.png HTTP/1.1" 200 2985 "https://liucs.net/cs101s15/n5-algos.html" "Mozilla/5.0 (X11; Ubuntu; Linux x86_64; rv:38.0) Gecko/20100101 Firefox/38.0"
::ffff:74.71.199.110 - - [29/Jun/2015:22:27:21 -0400] "GET /cs101s15/n5-n1k24.png HTTP/1.1" 200 5774 "https://liucs.net/cs101s15/n5-algos.html" "Mozilla/5.0 (X11; Ubuntu; Linux x86_64; rv:38.0) Gecko/20100101 Firefox/38.0"
::ffff:74.71.199.110 - - [29/Jun/2015:22:27:21 -0400] "GET /cs101s15/n5-n2k12.png HTTP/1.1" 200 4419 "https://liucs.net/cs101s15/n5-algos.html" "Mozilla/5.0 (X11; Ubuntu; Linux x86_64; rv:38.0) Gecko/20100101 Firefox/38.0"
::ffff:66.249.79.83 - - [29/Jun/2015:22:40:36 -0400] "GET /cs101s15/wheel-3bit-add.png HTTP/1.1" 200 9694 "-" "Googlebot-Image/1.0"
::ffff:66.249.79.96 - - [29/Jun/2015:22:40:46 -0400] "GET /cs101s15/n8-os.html HTTP/1.1" 200 4083 "-" "Mozilla/5.0 (compatible; Googlebot/2.1; +http://www.google.com/bot.html)"
::ffff:74.71.199.110 - - [29/Jun/2015:22:41:01 -0400] "GET /cs101s15/n7-python.html HTTP/1.1" 200 8928 "https://liucs.net/cs101s15/n5-algos.html" "Mozilla/5.0 (X11; Ubuntu; Linux x86_64; rv:38.0) Gecko/20100101 Firefox/38.0"
::ffff:74.71.199.110 - - [29/Jun/2015:22:41:02 -0400] "GET /cs101s15/python-downloads-33.png HTTP/1.1" 200 13141 "https://liucs.net/cs101s15/n7-python.html" "Mozilla/5.0 (X11; Ubuntu; Linux x86_64; rv:38.0) Gecko/20100101 Firefox/38.0"
::ffff:74.71.199.110 - - [29/Jun/2015:22:41:02 -0400] "GET /cs101s15/python-run-menu.png HTTP/1.1" 200 4994 "https://liucs.net/cs101s15/n7-python.html" "Mozilla/5.0 (X11; Ubuntu; Linux x86_64; rv:38.0) Gecko/20100101 Firefox/38.0"
::ffff:74.71.199.110 - - [29/Jun/2015:22:41:02 -0400] "GET /cs101s15/win7-system-32.png HTTP/1.1" 200 11264 "https://liucs.net/cs101s15/n7-python.html" "Mozilla/5.0 (X11; Ubuntu; Linux x86_64; rv:38.0) Gecko/20100101 Firefox/38.0"
::ffff:74.71.199.110 - - [29/Jun/2015:22:41:02 -0400] "GET /cs101s15/python-33-folder.png HTTP/1.1" 200 7797 "https://liucs.net/cs101s15/n7-python.html" "Mozilla/5.0 (X11; Ubuntu; Linux x86_64; rv:38.0) Gecko/20100101 Firefox/38.0"
::ffff:74.71.199.110 - - [29/Jun/2015:22:41:02 -0400] "GET /cs101s15/python-shell.png HTTP/1.1" 200 17295 "https://liucs.net/cs101s15/n7-python.html" "Mozilla/5.0 (X11; Ubuntu; Linux x86_64; rv:38.0) Gecko/20100101 Firefox/38.0"
::ffff:74.71.199.110 - - [29/Jun/2015:22:41:02 -0400] "GET /cs101s15/python-file-new.png HTTP/1.1" 200 11931 "https://liucs.net/cs101s15/n7-python.html" "Mozilla/5.0 (X11; Ubuntu; Linux x86_64; rv:38.0) Gecko/20100101 Firefox/38.0"
::ffff:74.71.199.110 - - [29/Jun/2015:22:41:02 -0400] "GET /cs101s15/python-save-as.png HTTP/1.1" 200 84728 "https://liucs.net/cs101s15/n7-python.html" "Mozilla/5.0 (X11; Ubuntu; Linux x86_64; rv:38.0) Gecko/20100101 Firefox/38.0"
::ffff:74.71.199.110 - - [29/Jun/2015:22:41:02 -0400] "GET /cs101s15/python-error-hilite.png HTTP/1.1" 200 9032 "https://liucs.net/cs101s15/n7-python.html" "Mozilla/5.0 (X11; Ubuntu; Linux x86_64; rv:38.0) Gecko/20100101 Firefox/38.0"
::ffff:74.71.199.110 - - [29/Jun/2015:22:41:03 -0400] "GET /cs101s15/python-install-run.png HTTP/1.1" 200 52963 "https://liucs.net/cs101s15/n7-python.html" "Mozilla/5.0 (X11; Ubuntu; Linux x86_64; rv:38.0) Gecko/20100101 Firefox/38.0"
::ffff:74.71.199.110 - - [29/Jun/2015:22:41:03 -0400] "GET /cs101s15/python-for-whom.png HTTP/1.1" 200 60500 "https://liucs.net/cs101s15/n7-python.html" "Mozilla/5.0 (X11; Ubuntu; Linux x86_64; rv:38.0) Gecko/20100101 Firefox/38.0"
::ffff:74.71.199.110 - - [29/Jun/2015:22:41:03 -0400] "GET /cs101s15/python-dest-dir.png HTTP/1.1" 200 59719 "https://liucs.net/cs101s15/n7-python.html" "Mozilla/5.0 (X11; Ubuntu; Linux x86_64; rv:38.0) Gecko/20100101 Firefox/38.0"
::ffff:74.71.199.110 - - [29/Jun/2015:22:41:03 -0400] "GET /cs101s15/python-syntax-error.png HTTP/1.1" 200 7025 "https://liucs.net/cs101s15/n7-python.html" "Mozilla/5.0 (X11; Ubuntu; Linux x86_64; rv:38.0) Gecko/20100101 Firefox/38.0"
::ffff:74.71.199.110 - - [29/Jun/2015:22:41:03 -0400] "GET /cs101s15/python-allow-changes.png HTTP/1.1" 200 46227 "https://liucs.net/cs101s15/n7-python.html" "Mozilla/5.0 (X11; Ubuntu; Linux x86_64; rv:38.0) Gecko/20100101 Firefox/38.0"
::ffff:74.71.199.110 - - [29/Jun/2015:22:41:03 -0400] "GET /cs101s15/python-customize.png HTTP/1.1" 200 92454 "https://liucs.net/cs101s15/n7-python.html" "Mozilla/5.0 (X11; Ubuntu; Linux x86_64; rv:38.0) Gecko/20100101 Firefox/38.0"
::ffff:74.71.199.110 - - [29/Jun/2015:22:41:03 -0400] "GET /cs101s15/python-finished.png HTTP/1.1" 200 80753 "https://liucs.net/cs101s15/n7-python.html" "Mozilla/5.0 (X11; Ubuntu; Linux x86_64; rv:38.0) Gecko/20100101 Firefox/38.0"
::ffff:74.71.199.110 - - [29/Jun/2015:22:41:03 -0400] "GET /cs101s15/python-quiz-example.png HTTP/1.1" 200 182860 "https://liucs.net/cs101s15/n7-python.html" "Mozilla/5.0 (X11; Ubuntu; Linux x86_64; rv:38.0) Gecko/20100101 Firefox/38.0"
::ffff:74.71.199.110 - - [29/Jun/2015:22:41:05 -0400] "GET /cs101s15/truevalhalla-argh-flowchart.png HTTP/1.1" 200 370067 "https://liucs.net/cs101s15/n7-python.html" "Mozilla/5.0 (X11; Ubuntu; Linux x86_64; rv:38.0) Gecko/20100101 Firefox/38.0"
::ffff:74.71.199.110 - - [29/Jun/2015:22:42:58 -0400] "GET /cs101s15/n7-languages.html HTTP/1.1" 200 6762 "https://liucs.net/cs101s15/n7-python.html" "Mozilla/5.0 (X11; Ubuntu; Linux x86_64; rv:38.0) Gecko/20100101 Firefox/38.0"
::ffff:74.71.199.110 - - [29/Jun/2015:22:42:58 -0400] "GET /cs101s15/langpop14.png HTTP/1.1" 200 82097 "https://liucs.net/cs101s15/n7-languages.html" "Mozilla/5.0 (X11; Ubuntu; Linux x86_64; rv:38.0) Gecko/20100101 Firefox/38.0"
::ffff:74.71.199.110 - - [29/Jun/2015:22:42:59 -0400] "GET /cs101s15/racket-calc-18.png HTTP/1.1" 200 38474 "https://liucs.net/cs101s15/n7-languages.html" "Mozilla/5.0 (X11; Ubuntu; Linux x86_64; rv:38.0) Gecko/20100101 Firefox/38.0"
::ffff:74.71.199.110 - - [29/Jun/2015:22:42:59 -0400] "GET /cs101s15/family-example.jpg HTTP/1.1" 200 55888 "https://liucs.net/cs101s15/n7-languages.html" "Mozilla/5.0 (X11; Ubuntu; Linux x86_64; rv:38.0) Gecko/20100101 Firefox/38.0"
::ffff:74.71.199.110 - - [29/Jun/2015:22:42:59 -0400] "GET /cs101s15/postfix-example.jpg HTTP/1.1" 200 56004 "https://liucs.net/cs101s15/n7-languages.html" "Mozilla/5.0 (X11; Ubuntu; Linux x86_64; rv:38.0) Gecko/20100101 Firefox/38.0"
::ffff:74.71.199.110 - - [29/Jun/2015:22:42:59 -0400] "GET /cs101s15/infix-tree.jpg HTTP/1.1" 200 101879 "https://liucs.net/cs101s15/n7-languages.html" "Mozilla/5.0 (X11; Ubuntu; Linux x86_64; rv:38.0) Gecko/20100101 Firefox/38.0"
::ffff:74.71.199.110 - - [29/Jun/2015:22:42:59 -0400] "GET /cs101s15/lang-taxonomy.png HTTP/1.1" 200 15400 "https://liucs.net/cs101s15/n7-languages.html" "Mozilla/5.0 (X11; Ubuntu; Linux x86_64; rv:38.0) Gecko/20100101 Firefox/38.0"
::ffff:180.76.15.154 - - [29/Jun/2015:22:46:29 -0400] "GET /cs101s15/a3-logic.html HTTP/1.1" 301 184 "-" "Mozilla/5.0 (compatible; Baiduspider/2.0; +http://www.baidu.com/search/spider.html)"
::ffff:180.76.15.159 - - [29/Jun/2015:22:46:31 -0400] "GET /cs101s15/a3-logic.html HTTP/1.1" 200 4411 "-" "Mozilla/5.0 (compatible; Baiduspider/2.0; +http://www.baidu.com/search/spider.html)"
::ffff:180.76.15.158 - - [29/Jun/2015:22:46:32 -0400] "GET /assets/gen/f14/head.js HTTP/1.1" 200 18136 "https://liucs.net/cs101s15/a3-logic.html" "Mozilla/5.0 (compatible; Baiduspider/2.0; +http://www.baidu.com/search/spider.html)"
::ffff:180.76.15.134 - - [29/Jun/2015:22:46:32 -0400] "GET /assets/gen/f14/style.css HTTP/1.1" 200 134781 "https://liucs.net/cs101s15/a3-logic.html" "Mozilla/5.0 (compatible; Baiduspider/2.0; +http://www.baidu.com/search/spider.html)"
::ffff:180.76.15.134 - - [29/Jun/2015:22:46:32 -0400] "GET /assets/gen/f14/script.js HTTP/1.1" 200 203656 "https://liucs.net/cs101s15/a3-logic.html" "Mozilla/5.0 (compatible; Baiduspider/2.0; +http://www.baidu.com/search/spider.html)"
::ffff:74.71.199.110 - - [29/Jun/2015:22:50:01 -0400] "GET /cs101s15/n8-os.html HTTP/1.1" 200 4083 "https://liucs.net/cs101s15/n7-languages.html" "Mozilla/5.0 (X11; Ubuntu; Linux x86_64; rv:38.0) Gecko/20100101 Firefox/38.0"
::ffff:66.249.79.70 - - [29/Jun/2015:22:50:51 -0400] "GET /cs102f12/1205.html HTTP/1.1" 200 4207 "-" "Mozilla/5.0 (compatible; Googlebot/2.1; +http://www.google.com/bot.html)"
::ffff:74.71.199.110 - - [29/Jun/2015:22:51:11 -0400] "GET /cs101s15/lego-grace-univac.jpg HTTP/1.1" 200 93563 "https://liucs.net/cs101s15/n8-os.html" "Mozilla/5.0 (X11; Ubuntu; Linux x86_64; rv:38.0) Gecko/20100101 Firefox/38.0"
::ffff:74.71.199.110 - - [29/Jun/2015:22:51:19 -0400] "GET /cs101s15/n8-net.html HTTP/1.1" 200 2330 "https://liucs.net/cs101s15/n8-os.html" "Mozilla/5.0 (X11; Ubuntu; Linux x86_64; rv:38.0) Gecko/20100101 Firefox/38.0"
::ffff:66.249.79.70 - - [29/Jun/2015:23:00:05 -0400] "GET /cs164s15/v/cs164-2015-04-06.html HTTP/1.1" 200 846 "-" "Mozilla/5.0 (iPhone; CPU iPhone OS 6_0 like Mac OS X) AppleWebKit/536.26 (KHTML, like Gecko) Version/6.0 Mobile/10A5376e Safari/8536.25 (compatible; Googlebot/2.1; +http://www.google.com/bot.html)"
::ffff:74.71.199.110 - - [29/Jun/2015:23:00:15 -0400] "GET /cs101s15/n9-web.html HTTP/1.1" 200 3143 "https://liucs.net/cs101s15/n8-net.html" "Mozilla/5.0 (X11; Ubuntu; Linux x86_64; rv:38.0) Gecko/20100101 Firefox/38.0"
::ffff:66.249.79.96 - - [29/Jun/2015:23:03:50 -0400] "GET /cs164s14/cs164s14.pdf HTTP/1.1" 200 66568 "-" "Mozilla/5.0 (compatible; Googlebot/2.1; +http://www.google.com/bot.html)"
::ffff:190.233.46.181 - - [29/Jun/2015:23:04:23 -0400] "GET /cs101f13/positional-base5.png HTTP/1.1" 200 16923 "http://misrutasdelaprendizaje.blogspot.com/" "Mozilla/5.0 (Windows NT 10.0; WOW64) AppleWebKit/537.36 (KHTML, like Gecko) Chrome/43.0.2357.130 Safari/537.36"
::ffff:66.249.79.70 - - [29/Jun/2015:23:05:48 -0400] "GET /cs101s15/jaffathecake-tshirt.png HTTP/1.1" 200 18717 "-" "Googlebot-Image/1.0"
::ffff:49.248.149.58 - - [29/Jun/2015:23:10:04 -0400] "GET /cs101f13/a4-logic.html HTTP/1.1" 200 3309 "https://www.google.co.in/" "Mozilla/5.0 (Windows NT 6.1) AppleWebKit/537.36 (KHTML, like Gecko) Chrome/43.0.2357.130 Safari/537.36"
::ffff:49.248.149.58 - - [29/Jun/2015:23:10:04 -0400] "GET /assets/gen/s14/head.js HTTP/1.1" 200 18136 "https://liucs.net/cs101f13/a4-logic.html" "Mozilla/5.0 (Windows NT 6.1) AppleWebKit/537.36 (KHTML, like Gecko) Chrome/43.0.2357.130 Safari/537.36"
::ffff:49.248.149.58 - - [29/Jun/2015:23:10:05 -0400] "GET /cs101f13/logisim-toolbar.png HTTP/1.1" 200 4016 "https://liucs.net/cs101f13/a4-logic.html" "Mozilla/5.0 (Windows NT 6.1) AppleWebKit/537.36 (KHTML, like Gecko) Chrome/43.0.2357.130 Safari/537.36"
::ffff:49.248.149.58 - - [29/Jun/2015:23:10:05 -0400] "GET /assets/gen/s14/style.css HTTP/1.1" 200 99414 "https://liucs.net/cs101f13/a4-logic.html" "Mozilla/5.0 (Windows NT 6.1) AppleWebKit/537.36 (KHTML, like Gecko) Chrome/43.0.2357.130 Safari/537.36"
::ffff:49.248.149.58 - - [29/Jun/2015:23:10:05 -0400] "GET /assets/gen/s14/script.js HTTP/1.1" 200 183727 "https://liucs.net/cs101f13/a4-logic.html" "Mozilla/5.0 (Windows NT 6.1) AppleWebKit/537.36 (KHTML, like Gecko) Chrome/43.0.2357.130 Safari/537.36"
::ffff:49.248.149.58 - - [29/Jun/2015:23:10:06 -0400] "GET /cs101f13/logisim-sidebar.png HTTP/1.1" 200 5097 "https://liucs.net/cs101f13/a4-logic.html" "Mozilla/5.0 (Windows NT 6.1) AppleWebKit/537.36 (KHTML, like Gecko) Chrome/43.0.2357.130 Safari/537.36"
::ffff:49.248.149.58 - - [29/Jun/2015:23:10:06 -0400] "GET /cs101f13/logisim-led-props.png HTTP/1.1" 200 7355 "https://liucs.net/cs101f13/a4-logic.html" "Mozilla/5.0 (Windows NT 6.1) AppleWebKit/537.36 (KHTML, like Gecko) Chrome/43.0.2357.130 Safari/537.36"
::ffff:49.248.149.58 - - [29/Jun/2015:23:10:06 -0400] "GET /cs101f13/adder-vars.jpg HTTP/1.1" 200 39704 "https://liucs.net/cs101f13/a4-logic.html" "Mozilla/5.0 (Windows NT 6.1) AppleWebKit/537.36 (KHTML, like Gecko) Chrome/43.0.2357.130 Safari/537.36"
::ffff:49.248.149.58 - - [29/Jun/2015:23:10:06 -0400] "GET /cs101f13/half-adder.png HTTP/1.1" 200 2727 "https://liucs.net/cs101f13/a4-logic.html" "Mozilla/5.0 (Windows NT 6.1) AppleWebKit/537.36 (KHTML, like Gecko) Chrome/43.0.2357.130 Safari/537.36"
::ffff:49.248.149.58 - - [29/Jun/2015:23:10:06 -0400] "GET /cs101f13/full-adder.png HTTP/1.1" 200 5187 "https://liucs.net/cs101f13/a4-logic.html" "Mozilla/5.0 (Windows NT 6.1) AppleWebKit/537.36 (KHTML, like Gecko) Chrome/43.0.2357.130 Safari/537.36"
::ffff:49.248.149.58 - - [29/Jun/2015:23:10:07 -0400] "GET /favicon.ico HTTP/1.1" 200 1150 "https://liucs.net/cs101f13/a4-logic.html" "Mozilla/5.0 (Windows NT 6.1) AppleWebKit/537.36 (KHTML, like Gecko) Chrome/43.0.2357.130 Safari/537.36"
::ffff:141.8.143.187 - - [29/Jun/2015:23:13:03 -0400] "GET /cs102f14/q5.sol.html HTTP/1.1" 200 2046 "-" "Mozilla/5.0 (compatible; YandexBot/3.0; +http://yandex.com/bots)"
::ffff:66.249.79.70 - - [29/Jun/2015:23:18:16 -0400] "GET /cs164s13/layout-canvas.html HTTP/1.1" 200 4183 "-" "Mozilla/5.0 (compatible; Googlebot/2.1; +http://www.google.com/bot.html)"
::ffff:66.249.79.83 - - [29/Jun/2015:23:31:02 -0400] "GET /cs101s15/wheel-3bit.png HTTP/1.1" 200 6909 "-" "Googlebot-Image/1.0"
::ffff:66.249.79.70 - - [29/Jun/2015:23:37:11 -0400] "GET /cs102f13/n17.html HTTP/1.1" 200 3138 "-" "Mozilla/5.0 (compatible; Googlebot/2.1; +http://www.google.com/bot.html)"
::ffff:174.29.167.60 - - [29/Jun/2015:23:41:13 -0400] "GET /cs101s14/frogs.png HTTP/1.1" 200 117090 "https://www.google.com/blank.html" "Mozilla/5.0 (Windows NT 6.1; WOW64; Trident/7.0; rv:11.0) like Gecko"
::ffff:66.249.79.70 - - [29/Jun/2015:23:52:11 -0400] "GET /cs164s13/dictionary.html HTTP/1.1" 200 3173 "-" "Mozilla/5.0 (iPhone; CPU iPhone OS 6_0 like Mac OS X) AppleWebKit/536.26 (KHTML, like Gecko) Version/6.0 Mobile/10A5376e Safari/8536.25 (compatible; Googlebot/2.1; +http://www.google.com/bot.html)"
::ffff:66.249.79.96 - - [29/Jun/2015:23:53:56 -0400] "GET /cs101f12/1105.html HTTP/1.1" 200 1881 "-" "Mozilla/5.0 (compatible; Googlebot/2.1; +http://www.google.com/bot.html)"
::ffff:66.249.79.83 - - [29/Jun/2015:23:55:37 -0400] "GET /cs101s15/python-customize.png HTTP/1.1" 200 92454 "-" "Googlebot-Image/1.0"
::ffff:66.249.79.70 - - [29/Jun/2015:23:58:40 -0400] "GET /cs101s14/n10-db.pdf HTTP/1.1" 200 23569 "-" "Mozilla/5.0 (compatible; Googlebot/2.1; +http://www.google.com/bot.html)"
::ffff:157.55.39.144 - - [30/Jun/2015:00:05:35 -0400] "GET /cs101f12/1119.html HTTP/1.1" 304 0 "-" "Mozilla/5.0 (compatible; bingbot/2.0; +http://www.bing.com/bingbot.htm)"
::ffff:66.249.79.83 - - [30/Jun/2015:00:13:50 -0400] "GET /cs101s15/n12-security.pdf HTTP/1.1" 200 325951 "-" "Mozilla/5.0 (compatible; Googlebot/2.1; +http://www.google.com/bot.html)"
::ffff:141.8.143.187 - - [30/Jun/2015:00:14:07 -0400] "GET /cs101f12/1119.html HTTP/1.1" 200 2649 "-" "Mozilla/5.0 (compatible; YandexBot/3.0; +http://yandex.com/bots)"
::ffff:50.153.238.10 - - [30/Jun/2015:00:16:49 -0400] "GET /cs101f13/binary-add.png HTTP/1.1" 200 27043 "-" "Mozilla/4.0 (compatible; MSIE 7.0; Windows NT 6.2; Trident/6.0; .NET4.0E; .NET4.0C; .NET CLR 3.5.30729; .NET CLR 2.0.50727; .NET CLR 3.0.30729; InfoPath.3; ms-office; MSOffice 15)"
::ffff:66.249.79.96 - - [30/Jun/2015:00:19:42 -0400] "GET /cs164s13/dictionary.html HTTP/1.1" 200 3173 "-" "Mozilla/5.0 (compatible; Googlebot/2.1; +http://www.google.com/bot.html)"
::ffff:66.249.79.70 - - [30/Jun/2015:00:28:32 -0400] "GET /cs164s14/setup-hello.html HTTP/1.1" 200 4739 "-" "Mozilla/5.0 (compatible; Googlebot/2.1; +http://www.google.com/bot.html)"
::ffff:98.255.2.181 - - [30/Jun/2015:00:29:18 -0400] "GET /cs101s14/full-adder.png HTTP/1.1" 200 5187 "https://www.google.com/" "Mozilla/5.0 (X11; Linux x86_64) AppleWebKit/537.36 (KHTML, like Gecko) Chrome/43.0.2357.81 Safari/537.36"
::ffff:134.159.189.6 - - [30/Jun/2015:00:36:59 -0400] "GET /cs101f13/positional-base5.png HTTP/1.1" 200 16923 "https://www.google.com.hk/blank.html" "Mozilla/5.0 (Windows NT 6.1; WOW64; Trident/7.0; rv:11.0) like Gecko"
::ffff:66.249.79.83 - - [30/Jun/2015:00:40:29 -0400] "GET /cs164s13/animate.html HTTP/1.1" 200 3710 "-" "Mozilla/5.0 (compatible; Googlebot/2.1; +http://www.google.com/bot.html)"
::ffff:66.249.79.83 - - [30/Jun/2015:00:45:28 -0400] "GET /cs101f13/heximage.html?p=16&w=40&h=24&r=00000000000000000000ffffffffffffffffffffffffffffffff1fffff3ffce7ffc0dffbfbff3fdff7fdfef3a7efbefdf9dbeff9fdfffbdfc7fe1ff7df3fffe7f7dfc7fff9f7eff9ffe7f7effefe1ff7f7fdfdff6ffbfbfdffeffce7feffdfff1fff3f3fffffffc0ffffffffffff&g=00000000000000000000ffffffffffffffffffffffffffffffff1fffff3ffce7ffc01ffbfbff3e1ff7fdfef207efbefdf983eff9fc7fc3dfc7fe1fc7df3fffe7f7dfc7fff9f7eff9ffe7f7effefe1ff7f7fdfc7f6ffbfbfdffeffce7feffdfff1fff3f3fffffffc0ffffffffffff&b=00000000000000000000ffffffffffffffffffffffffffffffff1fffff3ffc07ffc01ff803ff001ff001fe0047e000fc0423e001fc0003c007fe0007c03aaae007c007fff807e001ffe007e000fe0007f001fc000ff803fc000ffc07fe001fff1fff003fffffffc0ffffffffffff HTTP/1.1" 200 733 "-" "Mozilla/5.0 (iPhone; CPU iPhone OS 6_0 like Mac OS X) AppleWebKit/536.26 (KHTML, like Gecko) Version/6.0 Mobile/10A5376e Safari/8536.25 (compatible; Googlebot/2.1; +http://www.google.com/bot.html)"
::ffff:183.171.228.132 - - [30/Jun/2015:00:46:05 -0400] "GET /cs164s13/rocket-animation.gif HTTP/1.1" 200 27806 "https://www.google.com/" "Mozilla/5.0 (Windows NT 6.1) AppleWebKit/537.21 (KHTML, like Gecko) Chrome/25.0.1349.2 Safari/537.21"
::ffff:180.76.15.161 - - [30/Jun/2015:00:59:14 -0400] "GET /cs164s11/m8.html HTTP/1.1" 301 184 "-" "Mozilla/5.0 (compatible; Baiduspider/2.0; +http://www.baidu.com/search/spider.html)"
::ffff:180.76.15.134 - - [30/Jun/2015:00:59:15 -0400] "GET /cs164s11/m8.html HTTP/1.1" 200 1320 "-" "Mozilla/5.0 (compatible; Baiduspider/2.0; +http://www.baidu.com/search/spider.html)"
::ffff:180.76.15.134 - - [30/Jun/2015:00:59:17 -0400] "GET /share/js/dates.js HTTP/1.1" 200 2511 "https://liucs.net/cs164s11/m8.html" "Mozilla/5.0 (compatible; Baiduspider/2.0; +http://www.baidu.com/search/spider.html)"
::ffff:180.76.15.156 - - [30/Jun/2015:00:59:18 -0400] "GET /l3media/960/reset.css HTTP/1.1" 404 142 "https://liucs.net/cs164s11/m8.html" "Mozilla/5.0 (compatible; Baiduspider/2.0; +http://www.baidu.com/search/spider.html)"
::ffff:180.76.15.135 - - [30/Jun/2015:00:59:18 -0400] "GET /share/style/style.css HTTP/1.1" 200 3913 "https://liucs.net/cs164s11/m8.html" "Mozilla/5.0 (compatible; Baiduspider/2.0; +http://www.baidu.com/search/spider.html)"
::ffff:180.76.15.145 - - [30/Jun/2015:00:59:18 -0400] "GET /l3media/960/text.css HTTP/1.1" 404 142 "https://liucs.net/cs164s11/m8.html" "Mozilla/5.0 (compatible; Baiduspider/2.0; +http://www.baidu.com/search/spider.html)"
::ffff:180.76.15.147 - - [30/Jun/2015:00:59:18 -0400] "GET /l3media/jquery.min.js HTTP/1.1" 404 142 "https://liucs.net/cs164s11/m8.html" "Mozilla/5.0 (compatible; Baiduspider/2.0; +http://www.baidu.com/search/spider.html)"
::ffff:180.76.15.153 - - [30/Jun/2015:00:59:18 -0400] "GET /l3media/nav.js HTTP/1.1" 404 142 "https://liucs.net/cs164s11/m8.html" "Mozilla/5.0 (compatible; Baiduspider/2.0; +http://www.baidu.com/search/spider.html)"
::ffff:181.64.76.197 - - [30/Jun/2015:01:05:05 -0400] "GET /cs101f13/positional-base5.png HTTP/1.1" 200 16923 "http://misrutasdelaprendizaje.blogspot.com/" "Mozilla/5.0 (Windows NT 6.1) AppleWebKit/537.36 (KHTML, like Gecko) Chrome/43.0.2357.130 Safari/537.36"
::ffff:66.249.80.16 - - [30/Jun/2015:01:11:07 -0400] "GET /cs150s12/schedule.ics HTTP/1.1" 301 184 "-" "Google-Calendar-Importer"
::ffff:66.249.85.161 - - [30/Jun/2015:01:11:07 -0400] "GET /cs150s12/schedule.ics HTTP/1.1" 200 2354 "-" "Google-Calendar-Importer"
::ffff:66.249.79.83 - - [30/Jun/2015:01:19:25 -0400] "GET /cs164s13/drawable-array.html HTTP/1.1" 200 5007 "-" "Mozilla/5.0 (compatible; Googlebot/2.1; +http://www.google.com/bot.html)"
::ffff:141.8.143.187 - - [30/Jun/2015:01:19:58 -0400] "GET /cs101f13/sched.html HTTP/1.1" 200 4174 "-" "Mozilla/5.0 (compatible; YandexBot/3.0; +http://yandex.com/bots)"
::ffff:66.249.79.96 - - [30/Jun/2015:01:40:42 -0400] "GET /cs102f13/e1pr.html HTTP/1.1" 200 3058 "-" "Mozilla/5.0 (compatible; Googlebot/2.1; +http://www.google.com/bot.html)"
::ffff:81.71.113.68 - - [30/Jun/2015:01:42:16 -0400] "GET /cs101s13/python-quiz-example.png HTTP/1.1" 200 121842 "https://www.google.nl/blank.html" "Mozilla/5.0 (Windows NT 6.1; WOW64; rv:38.0) Gecko/20100101 Firefox/38.0"
::ffff:66.249.79.83 - - [30/Jun/2015:01:59:26 -0400] "GET /cs101f13/putty-login-as.png HTTP/1.1" 200 11065 "-" "Googlebot-Image/1.0"
::ffff:66.249.79.83 - - [30/Jun/2015:02:02:02 -0400] "GET /cs102f14/notes1103.html HTTP/1.1" 200 3995 "-" "Mozilla/5.0 (compatible; Googlebot/2.1; +http://www.google.com/bot.html)"
::ffff:141.8.143.187 - - [30/Jun/2015:02:03:09 -0400] "GET /cs102f14/notes1219.html HTTP/1.1" 200 3559 "-" "Mozilla/5.0 (compatible; YandexBot/3.0; +http://yandex.com/bots)"
::ffff:100.43.90.9 - - [30/Jun/2015:02:05:28 -0400] "GET /cs101f13/n1-binary.html HTTP/1.1" 200 6550 "-" "Mozilla/5.0 (compatible; YandexBot/3.0; +http://yandex.com/bots)"
::ffff:157.55.39.116 - - [30/Jun/2015:02:16:20 -0400] "GET /cs101f13/n9-web.pdf HTTP/1.1" 200 25557 "-" "Mozilla/5.0 (compatible; bingbot/2.0; +http://www.bing.com/bingbot.htm)"
::ffff:66.249.79.96 - - [30/Jun/2015:02:24:25 -0400] "GET /cs164s13/layout-canvas.html HTTP/1.1" 200 4183 "-" "Mozilla/5.0 (compatible; Googlebot/2.1; +http://www.google.com/bot.html)"
::ffff:66.249.79.70 - - [30/Jun/2015:02:34:37 -0400] "GET /cs102f14/notes1201.html HTTP/1.1" 200 5578 "-" "Mozilla/5.0 (compatible; Googlebot/2.1; +http://www.google.com/bot.html)"
::ffff:110.93.94.238 - - [30/Jun/2015:02:38:31 -0400] "GET /cs102f14/unit-circle-1.png HTTP/1.1" 200 65292 "https://www.google.com.ph/" "Mozilla/5.0 (Windows NT 6.1; WOW64) AppleWebKit/537.36 (KHTML, like Gecko) Chrome/43.0.2357.130 Safari/537.36"
::ffff:66.249.79.83 - - [30/Jun/2015:02:44:22 -0400] "GET /cs101s15/n7-python.html HTTP/1.1" 200 8928 "-" "Mozilla/5.0 (compatible; Googlebot/2.1; +http://www.google.com/bot.html)"
::ffff:141.8.143.187 - - [30/Jun/2015:02:46:18 -0400] "GET /cs102f14/notes1208.html HTTP/1.1" 200 2361 "-" "Mozilla/5.0 (compatible; YandexBot/3.0; +http://yandex.com/bots)"
::ffff:66.249.79.83 - - [30/Jun/2015:02:50:15 -0400] "GET /cs101f13/n1-binary.html HTTP/1.1" 200 6550 "-" "Mozilla/5.0 (compatible; Googlebot/2.1; +http://www.google.com/bot.html)"
::ffff:66.249.79.70 - - [30/Jun/2015:03:02:26 -0400] "GET /cs101f14/cs101f14.pdf HTTP/1.1" 200 65387 "-" "Mozilla/5.0 (compatible; Googlebot/2.1; +http://www.google.com/bot.html)"
::ffff:141.8.143.187 - - [30/Jun/2015:03:07:54 -0400] "GET /cs101f13/n1-binary.html HTTP/1.1" 200 6550 "-" "Mozilla/5.0 (compatible; YandexBot/3.0; +http://yandex.com/bots)"
::ffff:66.249.79.96 - - [30/Jun/2015:03:11:02 -0400] "GET /cs101s14/a7.html HTTP/1.1" 200 4102 "-" "Mozilla/5.0 (compatible; Googlebot/2.1; +http://www.google.com/bot.html)"
::ffff:157.55.39.162 - - [30/Jun/2015:03:15:24 -0400] "GET /cs101f13/positional-base5.png HTTP/1.1" 200 16923 "-" "Mozilla/5.0 (compatible; bingbot/2.0; +http://www.bing.com/bingbot.htm)"
::ffff:157.55.39.162 - - [30/Jun/2015:03:19:31 -0400] "GET /cs101f13/wheel-3bit.png HTTP/1.1" 200 6909 "-" "Mozilla/5.0 (compatible; bingbot/2.0; +http://www.bing.com/bingbot.htm)"
::ffff:66.249.79.96 - - [30/Jun/2015:03:21:14 -0400] "GET /cs164s15/ HTTP/1.1" 200 6868 "-" "Mozilla/5.0 (compatible; Googlebot/2.1; +http://www.google.com/bot.html)"
::ffff:117.205.118.65 - - [30/Jun/2015:03:22:20 -0400] "GET /cs101f13/positional-base2.png HTTP/1.1" 200 11180 "-" "Mozilla/4.0 (compatible; MSIE 7.0; Windows NT 6.1; Trident/4.0; SLCC2; .NET CLR 2.0.50727; .NET CLR 3.5.30729; .NET CLR 3.0.30729; Media Center PC 6.0; InfoPath.2; .NET4.0C; .NET4.0E; AskTB5.6; MSOffice 12)"
::ffff:65.55.211.244 - - [30/Jun/2015:03:25:53 -0400] "GET /cs101f12/1105.html HTTP/1.1" 200 1881 "-" "Mozilla/5.0 (compatible; MSIE 9.0; Windows NT 6.0; Trident/5.0;  Trident/5.0)"
::ffff:65.55.211.244 - - [30/Jun/2015:03:25:54 -0400] "GET /assets/css/bootstrap.css HTTP/1.1" 200 115072 "https://liucs.net/cs101f12/1105.html" "Mozilla/5.0 (compatible; MSIE 9.0; Windows NT 6.0; Trident/5.0;  Trident/5.0)"
::ffff:65.55.212.64 - - [30/Jun/2015:03:25:54 -0400] "GET /assets/css/bootstrap-responsive.css HTTP/1.1" 200 20470 "https://liucs.net/cs101f12/1105.html" "Mozilla/5.0 (compatible; MSIE 9.0; Windows NT 6.0; Trident/5.0;  Trident/5.0)"
::ffff:65.55.218.46 - - [30/Jun/2015:03:25:54 -0400] "GET /cs101f12/style.css HTTP/1.1" 200 1488 "https://liucs.net/cs101f12/1105.html" "Mozilla/5.0 (compatible; MSIE 9.0; Windows NT 6.0; Trident/5.0;  Trident/5.0)"
::ffff:65.55.211.244 - - [30/Jun/2015:03:25:54 -0400] "GET /cs101f12/script.js HTTP/1.1" 200 332 "https://liucs.net/cs101f12/1105.html" "Mozilla/5.0 (compatible; MSIE 9.0; Windows NT 6.0; Trident/5.0;  Trident/5.0)"
::ffff:65.55.218.46 - - [30/Jun/2015:03:25:55 -0400] "GET /assets/js/bootstrap-dropdown.js HTTP/1.1" 200 3948 "https://liucs.net/cs101f12/1105.html" "Mozilla/5.0 (compatible; MSIE 9.0; Windows NT 6.0; Trident/5.0;  Trident/5.0)"
::ffff:65.55.211.244 - - [30/Jun/2015:03:25:55 -0400] "GET /assets/js/bootstrap-collapse.js HTTP/1.1" 200 4500 "https://liucs.net/cs101f12/1105.html" "Mozilla/5.0 (compatible; MSIE 9.0; Windows NT 6.0; Trident/5.0;  Trident/5.0)"
::ffff:65.55.211.250 - - [30/Jun/2015:03:25:55 -0400] "GET /assets/js/jquery.js HTTP/1.1" 200 94839 "https://liucs.net/cs101f12/1105.html" "Mozilla/5.0 (compatible; MSIE 9.0; Windows NT 6.0; Trident/5.0;  Trident/5.0)"
::ffff:65.55.212.64 - - [30/Jun/2015:03:26:01 -0400] "GET /assets/img/glyphicons-halflings.png HTTP/1.1" 200 12799 "https://liucs.net/cs101f12/1105.html" "Mozilla/5.0 (compatible; MSIE 9.0; Windows NT 6.0; Trident/5.0;  Trident/5.0)"
::ffff:157.55.39.116 - - [30/Jun/2015:03:28:34 -0400] "GET /cs101s14/icons/5767a9.png HTTP/1.1" 200 520 "-" "Mozilla/5.0 (compatible; bingbot/2.0; +http://www.bing.com/bingbot.htm)"
::ffff:66.249.79.83 - - [30/Jun/2015:03:32:08 -0400] "GET /cs164s11/notes01.pdf HTTP/1.1" 200 13084 "-" "Mozilla/5.0 (compatible; Googlebot/2.1; +http://www.google.com/bot.html)"
::ffff:100.43.90.9 - - [30/Jun/2015:03:37:38 -0400] "GET /cs164s13/m2.html HTTP/1.1" 200 5849 "-" "Mozilla/5.0 (compatible; YandexBot/3.0; +http://yandex.com/bots)"
::ffff:66.249.79.83 - - [30/Jun/2015:03:40:28 -0400] "GET /cs162f12/style.css HTTP/1.1" 200 1488 "-" "Mozilla/5.0 (compatible; Googlebot/2.1; +http://www.google.com/bot.html)"
::ffff:141.8.143.187 - - [30/Jun/2015:03:46:17 -0400] "GET /cs101s14/a7.html HTTP/1.1" 200 4102 "-" "Mozilla/5.0 (compatible; YandexBot/3.0; +http://yandex.com/bots)"
::ffff:66.249.79.96 - - [30/Jun/2015:03:54:50 -0400] "GET /cs101s15/a2-media.html HTTP/1.1" 200 3553 "-" "Mozilla/5.0 (compatible; Googlebot/2.1; +http://www.google.com/bot.html)"
::ffff:91.232.177.254 - - [30/Jun/2015:03:58:45 -0400] "GET /cs164s13/dictionary.html HTTP/1.1" 200 3173 "https://www.google.com.ua/url?sa=t&rct=j&q=&esrc=s&source=web&cd=1&cad=rja&uact=8&ved=0CBwQFjAA&url=https%3A%2F%2Fliucs.net%2Fcs164s13%2Fdictionary.html&ei=MEySVfbnBqizygOMh7b4Cg&usg=AFQjCNFhWRNYn8W01l7SbfEq0anibWAgOA&sig2=qXWgCJVlU_T-XIHlglNmXg&bvm=bv.96783405,d.bGQ" "Mozilla/5.0 (X11; Ubuntu; Linux x86_64; rv:20.0) Gecko/20100101 Firefox/20.0"
::ffff:91.232.177.254 - - [30/Jun/2015:03:58:45 -0400] "GET /assets/css/bootstrap.css HTTP/1.1" 200 115072 "https://liucs.net/cs164s13/dictionary.html" "Mozilla/5.0 (X11; Ubuntu; Linux x86_64; rv:20.0) Gecko/20100101 Firefox/20.0"
::ffff:91.232.177.254 - - [30/Jun/2015:03:58:45 -0400] "GET /cs164s13/style.css HTTP/1.1" 200 1488 "https://liucs.net/cs164s13/dictionary.html" "Mozilla/5.0 (X11; Ubuntu; Linux x86_64; rv:20.0) Gecko/20100101 Firefox/20.0"
::ffff:91.232.177.254 - - [30/Jun/2015:03:58:45 -0400] "GET /assets/css/bootstrap-responsive.css HTTP/1.1" 200 20470 "https://liucs.net/cs164s13/dictionary.html" "Mozilla/5.0 (X11; Ubuntu; Linux x86_64; rv:20.0) Gecko/20100101 Firefox/20.0"
::ffff:91.232.177.254 - - [30/Jun/2015:03:58:46 -0400] "GET /assets/js/jquery.js HTTP/1.1" 200 94839 "https://liucs.net/cs164s13/dictionary.html" "Mozilla/5.0 (X11; Ubuntu; Linux x86_64; rv:20.0) Gecko/20100101 Firefox/20.0"
::ffff:91.232.177.254 - - [30/Jun/2015:03:58:46 -0400] "GET /cs164s13/script.js HTTP/1.1" 200 332 "https://liucs.net/cs164s13/dictionary.html" "Mozilla/5.0 (X11; Ubuntu; Linux x86_64; rv:20.0) Gecko/20100101 Firefox/20.0"
::ffff:91.232.177.254 - - [30/Jun/2015:03:58:46 -0400] "GET /assets/js/bootstrap-dropdown.js HTTP/1.1" 200 3948 "https://liucs.net/cs164s13/dictionary.html" "Mozilla/5.0 (X11; Ubuntu; Linux x86_64; rv:20.0) Gecko/20100101 Firefox/20.0"
::ffff:91.232.177.254 - - [30/Jun/2015:03:58:46 -0400] "GET /assets/js/bootstrap-collapse.js HTTP/1.1" 200 4500 "https://liucs.net/cs164s13/dictionary.html" "Mozilla/5.0 (X11; Ubuntu; Linux x86_64; rv:20.0) Gecko/20100101 Firefox/20.0"
::ffff:66.249.79.83 - - [30/Jun/2015:04:01:11 -0400] "GET /cs101s15/heximage.html?p=2&w=16&h=8&r=030006000c00180030006000c00000&g=030006660c3c18ff303c6066c00000&b=00000066003c00ff003c0066000000 HTTP/1.1" 200 733 "-" "Mozilla/5.0 (compatible; Googlebot/2.1; +http://www.google.com/bot.html)"
::ffff:66.249.79.83 - - [30/Jun/2015:04:02:15 -0400] "GET /cs101s14/a10-ai.html HTTP/1.1" 200 3259 "-" "Mozilla/5.0 (compatible; Googlebot/2.1; +http://www.google.com/bot.html)"
::ffff:66.249.79.96 - - [30/Jun/2015:04:03:47 -0400] "GET /cs101s15/postfix-example.jpg HTTP/1.1" 200 56004 "-" "Googlebot-Image/1.0"
::ffff:141.8.143.187 - - [30/Jun/2015:04:08:03 -0400] "GET /cs164s15/v/cs164-2015-04-08.html HTTP/1.1" 200 849 "-" "Mozilla/5.0 (compatible; YandexBot/3.0; +http://yandex.com/bots)"
::ffff:66.249.79.96 - - [30/Jun/2015:04:20:20 -0400] "GET /cs164s13/absolute.html HTTP/1.1" 200 3540 "-" "Mozilla/5.0 (compatible; Googlebot/2.1; +http://www.google.com/bot.html)"
::ffff:66.249.79.70 - - [30/Jun/2015:04:21:39 -0400] "GET /cs101s13/python-cond.html HTTP/1.1" 200 4792 "-" "Mozilla/5.0 (iPhone; CPU iPhone OS 6_0 like Mac OS X) AppleWebKit/536.26 (KHTML, like Gecko) Version/6.0 Mobile/10A5376e Safari/8536.25 (compatible; Googlebot/2.1; +http://www.google.com/bot.html)"
::ffff:213.125.19.235 - - [30/Jun/2015:04:26:06 -0400] "GET /cs164s14/android-hello-preview.png HTTP/1.1" 200 34270 "http://www.chiefdelphi.com/forums/showthread.php?t=136365&page=4" "Mozilla/5.0 (Windows NT 6.3; WOW64; Trident/7.0; Touch; rv:11.0) like Gecko"
::ffff:141.8.143.187 - - [30/Jun/2015:04:29:50 -0400] "GET /cs102f14/notes1013.html HTTP/1.1" 200 3381 "-" "Mozilla/5.0 (compatible; YandexBot/3.0; +http://yandex.com/bots)"
::ffff:66.249.79.83 - - [30/Jun/2015:04:33:07 -0400] "GET /cs102f14/notes1027.html HTTP/1.1" 200 2445 "-" "Mozilla/5.0 (compatible; Googlebot/2.1; +http://www.google.com/bot.html)"
::ffff:123.126.113.81 - - [30/Jun/2015:04:39:46 -0400] "GET /cs164s13/drawable-array.html HTTP/1.1" 304 0 "-" "Sogou web spider/4.0(+http://www.sogou.com/docs/help/webmasters.htm#07)"
::ffff:66.249.79.83 - - [30/Jun/2015:04:41:12 -0400] "GET /cs101s12/a4.html HTTP/1.1" 200 2829 "-" "Mozilla/5.0 (compatible; Googlebot/2.1; +http://www.google.com/bot.html)"
::ffff:141.8.143.187 - - [30/Jun/2015:04:51:36 -0400] "GET /cs164s15/setup.html HTTP/1.1" 200 5634 "-" "Mozilla/5.0 (compatible; YandexBot/3.0; +http://yandex.com/bots)"
::ffff:66.249.79.83 - - [30/Jun/2015:04:52:00 -0400] "GET /cs101s14/a2-compress.html HTTP/1.1" 200 4295 "-" "Mozilla/5.0 (compatible; Googlebot/2.1; +http://www.google.com/bot.html)"
::ffff:66.249.79.96 - - [30/Jun/2015:05:02:42 -0400] "GET /cs101f13/n3-media.html HTTP/1.1" 200 10582 "-" "Mozilla/5.0 (compatible; Googlebot/2.1; +http://www.google.com/bot.html)"
::ffff:180.76.15.161 - - [30/Jun/2015:05:12:27 -0400] "GET /cs102s11/notes12.html HTTP/1.1" 301 184 "-" "Mozilla/5.0 (compatible; Baiduspider/2.0; +http://www.baidu.com/search/spider.html)"
::ffff:180.76.15.135 - - [30/Jun/2015:05:12:28 -0400] "GET /cs102s11/notes12.html HTTP/1.1" 200 1251 "-" "Mozilla/5.0 (compatible; Baiduspider/2.0; +http://www.baidu.com/search/spider.html)"
::ffff:180.76.15.135 - - [30/Jun/2015:05:12:29 -0400] "GET /share/js/dates.js HTTP/1.1" 200 2511 "https://liucs.net/cs102s11/notes12.html" "Mozilla/5.0 (compatible; Baiduspider/2.0; +http://www.baidu.com/search/spider.html)"
::ffff:180.76.15.151 - - [30/Jun/2015:05:12:29 -0400] "GET /l3media/960/reset.css HTTP/1.1" 404 142 "https://liucs.net/cs102s11/notes12.html" "Mozilla/5.0 (compatible; Baiduspider/2.0; +http://www.baidu.com/search/spider.html)"
::ffff:180.76.15.138 - - [30/Jun/2015:05:12:29 -0400] "GET /l3media/960/text.css HTTP/1.1" 404 142 "https://liucs.net/cs102s11/notes12.html" "Mozilla/5.0 (compatible; Baiduspider/2.0; +http://www.baidu.com/search/spider.html)"
::ffff:180.76.15.144 - - [30/Jun/2015:05:12:29 -0400] "GET /share/style/style.css HTTP/1.1" 200 3913 "https://liucs.net/cs102s11/notes12.html" "Mozilla/5.0 (compatible; Baiduspider/2.0; +http://www.baidu.com/search/spider.html)"
::ffff:180.76.15.156 - - [30/Jun/2015:05:12:29 -0400] "GET /l3media/jquery.min.js HTTP/1.1" 404 142 "https://liucs.net/cs102s11/notes12.html" "Mozilla/5.0 (compatible; Baiduspider/2.0; +http://www.baidu.com/search/spider.html)"
::ffff:180.76.15.137 - - [30/Jun/2015:05:12:29 -0400] "GET /l3media/nav.js HTTP/1.1" 404 142 "https://liucs.net/cs102s11/notes12.html" "Mozilla/5.0 (compatible; Baiduspider/2.0; +http://www.baidu.com/search/spider.html)"
::ffff:141.8.143.187 - - [30/Jun/2015:05:13:24 -0400] "GET /cs101s13/e2pr.pdf HTTP/1.1" 200 129670 "-" "Mozilla/5.0 (compatible; YandexBot/3.0; +http://yandex.com/bots)"
::ffff:157.55.39.116 - - [30/Jun/2015:05:18:01 -0400] "GET /cs101s13/python-cond.html&rct HTTP/1.1" 404 142 "-" "Mozilla/5.0 (compatible; bingbot/2.0; +http://www.bing.com/bingbot.htm)"
::ffff:66.249.79.96 - - [30/Jun/2015:05:24:47 -0400] "GET /cs101s15/n8-os.html HTTP/1.1" 200 4083 "-" "Mozilla/5.0 (compatible; Googlebot/2.1; +http://www.google.com/bot.html)"
::ffff:180.76.15.137 - - [30/Jun/2015:05:28:12 -0400] "GET /cs102f12/1010.html HTTP/1.1" 301 184 "-" "Mozilla/5.0 (compatible; Baiduspider/2.0; +http://www.baidu.com/search/spider.html)"
::ffff:180.76.15.135 - - [30/Jun/2015:05:28:13 -0400] "GET /cs102f12/1010.html HTTP/1.1" 200 2651 "-" "Mozilla/5.0 (compatible; Baiduspider/2.0; +http://www.baidu.com/search/spider.html)"
::ffff:180.76.15.135 - - [30/Jun/2015:05:28:13 -0400] "GET /assets/js/bootstrap-dropdown.js HTTP/1.1" 200 3948 "https://liucs.net/cs102f12/1010.html" "Mozilla/5.0 (compatible; Baiduspider/2.0; +http://www.baidu.com/search/spider.html)"
::ffff:180.76.15.135 - - [30/Jun/2015:05:28:13 -0400] "GET /assets/js/bootstrap-collapse.js HTTP/1.1" 200 4500 "https://liucs.net/cs102f12/1010.html" "Mozilla/5.0 (compatible; Baiduspider/2.0; +http://www.baidu.com/search/spider.html)"
::ffff:180.76.15.146 - - [30/Jun/2015:05:28:14 -0400] "GET /cs102f12/script.js HTTP/1.1" 200 332 "https://liucs.net/cs102f12/1010.html" "Mozilla/5.0 (compatible; Baiduspider/2.0; +http://www.baidu.com/search/spider.html)"
::ffff:180.76.15.153 - - [30/Jun/2015:05:28:14 -0400] "GET /cs102f12/style.css HTTP/1.1" 200 1488 "https://liucs.net/cs102f12/1010.html" "Mozilla/5.0 (compatible; Baiduspider/2.0; +http://www.baidu.com/search/spider.html)"
::ffff:180.76.15.156 - - [30/Jun/2015:05:28:14 -0400] "GET /assets/css/bootstrap-responsive.css HTTP/1.1" 200 20470 "https://liucs.net/cs102f12/1010.html" "Mozilla/5.0 (compatible; Baiduspider/2.0; +http://www.baidu.com/search/spider.html)"
::ffff:180.76.15.152 - - [30/Jun/2015:05:28:14 -0400] "GET /assets/js/jquery.js HTTP/1.1" 200 94839 "https://liucs.net/cs102f12/1010.html" "Mozilla/5.0 (compatible; Baiduspider/2.0; +http://www.baidu.com/search/spider.html)"
::ffff:180.76.15.136 - - [30/Jun/2015:05:28:14 -0400] "GET /assets/css/bootstrap.css HTTP/1.1" 200 115072 "https://liucs.net/cs102f12/1010.html" "Mozilla/5.0 (compatible; Baiduspider/2.0; +http://www.baidu.com/search/spider.html)"
::ffff:119.93.19.48 - - [30/Jun/2015:05:35:06 -0400] "GET /cs101f13/binary-add.png HTTP/1.1" 200 27043 "https://www.google.com.ph/" "Mozilla/5.0 (Windows NT 6.1) AppleWebKit/537.36 (KHTML, like Gecko) Chrome/43.0.2357.130 Safari/537.36"
::ffff:141.8.143.187 - - [30/Jun/2015:05:35:11 -0400] "GET /cs164s15/v/cs164-2015-04-15.html HTTP/1.1" 200 846 "-" "Mozilla/5.0 (compatible; YandexBot/3.0; +http://yandex.com/bots)"
::ffff:112.175.187.111 - - [30/Jun/2015:05:49:10 -0400] "GET /cs101f13/icon.png HTTP/1.1" 200 19298 "https://www.google.co.kr/" "Mozilla/5.0 (Windows NT 6.1; WOW64) AppleWebKit/537.36 (KHTML, like Gecko) Chrome/43.0.2357.130 Safari/537.36"
::ffff:141.8.143.187 - - [30/Jun/2015:05:56:58 -0400] "GET /cs102f12/1107.html HTTP/1.1" 200 2538 "-" "Mozilla/5.0 (compatible; YandexBot/3.0; +http://yandex.com/bots)"
::ffff:180.76.15.151 - - [30/Jun/2015:05:58:10 -0400] "GET /cs162f12/1107.html HTTP/1.1" 301 184 "-" "Mozilla/5.0 (compatible; Baiduspider/2.0; +http://www.baidu.com/search/spider.html)"
::ffff:180.76.15.141 - - [30/Jun/2015:05:58:13 -0400] "GET /cs162f12/1107.html HTTP/1.1" 200 1415 "-" "Mozilla/5.0 (compatible; Baiduspider/2.0; +http://www.baidu.com/search/spider.html)"
::ffff:180.76.15.141 - - [30/Jun/2015:05:58:25 -0400] "GET /assets/js/bootstrap-dropdown.js HTTP/1.1" 200 3948 "https://liucs.net/cs162f12/1107.html" "Mozilla/5.0 (compatible; Baiduspider/2.0; +http://www.baidu.com/search/spider.html)"
::ffff:180.76.15.152 - - [30/Jun/2015:05:58:25 -0400] "GET /cs162f12/style.css HTTP/1.1" 200 1488 "https://liucs.net/cs162f12/1107.html" "Mozilla/5.0 (compatible; Baiduspider/2.0; +http://www.baidu.com/search/spider.html)"
::ffff:180.76.15.141 - - [30/Jun/2015:05:58:25 -0400] "GET /cs162f12/script.js HTTP/1.1" 200 332 "https://liucs.net/cs162f12/1107.html" "Mozilla/5.0 (compatible; Baiduspider/2.0; +http://www.baidu.com/search/spider.html)"
::ffff:180.76.15.150 - - [30/Jun/2015:05:58:25 -0400] "GET /assets/js/bootstrap-collapse.js HTTP/1.1" 200 4500 "https://liucs.net/cs162f12/1107.html" "Mozilla/5.0 (compatible; Baiduspider/2.0; +http://www.baidu.com/search/spider.html)"
::ffff:180.76.15.152 - - [30/Jun/2015:05:58:26 -0400] "GET /assets/js/jquery.js HTTP/1.1" 200 94839 "https://liucs.net/cs162f12/1107.html" "Mozilla/5.0 (compatible; Baiduspider/2.0; +http://www.baidu.com/search/spider.html)"
::ffff:66.249.79.70 - - [30/Jun/2015:06:08:48 -0400] "GET /cs101s15/secboffin-xor.png HTTP/1.1" 200 18437 "-" "Googlebot-Image/1.0"
::ffff:66.249.79.96 - - [30/Jun/2015:06:09:21 -0400] "GET /cs164s13/animate.html HTTP/1.1" 200 3710 "-" "Mozilla/5.0 (iPhone; CPU iPhone OS 6_0 like Mac OS X) AppleWebKit/536.26 (KHTML, like Gecko) Version/6.0 Mobile/10A5376e Safari/8536.25 (compatible; Googlebot/2.1; +http://www.google.com/bot.html)"
::ffff:66.249.79.96 - - [30/Jun/2015:06:14:17 -0400] "GET /cs164s13/absolute.html HTTP/1.1" 200 3540 "-" "Mozilla/5.0 (compatible; Googlebot/2.1; +http://www.google.com/bot.html)"
::ffff:141.8.143.187 - - [30/Jun/2015:06:18:44 -0400] "GET /cs101s13/q2sol.html HTTP/1.1" 200 2636 "-" "Mozilla/5.0 (compatible; YandexBot/3.0; +http://yandex.com/bots)"
::ffff:66.249.79.70 - - [30/Jun/2015:06:32:45 -0400] "GET /cs101s13/heximage.html?p=8&w=12&h=16&r=eeefff564bddb37abcd56eeeeddd5432febcadab96384a04a&g=aaabbbcd112233fdeefafa67bdefbca224466eda7a6a3b4e&b=1a2b3c4d5e6fa1b2c3d4e5f6a2b4bb1aa2cc4dd35ee4fa7b HTTP/1.1" 200 718 "-" "Mozilla/5.0 (compatible; Googlebot/2.1; +http://www.google.com/bot.html)"
::ffff:49.248.31.58 - - [30/Jun/2015:06:40:11 -0400] "GET /cs164s13/layout-canvas.html HTTP/1.1" 200 4183 "https://www.google.co.in/url?sa=t&rct=j&q=&esrc=s&source=web&cd=4&ved=0CC8QFjAD&url=https%3A%2F%2Fliucs.net%2Fcs164s13%2Flayout-canvas.html&ei=B3KSVYjfDtGUuATN5IKgCA&usg=AFQjCNEusSxKKKddgZe-7Rbgt_auGFfMfQ&sig2=hMkPWMrY37BlxFsZ4rZ_Jw" "Mozilla/5.0 (Windows NT 6.3; WOW64; rv:39.0) Gecko/20100101 Firefox/39.0"
::ffff:49.248.31.58 - - [30/Jun/2015:06:40:12 -0400] "GET /cs164s13/style.css HTTP/1.1" 200 1488 "https://liucs.net/cs164s13/layout-canvas.html" "Mozilla/5.0 (Windows NT 6.3; WOW64; rv:39.0) Gecko/20100101 Firefox/39.0"
::ffff:49.248.31.58 - - [30/Jun/2015:06:40:12 -0400] "GET /assets/css/bootstrap-responsive.css HTTP/1.1" 200 20470 "https://liucs.net/cs164s13/layout-canvas.html" "Mozilla/5.0 (Windows NT 6.3; WOW64; rv:39.0) Gecko/20100101 Firefox/39.0"
::ffff:49.248.31.58 - - [30/Jun/2015:06:40:13 -0400] "GET /assets/js/jquery.js HTTP/1.1" 200 94839 "https://liucs.net/cs164s13/layout-canvas.html" "Mozilla/5.0 (Windows NT 6.3; WOW64; rv:39.0) Gecko/20100101 Firefox/39.0"
::ffff:49.248.31.58 - - [30/Jun/2015:06:40:13 -0400] "GET /cs164s13/script.js HTTP/1.1" 200 332 "https://liucs.net/cs164s13/layout-canvas.html" "Mozilla/5.0 (Windows NT 6.3; WOW64; rv:39.0) Gecko/20100101 Firefox/39.0"
::ffff:49.248.31.58 - - [30/Jun/2015:06:40:13 -0400] "GET /assets/js/bootstrap-dropdown.js HTTP/1.1" 200 3948 "https://liucs.net/cs164s13/layout-canvas.html" "Mozilla/5.0 (Windows NT 6.3; WOW64; rv:39.0) Gecko/20100101 Firefox/39.0"
::ffff:49.248.31.58 - - [30/Jun/2015:06:40:13 -0400] "GET /assets/js/bootstrap-collapse.js HTTP/1.1" 200 4500 "https://liucs.net/cs164s13/layout-canvas.html" "Mozilla/5.0 (Windows NT 6.3; WOW64; rv:39.0) Gecko/20100101 Firefox/39.0"
::ffff:49.248.31.58 - - [30/Jun/2015:06:40:14 -0400] "GET /assets/css/bootstrap.css HTTP/1.1" 200 115072 "https://liucs.net/cs164s13/layout-canvas.html" "Mozilla/5.0 (Windows NT 6.3; WOW64; rv:39.0) Gecko/20100101 Firefox/39.0"
::ffff:49.248.31.58 - - [30/Jun/2015:06:40:16 -0400] "GET /cs164s13/android-hello2.png HTTP/1.1" 200 19572 "https://liucs.net/cs164s13/layout-canvas.html" "Mozilla/5.0 (Windows NT 6.3; WOW64; rv:39.0) Gecko/20100101 Firefox/39.0"
::ffff:49.248.31.58 - - [30/Jun/2015:06:40:17 -0400] "GET /cs164s13/android-log.png HTTP/1.1" 200 58344 "https://liucs.net/cs164s13/layout-canvas.html" "Mozilla/5.0 (Windows NT 6.3; WOW64; rv:39.0) Gecko/20100101 Firefox/39.0"
::ffff:141.8.143.187 - - [30/Jun/2015:06:40:30 -0400] "GET /cs164s15/v/cs164-2015-03-06.html HTTP/1.1" 200 849 "-" "Mozilla/5.0 (compatible; YandexBot/3.0; +http://yandex.com/bots)"
::ffff:66.249.79.70 - - [30/Jun/2015:06:42:27 -0400] "GET /cs101s14/a10-ai.html HTTP/1.1" 200 3259 "-" "Mozilla/5.0 (compatible; Googlebot/2.1; +http://www.google.com/bot.html)"
::ffff:66.102.6.196 - - [30/Jun/2015:06:44:21 -0400] "GET /cs102f11/schedule.ics HTTP/1.1" 301 184 "-" "Google-Calendar-Importer"
::ffff:66.102.6.162 - - [30/Jun/2015:06:44:22 -0400] "GET /cs102f11/schedule.ics HTTP/1.1" 200 8601 "-" "Google-Calendar-Importer"
::ffff:137.191.239.249 - - [30/Jun/2015:06:45:03 -0400] "GET /cs164s13/drawable-array.html HTTP/1.1" 200 5007 "https://www.google.ie/" "Mozilla/5.0 (Windows NT 6.3; WOW64) AppleWebKit/537.36 (KHTML, like Gecko) Chrome/43.0.2357.130 Safari/537.36"
::ffff:137.191.239.249 - - [30/Jun/2015:06:45:04 -0400] "GET /assets/css/bootstrap.css HTTP/1.1" 200 115072 "https://liucs.net/cs164s13/drawable-array.html" "Mozilla/5.0 (Windows NT 6.3; WOW64) AppleWebKit/537.36 (KHTML, like Gecko) Chrome/43.0.2357.130 Safari/537.36"
::ffff:137.191.239.249 - - [30/Jun/2015:06:45:04 -0400] "GET /assets/css/bootstrap-responsive.css HTTP/1.1" 200 20470 "https://liucs.net/cs164s13/drawable-array.html" "Mozilla/5.0 (Windows NT 6.3; WOW64) AppleWebKit/537.36 (KHTML, like Gecko) Chrome/43.0.2357.130 Safari/537.36"
::ffff:137.191.239.249 - - [30/Jun/2015:06:45:04 -0400] "GET /cs164s13/style.css HTTP/1.1" 200 1488 "https://liucs.net/cs164s13/drawable-array.html" "Mozilla/5.0 (Windows NT 6.3; WOW64) AppleWebKit/537.36 (KHTML, like Gecko) Chrome/43.0.2357.130 Safari/537.36"
::ffff:137.191.239.249 - - [30/Jun/2015:06:45:04 -0400] "GET /cs164s13/script.js HTTP/1.1" 200 332 "https://liucs.net/cs164s13/drawable-array.html" "Mozilla/5.0 (Windows NT 6.3; WOW64) AppleWebKit/537.36 (KHTML, like Gecko) Chrome/43.0.2357.130 Safari/537.36"
::ffff:137.191.239.249 - - [30/Jun/2015:06:45:04 -0400] "GET /assets/js/bootstrap-dropdown.js HTTP/1.1" 200 3948 "https://liucs.net/cs164s13/drawable-array.html" "Mozilla/5.0 (Windows NT 6.3; WOW64) AppleWebKit/537.36 (KHTML, like Gecko) Chrome/43.0.2357.130 Safari/537.36"
::ffff:137.191.239.249 - - [30/Jun/2015:06:45:04 -0400] "GET /assets/js/bootstrap-collapse.js HTTP/1.1" 200 4500 "https://liucs.net/cs164s13/drawable-array.html" "Mozilla/5.0 (Windows NT 6.3; WOW64) AppleWebKit/537.36 (KHTML, like Gecko) Chrome/43.0.2357.130 Safari/537.36"
::ffff:137.191.239.249 - - [30/Jun/2015:06:45:05 -0400] "GET /assets/js/jquery.js HTTP/1.1" 200 94839 "https://liucs.net/cs164s13/drawable-array.html" "Mozilla/5.0 (Windows NT 6.3; WOW64) AppleWebKit/537.36 (KHTML, like Gecko) Chrome/43.0.2357.130 Safari/537.36"
::ffff:137.191.239.249 - - [30/Jun/2015:06:45:08 -0400] "GET /favicon.ico HTTP/1.1" 200 1150 "https://liucs.net/cs164s13/drawable-array.html" "Mozilla/5.0 (Windows NT 6.3; WOW64) AppleWebKit/537.36 (KHTML, like Gecko) Chrome/43.0.2357.130 Safari/537.36"
::ffff:180.76.15.137 - - [30/Jun/2015:06:52:53 -0400] "GET /cs102f13/q3.sol.html HTTP/1.1" 301 184 "-" "Mozilla/5.0 (compatible; Baiduspider/2.0; +http://www.baidu.com/search/spider.html)"
::ffff:180.76.15.146 - - [30/Jun/2015:06:52:59 -0400] "GET /cs102f13/q3.sol.html HTTP/1.1" 200 2595 "-" "Mozilla/5.0 (compatible; Baiduspider/2.0; +http://www.baidu.com/search/spider.html)"
::ffff:180.76.15.151 - - [30/Jun/2015:06:53:00 -0400] "GET /assets/gen/f13/head.js HTTP/1.1" 200 18136 "https://liucs.net/cs102f13/q3.sol.html" "Mozilla/5.0 (compatible; Baiduspider/2.0; +http://www.baidu.com/search/spider.html)"
::ffff:180.76.15.145 - - [30/Jun/2015:06:53:00 -0400] "GET /assets/gen/f13/script.js HTTP/1.1" 200 183538 "https://liucs.net/cs102f13/q3.sol.html" "Mozilla/5.0 (compatible; Baiduspider/2.0; +http://www.baidu.com/search/spider.html)"
::ffff:180.76.15.143 - - [30/Jun/2015:06:53:00 -0400] "GET /assets/gen/f13/style.css HTTP/1.1" 200 99383 "https://liucs.net/cs102f13/q3.sol.html" "Mozilla/5.0 (compatible; Baiduspider/2.0; +http://www.baidu.com/search/spider.html)"
::ffff:62.7.75.175 - - [30/Jun/2015:06:58:01 -0400] "GET /cs101s13/python-quiz-example.png HTTP/1.1" 200 121842 "https://www.google.co.uk/blank.html" "Mozilla/5.0 (Windows NT 6.1; WOW64; Trident/7.0; rv:11.0) like Gecko"
::ffff:64.79.85.205 - - [30/Jun/2015:06:58:54 -0400] "GET /cs101f11/ HTTP/1.1" 200 2548 "-" "Mozilla/5.0 (compatible; SMTBot/1.0; +http://www.similartech.com/smtbot)"
::ffff:64.79.85.205 - - [30/Jun/2015:06:58:54 -0400] "GET /cs162f12/ HTTP/1.1" 200 5290 "-" "Mozilla/5.0 (compatible; SMTBot/1.0; +http://www.similartech.com/smtbot)"
::ffff:64.79.85.205 - - [30/Jun/2015:06:58:54 -0400] "GET /cs164s12/ HTTP/1.1" 200 2536 "-" "Mozilla/5.0 (compatible; SMTBot/1.0; +http://www.similartech.com/smtbot)"
::ffff:64.79.85.205 - - [30/Jun/2015:06:58:54 -0400] "GET /cs101f13/ HTTP/1.1" 200 6567 "-" "Mozilla/5.0 (compatible; SMTBot/1.0; +http://www.similartech.com/smtbot)"
::ffff:64.79.85.205 - - [30/Jun/2015:06:58:54 -0400] "GET /cs101s13/ HTTP/1.1" 200 6118 "-" "Mozilla/5.0 (compatible; SMTBot/1.0; +http://www.similartech.com/smtbot)"
::ffff:64.79.85.205 - - [30/Jun/2015:06:58:55 -0400] "GET /cs102f13/ HTTP/1.1" 200 6660 "-" "Mozilla/5.0 (compatible; SMTBot/1.0; +http://www.similartech.com/smtbot)"
::ffff:64.79.85.205 - - [30/Jun/2015:06:58:55 -0400] "GET /cs101s13/os-history.html HTTP/1.1" 200 2225 "-" "Mozilla/5.0 (compatible; SMTBot/1.0; +http://www.similartech.com/smtbot)"
::ffff:64.79.85.205 - - [30/Jun/2015:06:58:55 -0400] "GET /cs101s13/numbers.html HTTP/1.1" 200 1831 "-" "Mozilla/5.0 (compatible; SMTBot/1.0; +http://www.similartech.com/smtbot)"
::ffff:64.79.85.205 - - [30/Jun/2015:06:58:55 -0400] "GET /cs101f13/a3sol.html HTTP/1.1" 200 4822 "-" "Mozilla/5.0 (compatible; SMTBot/1.0; +http://www.similartech.com/smtbot)"
::ffff:64.79.85.205 - - [30/Jun/2015:06:59:45 -0400] "GET /cs101s13/a4sol.html HTTP/1.1" 200 3034 "-" "Mozilla/5.0 (compatible; SMTBot/1.0; +http://www.similartech.com/smtbot)"
::ffff:64.79.85.205 - - [30/Jun/2015:06:59:45 -0400] "GET /cs101s13/python-intro.html HTTP/1.1" 200 5376 "-" "Mozilla/5.0 (compatible; SMTBot/1.0; +http://www.similartech.com/smtbot)"
::ffff:64.79.85.205 - - [30/Jun/2015:06:59:45 -0400] "GET /cs101s13/a6.html HTTP/1.1" 200 3087 "-" "Mozilla/5.0 (compatible; SMTBot/1.0; +http://www.similartech.com/smtbot)"
::ffff:64.79.85.205 - - [30/Jun/2015:06:59:45 -0400] "GET /cs101s13/q3sol.html HTTP/1.1" 200 2467 "-" "Mozilla/5.0 (compatible; SMTBot/1.0; +http://www.similartech.com/smtbot)"
::ffff:64.79.85.205 - - [30/Jun/2015:06:59:45 -0400] "GET /cs101s13/binary.html HTTP/1.1" 200 1966 "-" "Mozilla/5.0 (compatible; SMTBot/1.0; +http://www.similartech.com/smtbot)"
::ffff:64.79.85.205 - - [30/Jun/2015:06:59:45 -0400] "GET /cs101s13/scheduling.html HTTP/1.1" 200 2053 "-" "Mozilla/5.0 (compatible; SMTBot/1.0; +http://www.similartech.com/smtbot)"
::ffff:64.79.85.205 - - [30/Jun/2015:06:59:45 -0400] "GET /cs101s13/gametree.html HTTP/1.1" 200 1709 "-" "Mozilla/5.0 (compatible; SMTBot/1.0; +http://www.similartech.com/smtbot)"
::ffff:64.79.85.205 - - [30/Jun/2015:06:59:45 -0400] "GET /cs101s13/logic-gates.html HTTP/1.1" 200 1919 "-" "Mozilla/5.0 (compatible; SMTBot/1.0; +http://www.similartech.com/smtbot)"
