::ffff:66.249.67.37 - - [28/Jun/2015:17:55:03 -0400] "GET /cs101f13/n3-media.pdf HTTP/1.1" 200 1056291 "-" "Mozilla/5.0 (compatible; Googlebot/2.1; +http://www.google.com/bot.html)"
::ffff:98.155.129.167 - - [28/Jun/2015:17:59:46 -0400] "GET /cs164s15/ HTTP/1.1" 200 6868 "-" "Mozilla/5.0 (Macintosh; Intel Mac OS X 10_10_1) AppleWebKit/600.2.5 (KHTML, like Gecko) Version/8.0.2 Safari/600.2.5"
::ffff:98.155.129.167 - - [28/Jun/2015:17:59:46 -0400] "GET /favicon.ico HTTP/1.1" 200 1150 "https://liucs.net/cs164s15/" "Mozilla/5.0 (Macintosh; Intel Mac OS X 10_10_1) AppleWebKit/600.2.5 (KHTML, like Gecko) Version/8.0.2 Safari/600.2.5"
::ffff:98.155.129.167 - - [28/Jun/2015:17:59:48 -0400] "GET /cs120s15/checkins.html HTTP/1.1" 200 3944 "-" "Mozilla/5.0 (Macintosh; Intel Mac OS X 10_10_1) AppleWebKit/600.2.5 (KHTML, like Gecko) Version/8.0.2 Safari/600.2.5"
::ffff:37.148.166.17 - - [28/Jun/2015:18:04:48 -0400] "HEAD /cs102f14/unit-circle-1.png HTTP/1.1" 200 0 "http://namecheap.com/blah/" "wordpress/2.1.1"
::ffff:172.56.40.194 - - [28/Jun/2015:18:05:07 -0400] "GET /cs101f13/positional-base10.png HTTP/1.1" 200 15531 "https://www.google.com/blank.html" "Mozilla/5.0 (Linux; U; Android 4.3; en-us; SGH-T889 Build/JSS15J) AppleWebKit/534.30 (KHTML, like Gecko) Version/4.0 Mobile Safari/534.30"
::ffff:37.148.166.17 - - [28/Jun/2015:18:08:15 -0400] "HEAD /cs102f14/unit-circle-1.png HTTP/1.1" 200 0 "http://namecheap.com/blah/" "wordpress/2.1.1"
::ffff:180.76.15.159 - - [28/Jun/2015:18:51:20 -0400] "GET /cs164s11/notes02.html HTTP/1.1" 301 184 "-" "Mozilla/5.0 (compatible; Baiduspider/2.0; +http://www.baidu.com/search/spider.html)"
::ffff:180.76.15.136 - - [28/Jun/2015:18:51:21 -0400] "GET /cs164s11/notes02.html HTTP/1.1" 200 4362 "-" "Mozilla/5.0 (compatible; Baiduspider/2.0; +http://www.baidu.com/search/spider.html)"
::ffff:180.76.15.136 - - [28/Jun/2015:18:51:22 -0400] "GET /share/js/dates.js HTTP/1.1" 200 2511 "https://liucs.net/cs164s11/notes02.html" "Mozilla/5.0 (compatible; Baiduspider/2.0; +http://www.baidu.com/search/spider.html)"
::ffff:180.76.15.134 - - [28/Jun/2015:18:51:22 -0400] "GET /l3media/960/reset.css HTTP/1.1" 404 142 "https://liucs.net/cs164s11/notes02.html" "Mozilla/5.0 (compatible; Baiduspider/2.0; +http://www.baidu.com/search/spider.html)"
::ffff:180.76.15.136 - - [28/Jun/2015:18:51:22 -0400] "GET /l3media/jquery.min.js HTTP/1.1" 404 142 "https://liucs.net/cs164s11/notes02.html" "Mozilla/5.0 (compatible; Baiduspider/2.0; +http://www.baidu.com/search/spider.html)"
::ffff:180.76.15.157 - - [28/Jun/2015:18:51:22 -0400] "GET /share/style/style.css HTTP/1.1" 200 3913 "https://liucs.net/cs164s11/notes02.html" "Mozilla/5.0 (compatible; Baiduspider/2.0; +http://www.baidu.com/search/spider.html)"
::ffff:180.76.15.136 - - [28/Jun/2015:18:51:22 -0400] "GET /l3media/nav.js HTTP/1.1" 404 142 "https://liucs.net/cs164s11/notes02.html" "Mozilla/5.0 (compatible; Baiduspider/2.0; +http://www.baidu.com/search/spider.html)"
::ffff:180.76.15.153 - - [28/Jun/2015:18:51:22 -0400] "GET /l3media/960/text.css HTTP/1.1" 404 142 "https://liucs.net/cs164s11/notes02.html" "Mozilla/5.0 (compatible; Baiduspider/2.0; +http://www.baidu.com/search/spider.html)"
::ffff:66.249.67.37 - - [28/Jun/2015:19:19:41 -0400] "GET /cs101f13/a3sol.html HTTP/1.1" 200 4822 "-" "Mozilla/5.0 (iPhone; CPU iPhone OS 6_0 like Mac OS X) AppleWebKit/536.26 (KHTML, like Gecko) Version/6.0 Mobile/10A5376e Safari/8536.25 (compatible; Googlebot/2.1; +http://www.google.com/bot.html)"
::ffff:75.109.94.170 - - [28/Jun/2015:19:28:19 -0400] "GET /cs102f14/notes1006.html HTTP/1.1" 200 6128 "https://www.google.com/url?sa=t&rct=j&q=&esrc=s&source=web&cd=5&ved=0CDkQFjAE&url=https%3A%2F%2Fliucs.net%2Fcs102f14%2Fnotes1006.html&ei=ioKQVcmGM4LRoASasbyAAQ&usg=AFQjCNHJvecsagRc1XW-eH3TTDLucfVu1g" "Mozilla/5.0 (Windows NT 6.3; WOW64; rv:38.0) Gecko/20100101 Firefox/38.0"
::ffff:75.109.94.170 - - [28/Jun/2015:19:28:19 -0400] "GET /assets/gen/f14/head.js HTTP/1.1" 200 18136 "https://liucs.net/cs102f14/notes1006.html" "Mozilla/5.0 (Windows NT 6.3; WOW64; rv:38.0) Gecko/20100101 Firefox/38.0"
::ffff:75.109.94.170 - - [28/Jun/2015:19:28:19 -0400] "GET /assets/gen/f14/style.css HTTP/1.1" 200 134781 "https://liucs.net/cs102f14/notes1006.html" "Mozilla/5.0 (Windows NT 6.3; WOW64; rv:38.0) Gecko/20100101 Firefox/38.0"
::ffff:75.109.94.170 - - [28/Jun/2015:19:28:19 -0400] "GET /assets/gen/f14/script.js HTTP/1.1" 200 203656 "https://liucs.net/cs102f14/notes1006.html" "Mozilla/5.0 (Windows NT 6.3; WOW64; rv:38.0) Gecko/20100101 Firefox/38.0"
::ffff:141.8.143.187 - - [28/Jun/2015:19:29:15 -0400] "GET /cs101s14/a7.html HTTP/1.1" 200 4102 "-" "Mozilla/5.0 (compatible; YandexBot/3.0; +http://yandex.com/bots)"
::ffff:180.76.15.148 - - [28/Jun/2015:19:59:51 -0400] "GET /cs101f12/a07.pdf HTTP/1.1" 301 184 "-" "Mozilla/5.0 (compatible; Baiduspider/2.0; +http://www.baidu.com/search/spider.html)"
::ffff:180.76.15.155 - - [28/Jun/2015:19:59:54 -0400] "GET /cs101f12/a07.pdf HTTP/1.1" 200 34790 "-" "Mozilla/5.0 (compatible; Baiduspider/2.0; +http://www.baidu.com/search/spider.html)"
::ffff:157.55.39.161 - - [28/Jun/2015:20:22:12 -0400] "GET /cs101s14/ HTTP/1.1" 200 6789 "-" "Mozilla/5.0 (compatible; bingbot/2.0; +http://www.bing.com/bingbot.htm)"
::ffff:32.210.219.104 - - [28/Jun/2015:20:24:10 -0400] "GET /cs101s14/frogs.png HTTP/1.1" 200 65294 "https://www.google.com/" "Mozilla/5.0 (Windows NT 5.1) AppleWebKit/537.36 (KHTML, like Gecko) Chrome/43.0.2357.130 Safari/537.36"
::ffff:66.249.80.16 - - [28/Jun/2015:20:26:27 -0400] "GET /cs150s12/schedule.ics HTTP/1.1" 301 184 "-" "Google-Calendar-Importer"
::ffff:66.249.85.151 - - [28/Jun/2015:20:26:28 -0400] "GET /cs150s12/schedule.ics HTTP/1.1" 200 2354 "-" "Google-Calendar-Importer"
::ffff:66.249.67.54 - - [28/Jun/2015:20:26:46 -0400] "GET /cs101s15/n4-logic.pdf HTTP/1.1" 200 277143 "-" "Mozilla/5.0 (compatible; Googlebot/2.1; +http://www.google.com/bot.html)"
::ffff:141.8.143.187 - - [28/Jun/2015:20:27:47 -0400] "GET /cs164s14/ HTTP/1.1" 200 6644 "-" "Mozilla/5.0 (compatible; YandexBot/3.0; +http://yandex.com/bots)"
::ffff:180.76.15.137 - - [28/Jun/2015:20:29:30 -0400] "GET /cs164s13/handler.html HTTP/1.1" 301 184 "-" "Mozilla/5.0 (compatible; Baiduspider/2.0; +http://www.baidu.com/search/spider.html)"
::ffff:180.76.15.149 - - [28/Jun/2015:20:29:32 -0400] "GET /cs164s13/handler.html HTTP/1.1" 200 3606 "-" "Mozilla/5.0 (compatible; Baiduspider/2.0; +http://www.baidu.com/search/spider.html)"
::ffff:180.76.15.149 - - [28/Jun/2015:20:29:33 -0400] "GET /assets/js/bootstrap-dropdown.js HTTP/1.1" 200 3948 "https://liucs.net/cs164s13/handler.html" "Mozilla/5.0 (compatible; Baiduspider/2.0; +http://www.baidu.com/search/spider.html)"
::ffff:180.76.15.149 - - [28/Jun/2015:20:29:33 -0400] "GET /assets/js/bootstrap-collapse.js HTTP/1.1" 200 4500 "https://liucs.net/cs164s13/handler.html" "Mozilla/5.0 (compatible; Baiduspider/2.0; +http://www.baidu.com/search/spider.html)"
::ffff:180.76.15.148 - - [28/Jun/2015:20:29:33 -0400] "GET /cs164s13/style.css HTTP/1.1" 200 1488 "https://liucs.net/cs164s13/handler.html" "Mozilla/5.0 (compatible; Baiduspider/2.0; +http://www.baidu.com/search/spider.html)"
::ffff:180.76.15.157 - - [28/Jun/2015:20:29:33 -0400] "GET /cs164s13/script.js HTTP/1.1" 200 332 "https://liucs.net/cs164s13/handler.html" "Mozilla/5.0 (compatible; Baiduspider/2.0; +http://www.baidu.com/search/spider.html)"
::ffff:180.76.15.147 - - [28/Jun/2015:20:29:33 -0400] "GET /assets/css/bootstrap-responsive.css HTTP/1.1" 200 20470 "https://liucs.net/cs164s13/handler.html" "Mozilla/5.0 (compatible; Baiduspider/2.0; +http://www.baidu.com/search/spider.html)"
::ffff:180.76.15.158 - - [28/Jun/2015:20:29:33 -0400] "GET /assets/js/jquery.js HTTP/1.1" 200 94839 "https://liucs.net/cs164s13/handler.html" "Mozilla/5.0 (compatible; Baiduspider/2.0; +http://www.baidu.com/search/spider.html)"
::ffff:180.76.15.151 - - [28/Jun/2015:20:29:33 -0400] "GET /assets/css/bootstrap.css HTTP/1.1" 200 115072 "https://liucs.net/cs164s13/handler.html" "Mozilla/5.0 (compatible; Baiduspider/2.0; +http://www.baidu.com/search/spider.html)"
::ffff:24.103.144.49 - - [28/Jun/2015:20:52:46 -0400] "GET /cs164s14/android-hello-preview.png HTTP/1.1" 200 34270 "http://www.chiefdelphi.com/forums/showthread.php?t=136365&page=4" "Mozilla/5.0 (X11; Ubuntu; Linux i686; rv:38.0) Gecko/20100101 Firefox/38.0"
::ffff:180.76.15.135 - - [28/Jun/2015:21:19:23 -0400] "GET /cs164s12/m1.html HTTP/1.1" 301 184 "-" "Mozilla/5.0 (compatible; Baiduspider/2.0; +http://www.baidu.com/search/spider.html)"
::ffff:180.76.15.163 - - [28/Jun/2015:21:19:26 -0400] "GET /cs164s12/m1.html HTTP/1.1" 200 5729 "-" "Mozilla/5.0 (compatible; Baiduspider/2.0; +http://www.baidu.com/search/spider.html)"
::ffff:190.53.193.123 - - [28/Jun/2015:21:22:18 -0400] "GET /cs164s13/drawable-array.html HTTP/1.1" 200 5007 "https://www.google.hn/" "Mozilla/5.0 (Windows NT 6.3; WOW64) AppleWebKit/537.36 (KHTML, like Gecko) Chrome/43.0.2357.130 Safari/537.36"
::ffff:190.53.193.123 - - [28/Jun/2015:21:22:19 -0400] "GET /assets/css/bootstrap-responsive.css HTTP/1.1" 200 20470 "https://liucs.net/cs164s13/drawable-array.html" "Mozilla/5.0 (Windows NT 6.3; WOW64) AppleWebKit/537.36 (KHTML, like Gecko) Chrome/43.0.2357.130 Safari/537.36"
::ffff:190.53.193.123 - - [28/Jun/2015:21:22:19 -0400] "GET /assets/css/bootstrap.css HTTP/1.1" 200 115072 "https://liucs.net/cs164s13/drawable-array.html" "Mozilla/5.0 (Windows NT 6.3; WOW64) AppleWebKit/537.36 (KHTML, like Gecko) Chrome/43.0.2357.130 Safari/537.36"
::ffff:190.53.193.123 - - [28/Jun/2015:21:22:19 -0400] "GET /cs164s13/style.css HTTP/1.1" 200 1488 "https://liucs.net/cs164s13/drawable-array.html" "Mozilla/5.0 (Windows NT 6.3; WOW64) AppleWebKit/537.36 (KHTML, like Gecko) Chrome/43.0.2357.130 Safari/537.36"
::ffff:190.53.193.123 - - [28/Jun/2015:21:22:19 -0400] "GET /cs164s13/script.js HTTP/1.1" 200 332 "https://liucs.net/cs164s13/drawable-array.html" "Mozilla/5.0 (Windows NT 6.3; WOW64) AppleWebKit/537.36 (KHTML, like Gecko) Chrome/43.0.2357.130 Safari/537.36"
::ffff:190.53.193.123 - - [28/Jun/2015:21:22:19 -0400] "GET /assets/js/bootstrap-dropdown.js HTTP/1.1" 200 3948 "https://liucs.net/cs164s13/drawable-array.html" "Mozilla/5.0 (Windows NT 6.3; WOW64) AppleWebKit/537.36 (KHTML, like Gecko) Chrome/43.0.2357.130 Safari/537.36"
::ffff:190.53.193.123 - - [28/Jun/2015:21:22:19 -0400] "GET /assets/js/bootstrap-collapse.js HTTP/1.1" 200 4500 "https://liucs.net/cs164s13/drawable-array.html" "Mozilla/5.0 (Windows NT 6.3; WOW64) AppleWebKit/537.36 (KHTML, like Gecko) Chrome/43.0.2357.130 Safari/537.36"
::ffff:190.53.193.123 - - [28/Jun/2015:21:22:20 -0400] "GET /assets/js/jquery.js HTTP/1.1" 200 94839 "https://liucs.net/cs164s13/drawable-array.html" "Mozilla/5.0 (Windows NT 6.3; WOW64) AppleWebKit/537.36 (KHTML, like Gecko) Chrome/43.0.2357.130 Safari/537.36"
::ffff:190.53.193.123 - - [28/Jun/2015:21:22:21 -0400] "GET /favicon.ico HTTP/1.1" 200 1150 "https://liucs.net/cs164s13/drawable-array.html" "Mozilla/5.0 (Windows NT 6.3; WOW64) AppleWebKit/537.36 (KHTML, like Gecko) Chrome/43.0.2357.130 Safari/537.36"
::ffff:66.249.67.37 - - [28/Jun/2015:21:39:41 -0400] "GET /cs101f11/ HTTP/1.1" 200 2548 "-" "Mozilla/5.0 (iPhone; CPU iPhone OS 6_0 like Mac OS X) AppleWebKit/536.26 (KHTML, like Gecko) Version/6.0 Mobile/10A5376e Safari/8536.25 (compatible; Googlebot/2.1; +http://www.google.com/bot.html)"
::ffff:66.249.67.54 - - [28/Jun/2015:21:42:24 -0400] "GET /cs101s11/notes17.pdf HTTP/1.1" 200 16670 "-" "Mozilla/5.0 (compatible; Googlebot/2.1; +http://www.google.com/bot.html)"
2602:306:3202:8340:18f1:295e:729:a170 - - [28/Jun/2015:22:04:30 -0400] "GET /cs101f13/wheel-3bit.png HTTP/1.1" 200 6909 "https://www.google.com/" "Mozilla/5.0 (Macintosh; Intel Mac OS X 10_10_3) AppleWebKit/537.36 (KHTML, like Gecko) Chrome/43.0.2357.130 Safari/537.36"
::ffff:180.76.15.147 - - [28/Jun/2015:22:14:15 -0400] "GET /cs101s12/a6.html HTTP/1.1" 301 184 "-" "Mozilla/5.0 (compatible; Baiduspider/2.0; +http://www.baidu.com/search/spider.html)"
::ffff:180.76.15.161 - - [28/Jun/2015:22:14:16 -0400] "GET /cs101s12/a6.html HTTP/1.1" 200 2235 "-" "Mozilla/5.0 (compatible; Baiduspider/2.0; +http://www.baidu.com/search/spider.html)"
::ffff:180.76.15.161 - - [28/Jun/2015:22:14:17 -0400] "GET /share/stylef11.css HTTP/1.1" 200 2935 "https://liucs.net/cs101s12/a6.html" "Mozilla/5.0 (compatible; Baiduspider/2.0; +http://www.baidu.com/search/spider.html)"
::ffff:180.76.15.138 - - [28/Jun/2015:22:14:17 -0400] "GET /share/dates.js HTTP/1.1" 200 342 "https://liucs.net/cs101s12/a6.html" "Mozilla/5.0 (compatible; Baiduspider/2.0; +http://www.baidu.com/search/spider.html)"
::ffff:180.76.15.161 - - [28/Jun/2015:22:14:17 -0400] "GET /share/grid10-60-20.css HTTP/1.1" 200 4723 "https://liucs.net/cs101s12/a6.html" "Mozilla/5.0 (compatible; Baiduspider/2.0; +http://www.baidu.com/search/spider.html)"
::ffff:180.76.15.142 - - [28/Jun/2015:22:14:17 -0400] "GET /share/jquery.min.js HTTP/1.1" 200 79702 "https://liucs.net/cs101s12/a6.html" "Mozilla/5.0 (compatible; Baiduspider/2.0; +http://www.baidu.com/search/spider.html)"
::ffff:141.8.143.187 - - [28/Jun/2015:22:24:50 -0400] "GET /cs164s13/m2.html HTTP/1.1" 200 5849 "-" "Mozilla/5.0 (compatible; YandexBot/3.0; +http://yandex.com/bots)"
::ffff:180.76.15.137 - - [28/Jun/2015:22:29:06 -0400] "GET /cs101f13/n7-python.html HTTP/1.1" 301 184 "-" "Mozilla/5.0 (compatible; Baiduspider/2.0; +http://www.baidu.com/search/spider.html)"
::ffff:180.76.15.156 - - [28/Jun/2015:22:29:07 -0400] "GET /cs101f13/n7-python.html HTTP/1.1" 200 8296 "-" "Mozilla/5.0 (compatible; Baiduspider/2.0; +http://www.baidu.com/search/spider.html)"
::ffff:180.76.15.147 - - [28/Jun/2015:22:29:07 -0400] "GET /assets/gen/s14/head.js HTTP/1.1" 200 18136 "https://liucs.net/cs101f13/n7-python.html" "Mozilla/5.0 (compatible; Baiduspider/2.0; +http://www.baidu.com/search/spider.html)"
::ffff:180.76.15.144 - - [28/Jun/2015:22:29:08 -0400] "GET /assets/gen/s14/style.css HTTP/1.1" 200 99414 "https://liucs.net/cs101f13/n7-python.html" "Mozilla/5.0 (compatible; Baiduspider/2.0; +http://www.baidu.com/search/spider.html)"
::ffff:180.76.15.152 - - [28/Jun/2015:22:29:08 -0400] "GET /assets/gen/s14/script.js HTTP/1.1" 200 183727 "https://liucs.net/cs101f13/n7-python.html" "Mozilla/5.0 (compatible; Baiduspider/2.0; +http://www.baidu.com/search/spider.html)"
::ffff:180.76.15.145 - - [28/Jun/2015:22:30:43 -0400] "GET /cs101s12/fixedenc.pdf HTTP/1.1" 301 184 "-" "Mozilla/5.0 (compatible; Baiduspider/2.0; +http://www.baidu.com/search/spider.html)"
::ffff:180.76.15.151 - - [28/Jun/2015:22:30:44 -0400] "GET /cs101s12/fixedenc.pdf HTTP/1.1" 200 59513 "-" "Mozilla/5.0 (compatible; Baiduspider/2.0; +http://www.baidu.com/search/spider.html)"
::ffff:163.239.199.134 - - [28/Jun/2015:22:32:44 -0400] "GET /cs101s14/python-syntax-error.png HTTP/1.1" 200 7025 "https://www.google.co.kr/" "Mozilla/5.0 (Windows NT 6.1; WOW64) AppleWebKit/537.36 (KHTML, like Gecko) Chrome/43.0.2357.124 Safari/537.36"
::ffff:163.239.199.134 - - [28/Jun/2015:22:32:45 -0400] "GET /cs101s14/n7-python.html HTTP/1.1" 200 8349 "https://www.google.co.kr/" "Mozilla/5.0 (Windows NT 6.1; WOW64) AppleWebKit/537.36 (KHTML, like Gecko) Chrome/43.0.2357.124 Safari/537.36"
::ffff:163.239.199.134 - - [28/Jun/2015:22:32:45 -0400] "GET /assets/gen/s14/head.js HTTP/1.1" 200 18136 "https://liucs.net/cs101s14/n7-python.html" "Mozilla/5.0 (Windows NT 6.1; WOW64) AppleWebKit/537.36 (KHTML, like Gecko) Chrome/43.0.2357.124 Safari/537.36"
::ffff:163.239.199.134 - - [28/Jun/2015:22:32:45 -0400] "GET /assets/gen/s14/style.css HTTP/1.1" 200 99414 "https://liucs.net/cs101s14/n7-python.html" "Mozilla/5.0 (Windows NT 6.1; WOW64) AppleWebKit/537.36 (KHTML, like Gecko) Chrome/43.0.2357.124 Safari/537.36"
::ffff:163.239.199.134 - - [28/Jun/2015:22:32:45 -0400] "GET /cs101s14/python-downloads-33.png HTTP/1.1" 200 13141 "https://liucs.net/cs101s14/n7-python.html" "Mozilla/5.0 (Windows NT 6.1; WOW64) AppleWebKit/537.36 (KHTML, like Gecko) Chrome/43.0.2357.124 Safari/537.36"
::ffff:163.239.199.134 - - [28/Jun/2015:22:32:45 -0400] "GET /cs101s14/python-install-run.png HTTP/1.1" 200 52963 "https://liucs.net/cs101s14/n7-python.html" "Mozilla/5.0 (Windows NT 6.1; WOW64) AppleWebKit/537.36 (KHTML, like Gecko) Chrome/43.0.2357.124 Safari/537.36"
::ffff:163.239.199.134 - - [28/Jun/2015:22:32:45 -0400] "GET /cs101s14/win7-system-32.png HTTP/1.1" 200 11264 "https://liucs.net/cs101s14/n7-python.html" "Mozilla/5.0 (Windows NT 6.1; WOW64) AppleWebKit/537.36 (KHTML, like Gecko) Chrome/43.0.2357.124 Safari/537.36"
::ffff:163.239.199.134 - - [28/Jun/2015:22:32:45 -0400] "GET /assets/gen/s14/script.js HTTP/1.1" 200 183727 "https://liucs.net/cs101s14/n7-python.html" "Mozilla/5.0 (Windows NT 6.1; WOW64) AppleWebKit/537.36 (KHTML, like Gecko) Chrome/43.0.2357.124 Safari/537.36"
::ffff:163.239.199.134 - - [28/Jun/2015:22:32:46 -0400] "GET /cs101s14/python-for-whom.png HTTP/1.1" 200 60500 "https://liucs.net/cs101s14/n7-python.html" "Mozilla/5.0 (Windows NT 6.1; WOW64) AppleWebKit/537.36 (KHTML, like Gecko) Chrome/43.0.2357.124 Safari/537.36"
::ffff:163.239.199.134 - - [28/Jun/2015:22:32:46 -0400] "GET /assets/img/page_white_acrobat.png HTTP/1.1" 200 707 "https://liucs.net/cs101s14/n7-python.html" "Mozilla/5.0 (Windows NT 6.1; WOW64) AppleWebKit/537.36 (KHTML, like Gecko) Chrome/43.0.2357.124 Safari/537.36"
::ffff:163.239.199.134 - - [28/Jun/2015:22:32:46 -0400] "GET /cs101s14/python-dest-dir.png HTTP/1.1" 200 59719 "https://liucs.net/cs101s14/n7-python.html" "Mozilla/5.0 (Windows NT 6.1; WOW64) AppleWebKit/537.36 (KHTML, like Gecko) Chrome/43.0.2357.124 Safari/537.36"
::ffff:163.239.199.134 - - [28/Jun/2015:22:32:46 -0400] "GET /cs101s14/python-allow-changes.png HTTP/1.1" 200 46227 "https://liucs.net/cs101s14/n7-python.html" "Mozilla/5.0 (Windows NT 6.1; WOW64) AppleWebKit/537.36 (KHTML, like Gecko) Chrome/43.0.2357.124 Safari/537.36"
::ffff:163.239.199.134 - - [28/Jun/2015:22:32:46 -0400] "GET /cs101s14/python-shell.png HTTP/1.1" 200 17295 "https://liucs.net/cs101s14/n7-python.html" "Mozilla/5.0 (Windows NT 6.1; WOW64) AppleWebKit/537.36 (KHTML, like Gecko) Chrome/43.0.2357.124 Safari/537.36"
::ffff:163.239.199.134 - - [28/Jun/2015:22:32:46 -0400] "GET /cs101s14/python-33-folder.png HTTP/1.1" 200 7797 "https://liucs.net/cs101s14/n7-python.html" "Mozilla/5.0 (Windows NT 6.1; WOW64) AppleWebKit/537.36 (KHTML, like Gecko) Chrome/43.0.2357.124 Safari/537.36"
::ffff:163.239.199.134 - - [28/Jun/2015:22:32:47 -0400] "GET /cs101s14/python-file-new.png HTTP/1.1" 200 11931 "https://liucs.net/cs101s14/n7-python.html" "Mozilla/5.0 (Windows NT 6.1; WOW64) AppleWebKit/537.36 (KHTML, like Gecko) Chrome/43.0.2357.124 Safari/537.36"
::ffff:163.239.199.134 - - [28/Jun/2015:22:32:47 -0400] "GET /cs101s14/python-finished.png HTTP/1.1" 200 80753 "https://liucs.net/cs101s14/n7-python.html" "Mozilla/5.0 (Windows NT 6.1; WOW64) AppleWebKit/537.36 (KHTML, like Gecko) Chrome/43.0.2357.124 Safari/537.36"
::ffff:163.239.199.134 - - [28/Jun/2015:22:32:47 -0400] "GET /cs101s14/python-run-menu.png HTTP/1.1" 200 4994 "https://liucs.net/cs101s14/n7-python.html" "Mozilla/5.0 (Windows NT 6.1; WOW64) AppleWebKit/537.36 (KHTML, like Gecko) Chrome/43.0.2357.124 Safari/537.36"
::ffff:163.239.199.134 - - [28/Jun/2015:22:32:47 -0400] "GET /cs101s14/python-customize.png HTTP/1.1" 200 92454 "https://liucs.net/cs101s14/n7-python.html" "Mozilla/5.0 (Windows NT 6.1; WOW64) AppleWebKit/537.36 (KHTML, like Gecko) Chrome/43.0.2357.124 Safari/537.36"
::ffff:163.239.199.134 - - [28/Jun/2015:22:32:47 -0400] "GET /cs101s14/python-error-hilite.png HTTP/1.1" 200 9032 "https://liucs.net/cs101s14/n7-python.html" "Mozilla/5.0 (Windows NT 6.1; WOW64) AppleWebKit/537.36 (KHTML, like Gecko) Chrome/43.0.2357.124 Safari/537.36"
::ffff:163.239.199.134 - - [28/Jun/2015:22:32:47 -0400] "GET /cs101s14/python-quiz-example.png HTTP/1.1" 200 182860 "https://liucs.net/cs101s14/n7-python.html" "Mozilla/5.0 (Windows NT 6.1; WOW64) AppleWebKit/537.36 (KHTML, like Gecko) Chrome/43.0.2357.124 Safari/537.36"
::ffff:163.239.199.134 - - [28/Jun/2015:22:32:47 -0400] "GET /cs101s14/python-save-as.png HTTP/1.1" 200 84728 "https://liucs.net/cs101s14/n7-python.html" "Mozilla/5.0 (Windows NT 6.1; WOW64) AppleWebKit/537.36 (KHTML, like Gecko) Chrome/43.0.2357.124 Safari/537.36"
::ffff:163.239.199.134 - - [28/Jun/2015:22:32:47 -0400] "GET /favicon.ico HTTP/1.1" 200 1150 "https://liucs.net/cs101s14/n7-python.html" "Mozilla/5.0 (Windows NT 6.1; WOW64) AppleWebKit/537.36 (KHTML, like Gecko) Chrome/43.0.2357.124 Safari/537.36"
::ffff:123.125.71.13 - - [28/Jun/2015:22:40:44 -0400] "GET /cs102f12/q6.pdf HTTP/1.1" 301 184 "-" "Mozilla/5.0 (compatible; Baiduspider/2.0; +http://www.baidu.com/search/spider.html)"
::ffff:123.125.71.36 - - [28/Jun/2015:22:40:46 -0400] "GET /cs102f12/q6.pdf HTTP/1.1" 200 23994 "-" "Mozilla/5.0 (compatible; Baiduspider/2.0; +http://www.baidu.com/search/spider.html)"
::ffff:157.55.39.162 - - [28/Jun/2015:22:41:22 -0400] "GET /cs162f12/ HTTP/1.1" 200 5290 "-" "Mozilla/5.0 (compatible; bingbot/2.0; +http://www.bing.com/bingbot.htm)"
::ffff:113.190.232.149 - - [28/Jun/2015:22:52:02 -0400] "GET /cs164s13/drawable-array.html HTTP/1.1" 200 5007 "https://www.google.com.vn/url?sa=t&rct=j&q=&esrc=s&source=web&cd=5&cad=rja&uact=8&ved=0CDoQFjAE&url=https%3A%2F%2Fliucs.net%2Fcs164s13%2Fdrawable-array.html&ei=wLKQVb7LMIbg8gXOq4lg&usg=AFQjCNEAK32eSC4Atn0z-a4_rQWXfox_XQ&sig2=PlVDiBtmozw_nuQ-34oYIQ&bvm=bv.96783405,d.dGY" "Mozilla/5.0 (Windows NT 6.1; rv:38.0) Gecko/20100101 Firefox/38.0"
::ffff:113.190.232.149 - - [28/Jun/2015:22:52:03 -0400] "GET /assets/css/bootstrap.css HTTP/1.1" 200 115072 "https://liucs.net/cs164s13/drawable-array.html" "Mozilla/5.0 (Windows NT 6.1; rv:38.0) Gecko/20100101 Firefox/38.0"
::ffff:113.190.232.149 - - [28/Jun/2015:22:52:03 -0400] "GET /assets/js/bootstrap-dropdown.js HTTP/1.1" 200 3948 "https://liucs.net/cs164s13/drawable-array.html" "Mozilla/5.0 (Windows NT 6.1; rv:38.0) Gecko/20100101 Firefox/38.0"
::ffff:113.190.232.149 - - [28/Jun/2015:22:52:03 -0400] "GET /cs164s13/script.js HTTP/1.1" 200 332 "https://liucs.net/cs164s13/drawable-array.html" "Mozilla/5.0 (Windows NT 6.1; rv:38.0) Gecko/20100101 Firefox/38.0"
::ffff:113.190.232.149 - - [28/Jun/2015:22:52:03 -0400] "GET /assets/css/bootstrap-responsive.css HTTP/1.1" 200 20470 "https://liucs.net/cs164s13/drawable-array.html" "Mozilla/5.0 (Windows NT 6.1; rv:38.0) Gecko/20100101 Firefox/38.0"
::ffff:113.190.232.149 - - [28/Jun/2015:22:52:03 -0400] "GET /cs164s13/style.css HTTP/1.1" 200 1488 "https://liucs.net/cs164s13/drawable-array.html" "Mozilla/5.0 (Windows NT 6.1; rv:38.0) Gecko/20100101 Firefox/38.0"
::ffff:113.190.232.149 - - [28/Jun/2015:22:52:04 -0400] "GET /assets/js/bootstrap-collapse.js HTTP/1.1" 200 4500 "https://liucs.net/cs164s13/drawable-array.html" "Mozilla/5.0 (Windows NT 6.1; rv:38.0) Gecko/20100101 Firefox/38.0"
::ffff:113.190.232.149 - - [28/Jun/2015:22:52:04 -0400] "GET /assets/js/jquery.js HTTP/1.1" 200 94839 "https://liucs.net/cs164s13/drawable-array.html" "Mozilla/5.0 (Windows NT 6.1; rv:38.0) Gecko/20100101 Firefox/38.0"
::ffff:98.227.153.8 - - [28/Jun/2015:23:54:45 -0400] "GET /cs164s13/drawable-array.html HTTP/1.1" 200 5007 "https://www.google.com/url?sa=t&rct=j&q=&esrc=s&source=web&cd=15&ved=0CDkQFjAEOAo&url=https%3A%2F%2Fliucs.net%2Fcs164s13%2Fdrawable-array.html&ei=QcGQVZpbxJ02zpuDwAU&usg=AFQjCNEAK32eSC4Atn0z-a4_rQWXfox_XQ&bvm=bv.96783405,d.eXY" "Mozilla/5.0 (Windows NT 6.1; WOW64; rv:38.0) Gecko/20100101 Firefox/38.0"
::ffff:98.227.153.8 - - [28/Jun/2015:23:54:46 -0400] "GET /assets/css/bootstrap-responsive.css HTTP/1.1" 200 20470 "https://liucs.net/cs164s13/drawable-array.html" "Mozilla/5.0 (Windows NT 6.1; WOW64; rv:38.0) Gecko/20100101 Firefox/38.0"
::ffff:98.227.153.8 - - [28/Jun/2015:23:54:46 -0400] "GET /cs164s13/style.css HTTP/1.1" 200 1488 "https://liucs.net/cs164s13/drawable-array.html" "Mozilla/5.0 (Windows NT 6.1; WOW64; rv:38.0) Gecko/20100101 Firefox/38.0"
::ffff:98.227.153.8 - - [28/Jun/2015:23:54:46 -0400] "GET /assets/js/bootstrap-dropdown.js HTTP/1.1" 200 3948 "https://liucs.net/cs164s13/drawable-array.html" "Mozilla/5.0 (Windows NT 6.1; WOW64; rv:38.0) Gecko/20100101 Firefox/38.0"
::ffff:98.227.153.8 - - [28/Jun/2015:23:54:46 -0400] "GET /assets/js/bootstrap-collapse.js HTTP/1.1" 200 4500 "https://liucs.net/cs164s13/drawable-array.html" "Mozilla/5.0 (Windows NT 6.1; WOW64; rv:38.0) Gecko/20100101 Firefox/38.0"
::ffff:98.227.153.8 - - [28/Jun/2015:23:54:46 -0400] "GET /cs164s13/script.js HTTP/1.1" 200 332 "https://liucs.net/cs164s13/drawable-array.html" "Mozilla/5.0 (Windows NT 6.1; WOW64; rv:38.0) Gecko/20100101 Firefox/38.0"
::ffff:98.227.153.8 - - [28/Jun/2015:23:54:46 -0400] "GET /assets/js/jquery.js HTTP/1.1" 200 94839 "https://liucs.net/cs164s13/drawable-array.html" "Mozilla/5.0 (Windows NT 6.1; WOW64; rv:38.0) Gecko/20100101 Firefox/38.0"
::ffff:98.227.153.8 - - [28/Jun/2015:23:54:47 -0400] "GET /assets/css/bootstrap.css HTTP/1.1" 200 115072 "https://liucs.net/cs164s13/drawable-array.html" "Mozilla/5.0 (Windows NT 6.1; WOW64; rv:38.0) Gecko/20100101 Firefox/38.0"
::ffff:141.8.143.187 - - [29/Jun/2015:00:05:29 -0400] "GET /cs120s15/checkins.html HTTP/1.1" 200 3944 "-" "Mozilla/5.0 (compatible; YandexBot/3.0; +http://yandex.com/bots)"
::ffff:66.249.67.44 - - [29/Jun/2015:00:12:38 -0400] "GET /cs102f13/n5-mod.html HTTP/1.1" 200 3610 "-" "Mozilla/5.0 (compatible; Googlebot/2.1; +http://www.google.com/bot.html)"
::ffff:66.249.67.54 - - [29/Jun/2015:00:17:30 -0400] "GET /cs101s15/out0.png HTTP/1.1" 200 386335 "-" "Googlebot-Image/1.0"
::ffff:66.249.67.37 - - [29/Jun/2015:00:17:50 -0400] "GET /cs101s15/python-33-folder.png HTTP/1.1" 200 7797 "-" "Googlebot-Image/1.0"
::ffff:66.249.67.44 - - [29/Jun/2015:00:17:58 -0400] "GET /cs101s15/python-syntax-error.png HTTP/1.1" 200 7025 "-" "Googlebot-Image/1.0"
::ffff:66.249.67.54 - - [29/Jun/2015:00:18:08 -0400] "GET /cs101s15/python-dest-dir.png HTTP/1.1" 200 59719 "-" "Googlebot-Image/1.0"
::ffff:66.249.67.37 - - [29/Jun/2015:00:18:26 -0400] "GET /cs101s14/python-shell.png HTTP/1.1" 200 17295 "-" "Googlebot-Image/1.0"
::ffff:141.8.143.187 - - [29/Jun/2015:00:18:44 -0400] "GET /cs164s13/edit-handler.html HTTP/1.1" 200 4479 "-" "Mozilla/5.0 (compatible; YandexBot/3.0; +http://yandex.com/bots)"
::ffff:66.249.67.54 - - [29/Jun/2015:00:25:14 -0400] "GET /cs164s13/intellij-sdks.png HTTP/1.1" 200 48889 "-" "Googlebot-Image/1.0"
::ffff:157.55.39.116 - - [29/Jun/2015:00:35:01 -0400] "GET /cs101f11/ HTTP/1.1" 200 2548 "-" "Mozilla/5.0 (compatible; bingbot/2.0; +http://www.bing.com/bingbot.htm)"
::ffff:66.249.67.44 - - [29/Jun/2015:00:38:07 -0400] "GET /cs102f14/notes1103.html HTTP/1.1" 200 3995 "-" "Mozilla/5.0 (compatible; Googlebot/2.1; +http://www.google.com/bot.html)"
2601:600:8d00:a74a:85ac:5726:dc99:768 - - [29/Jun/2015:00:44:36 -0400] "GET /cs164s14/android-hello-preview.png HTTP/1.1" 200 34270 "http://www.chiefdelphi.com/forums/showthread.php?t=136365&page=4" "Mozilla/5.0 (Windows NT 6.3; WOW64; rv:38.0) Gecko/20100101 Firefox/38.0"
::ffff:66.249.67.44 - - [29/Jun/2015:00:59:36 -0400] "GET /cs102f13/q3.sol.html HTTP/1.1" 200 2595 "-" "Mozilla/5.0 (compatible; Googlebot/2.1; +http://www.google.com/bot.html)"
::ffff:122.167.248.242 - - [29/Jun/2015:00:59:41 -0400] "GET /cs101s14/binary-add.png HTTP/1.1" 200 27043 "-" "Mozilla/4.0 (compatible; MSIE 7.0; Windows NT 6.1; WOW64; Trident/4.0; SLCC2; .NET CLR 2.0.50727; InfoPath.3; .NET CLR 3.5.30729; .NET CLR 3.0.30729; .NET4.0C; .NET4.0E; ms-office; MSOffice 14)"
::ffff:180.76.15.154 - - [29/Jun/2015:01:06:21 -0400] "GET /cs164s13/java-patterns.html HTTP/1.1" 301 184 "-" "Mozilla/5.0 (compatible; Baiduspider/2.0; +http://www.baidu.com/search/spider.html)"
::ffff:180.76.15.147 - - [29/Jun/2015:01:06:22 -0400] "GET /cs164s13/java-patterns.html HTTP/1.1" 200 2832 "-" "Mozilla/5.0 (compatible; Baiduspider/2.0; +http://www.baidu.com/search/spider.html)"
::ffff:180.76.15.147 - - [29/Jun/2015:01:06:22 -0400] "GET /assets/js/bootstrap-dropdown.js HTTP/1.1" 200 3948 "https://liucs.net/cs164s13/java-patterns.html" "Mozilla/5.0 (compatible; Baiduspider/2.0; +http://www.baidu.com/search/spider.html)"
::ffff:180.76.15.147 - - [29/Jun/2015:01:06:22 -0400] "GET /assets/js/bootstrap-collapse.js HTTP/1.1" 200 4500 "https://liucs.net/cs164s13/java-patterns.html" "Mozilla/5.0 (compatible; Baiduspider/2.0; +http://www.baidu.com/search/spider.html)"
::ffff:180.76.15.137 - - [29/Jun/2015:01:06:23 -0400] "GET /cs164s13/script.js HTTP/1.1" 200 332 "https://liucs.net/cs164s13/java-patterns.html" "Mozilla/5.0 (compatible; Baiduspider/2.0; +http://www.baidu.com/search/spider.html)"
::ffff:180.76.15.151 - - [29/Jun/2015:01:06:23 -0400] "GET /assets/css/bootstrap-responsive.css HTTP/1.1" 200 20470 "https://liucs.net/cs164s13/java-patterns.html" "Mozilla/5.0 (compatible; Baiduspider/2.0; +http://www.baidu.com/search/spider.html)"
::ffff:180.76.15.154 - - [29/Jun/2015:01:06:23 -0400] "GET /cs164s13/style.css HTTP/1.1" 200 1488 "https://liucs.net/cs164s13/java-patterns.html" "Mozilla/5.0 (compatible; Baiduspider/2.0; +http://www.baidu.com/search/spider.html)"
::ffff:180.76.15.145 - - [29/Jun/2015:01:06:23 -0400] "GET /assets/css/bootstrap.css HTTP/1.1" 200 115072 "https://liucs.net/cs164s13/java-patterns.html" "Mozilla/5.0 (compatible; Baiduspider/2.0; +http://www.baidu.com/search/spider.html)"
::ffff:180.76.15.144 - - [29/Jun/2015:01:06:23 -0400] "GET /assets/js/jquery.js HTTP/1.1" 200 94839 "https://liucs.net/cs164s13/java-patterns.html" "Mozilla/5.0 (compatible; Baiduspider/2.0; +http://www.baidu.com/search/spider.html)"
::ffff:66.249.67.37 - - [29/Jun/2015:01:08:18 -0400] "GET /cs164s13/x86android.html HTTP/1.1" 200 5489 "-" "Mozilla/5.0 (compatible; Googlebot/2.1; +http://www.google.com/bot.html)"
::ffff:141.8.143.187 - - [29/Jun/2015:01:11:23 -0400] "GET /cs120s15/videos.html HTTP/1.1" 200 3186 "-" "Mozilla/5.0 (compatible; YandexBot/3.0; +http://yandex.com/bots)"
::ffff:141.8.143.187 - - [29/Jun/2015:01:28:47 -0400] "GET /cs120s15/setup.html HTTP/1.1" 200 6691 "-" "Mozilla/5.0 (compatible; YandexBot/3.0; +http://yandex.com/bots)"
::ffff:66.249.67.54 - - [29/Jun/2015:01:29:36 -0400] "GET /cs120s15/v/cs120-2015-02-09.html HTTP/1.1" 200 849 "-" "Mozilla/5.0 (compatible; Googlebot/2.1; +http://www.google.com/bot.html)"
::ffff:66.249.67.37 - - [29/Jun/2015:01:29:44 -0400] "GET /cs164s11/notes09.pdf HTTP/1.1" 200 12888 "-" "Mozilla/5.0 (compatible; Googlebot/2.1; +http://www.google.com/bot.html)"
::ffff:98.237.180.135 - - [29/Jun/2015:01:30:46 -0400] "GET /cs101s15/racket-calc-18.png HTTP/1.1" 200 38474 "https://www.google.com/" "Mozilla/5.0 (Macintosh; Intel Mac OS X 10_9_5) AppleWebKit/600.6.3 (KHTML, like Gecko) Version/7.1.6 Safari/537.85.15"
::ffff:66.249.67.44 - - [29/Jun/2015:01:39:19 -0400] "GET /cs164s14/checkins.html HTTP/1.1" 200 2281 "-" "Mozilla/5.0 (compatible; Googlebot/2.1; +http://www.google.com/bot.html)"
::ffff:66.249.67.37 - - [29/Jun/2015:01:45:05 -0400] "GET /cs101s15/python-downloads-33.png HTTP/1.1" 200 13141 "-" "Googlebot-Image/1.0"
::ffff:141.8.143.187 - - [29/Jun/2015:01:45:12 -0400] "GET /cs102f12/1022.html HTTP/1.1" 200 3790 "-" "Mozilla/5.0 (compatible; YandexBot/3.0; +http://yandex.com/bots)"
::ffff:180.76.15.161 - - [29/Jun/2015:01:47:23 -0400] "GET /cs164s13/news0203.html HTTP/1.1" 301 184 "-" "Mozilla/5.0 (compatible; Baiduspider/2.0; +http://www.baidu.com/search/spider.html)"
::ffff:180.76.15.152 - - [29/Jun/2015:01:47:24 -0400] "GET /cs164s13/news0203.html HTTP/1.1" 200 2244 "-" "Mozilla/5.0 (compatible; Baiduspider/2.0; +http://www.baidu.com/search/spider.html)"
::ffff:180.76.15.152 - - [29/Jun/2015:01:47:24 -0400] "GET /assets/js/bootstrap-dropdown.js HTTP/1.1" 200 3948 "https://liucs.net/cs164s13/news0203.html" "Mozilla/5.0 (compatible; Baiduspider/2.0; +http://www.baidu.com/search/spider.html)"
::ffff:180.76.15.152 - - [29/Jun/2015:01:47:25 -0400] "GET /assets/js/bootstrap-collapse.js HTTP/1.1" 200 4500 "https://liucs.net/cs164s13/news0203.html" "Mozilla/5.0 (compatible; Baiduspider/2.0; +http://www.baidu.com/search/spider.html)"
::ffff:180.76.15.145 - - [29/Jun/2015:01:47:25 -0400] "GET /assets/css/bootstrap-responsive.css HTTP/1.1" 200 20470 "https://liucs.net/cs164s13/news0203.html" "Mozilla/5.0 (compatible; Baiduspider/2.0; +http://www.baidu.com/search/spider.html)"
::ffff:180.76.15.159 - - [29/Jun/2015:01:47:25 -0400] "GET /cs164s13/script.js HTTP/1.1" 200 332 "https://liucs.net/cs164s13/news0203.html" "Mozilla/5.0 (compatible; Baiduspider/2.0; +http://www.baidu.com/search/spider.html)"
::ffff:180.76.15.138 - - [29/Jun/2015:01:47:25 -0400] "GET /cs164s13/style.css HTTP/1.1" 200 1488 "https://liucs.net/cs164s13/news0203.html" "Mozilla/5.0 (compatible; Baiduspider/2.0; +http://www.baidu.com/search/spider.html)"
::ffff:180.76.15.159 - - [29/Jun/2015:01:47:25 -0400] "GET /assets/css/bootstrap.css HTTP/1.1" 200 115072 "https://liucs.net/cs164s13/news0203.html" "Mozilla/5.0 (compatible; Baiduspider/2.0; +http://www.baidu.com/search/spider.html)"
::ffff:180.76.15.161 - - [29/Jun/2015:01:47:25 -0400] "GET /assets/js/jquery.js HTTP/1.1" 200 94839 "https://liucs.net/cs164s13/news0203.html" "Mozilla/5.0 (compatible; Baiduspider/2.0; +http://www.baidu.com/search/spider.html)"
::ffff:66.249.67.37 - - [29/Jun/2015:01:49:42 -0400] "GET /cs101s15/a5-python.html HTTP/1.1" 200 3745 "-" "Mozilla/5.0 (iPhone; CPU iPhone OS 6_0 like Mac OS X) AppleWebKit/536.26 (KHTML, like Gecko) Version/6.0 Mobile/10A5376e Safari/8536.25 (compatible; Googlebot/2.1; +http://www.google.com/bot.html)"
::ffff:66.249.67.37 - - [29/Jun/2015:01:49:49 -0400] "GET /cs164s13/drawable-array.html?ref=driverlayer.com/web HTTP/1.1" 200 5007 "-" "Mozilla/5.0 (compatible; Googlebot/2.1; +http://www.google.com/bot.html)"
::ffff:141.8.143.187 - - [29/Jun/2015:01:53:54 -0400] "GET /cs101f12/1015.html HTTP/1.1" 200 4463 "-" "Mozilla/5.0 (compatible; YandexBot/3.0; +http://yandex.com/bots)"
::ffff:181.64.209.170 - - [29/Jun/2015:01:55:40 -0400] "GET /cs101f13/positional-base5.png HTTP/1.1" 200 16923 "http://misrutasdelaprendizaje.blogspot.com/" "Mozilla/5.0 (Windows NT 6.1; WOW64) AppleWebKit/537.36 (KHTML, like Gecko) Chrome/43.0.2357.130 Safari/537.36"
::ffff:66.249.67.44 - - [29/Jun/2015:01:59:38 -0400] "GET /cs101s15/q3.sol.html HTTP/1.1" 200 2588 "-" "Mozilla/5.0 (compatible; Googlebot/2.1; +http://www.google.com/bot.html)"
::ffff:141.8.143.187 - - [29/Jun/2015:02:02:36 -0400] "GET /cs164s13/m4.html HTTP/1.1" 200 4847 "-" "Mozilla/5.0 (compatible; YandexBot/3.0; +http://yandex.com/bots)"
::ffff:66.249.67.37 - - [29/Jun/2015:02:10:04 -0400] "GET /cs164s14/intents.html HTTP/1.1" 200 2972 "-" "Mozilla/5.0 (compatible; Googlebot/2.1; +http://www.google.com/bot.html)"
::ffff:141.8.143.187 - - [29/Jun/2015:02:11:18 -0400] "GET /cs120s15/ HTTP/1.1" 200 6579 "-" "Mozilla/5.0 (compatible; YandexBot/3.0; +http://yandex.com/bots)"
::ffff:141.8.143.187 - - [29/Jun/2015:02:20:00 -0400] "GET /cs101f12/1105.html HTTP/1.1" 200 1881 "-" "Mozilla/5.0 (compatible; YandexBot/3.0; +http://yandex.com/bots)"
::ffff:66.249.67.37 - - [29/Jun/2015:02:26:20 -0400] "GET /cs101s15/688864_83a495d77b_m.jpg HTTP/1.1" 200 16133 "-" "Googlebot-Image/1.0"
::ffff:141.8.143.187 - - [29/Jun/2015:02:28:42 -0400] "GET /cs101f13/a3-media.html HTTP/1.1" 200 2706 "-" "Mozilla/5.0 (compatible; YandexBot/3.0; +http://yandex.com/bots)"
::ffff:141.8.143.187 - - [29/Jun/2015:02:37:24 -0400] "GET /cs102f12/1126.html HTTP/1.1" 200 3168 "-" "Mozilla/5.0 (compatible; YandexBot/3.0; +http://yandex.com/bots)"
::ffff:66.249.67.44 - - [29/Jun/2015:02:39:59 -0400] "GET /cs101s14/a4-logic.html HTTP/1.1" 200 3297 "-" "Mozilla/5.0 (compatible; Googlebot/2.1; +http://www.google.com/bot.html)"
::ffff:141.8.143.187 - - [29/Jun/2015:02:46:07 -0400] "GET /cs164s15/m7.html HTTP/1.1" 200 1683 "-" "Mozilla/5.0 (compatible; YandexBot/3.0; +http://yandex.com/bots)"
::ffff:66.249.67.37 - - [29/Jun/2015:02:50:29 -0400] "GET /cs164s13/layout-canvas.html HTTP/1.1" 200 4183 "-" "Mozilla/5.0 (compatible; Googlebot/2.1; +http://www.google.com/bot.html)"
::ffff:70.81.30.9 - - [29/Jun/2015:02:55:45 -0400] "GET /cs164s13/layout-canvas.html HTTP/1.1" 200 4183 "https://www.google.ca/" "Mozilla/5.0 (Macintosh; Intel Mac OS X 10_10_3) AppleWebKit/537.36 (KHTML, like Gecko) Chrome/43.0.2357.130 Safari/537.36"
::ffff:70.81.30.9 - - [29/Jun/2015:02:55:45 -0400] "GET /assets/css/bootstrap-responsive.css HTTP/1.1" 200 20470 "https://liucs.net/cs164s13/layout-canvas.html" "Mozilla/5.0 (Macintosh; Intel Mac OS X 10_10_3) AppleWebKit/537.36 (KHTML, like Gecko) Chrome/43.0.2357.130 Safari/537.36"
::ffff:70.81.30.9 - - [29/Jun/2015:02:55:45 -0400] "GET /cs164s13/style.css HTTP/1.1" 200 1488 "https://liucs.net/cs164s13/layout-canvas.html" "Mozilla/5.0 (Macintosh; Intel Mac OS X 10_10_3) AppleWebKit/537.36 (KHTML, like Gecko) Chrome/43.0.2357.130 Safari/537.36"
::ffff:70.81.30.9 - - [29/Jun/2015:02:55:46 -0400] "GET /cs164s13/script.js HTTP/1.1" 200 332 "https://liucs.net/cs164s13/layout-canvas.html" "Mozilla/5.0 (Macintosh; Intel Mac OS X 10_10_3) AppleWebKit/537.36 (KHTML, like Gecko) Chrome/43.0.2357.130 Safari/537.36"
::ffff:70.81.30.9 - - [29/Jun/2015:02:55:46 -0400] "GET /assets/js/bootstrap-dropdown.js HTTP/1.1" 200 3948 "https://liucs.net/cs164s13/layout-canvas.html" "Mozilla/5.0 (Macintosh; Intel Mac OS X 10_10_3) AppleWebKit/537.36 (KHTML, like Gecko) Chrome/43.0.2357.130 Safari/537.36"
::ffff:70.81.30.9 - - [29/Jun/2015:02:55:46 -0400] "GET /assets/css/bootstrap.css HTTP/1.1" 200 115072 "https://liucs.net/cs164s13/layout-canvas.html" "Mozilla/5.0 (Macintosh; Intel Mac OS X 10_10_3) AppleWebKit/537.36 (KHTML, like Gecko) Chrome/43.0.2357.130 Safari/537.36"
::ffff:70.81.30.9 - - [29/Jun/2015:02:55:46 -0400] "GET /assets/js/bootstrap-collapse.js HTTP/1.1" 200 4500 "https://liucs.net/cs164s13/layout-canvas.html" "Mozilla/5.0 (Macintosh; Intel Mac OS X 10_10_3) AppleWebKit/537.36 (KHTML, like Gecko) Chrome/43.0.2357.130 Safari/537.36"
::ffff:70.81.30.9 - - [29/Jun/2015:02:55:46 -0400] "GET /cs164s13/android-hello2.png HTTP/1.1" 200 19572 "https://liucs.net/cs164s13/layout-canvas.html" "Mozilla/5.0 (Macintosh; Intel Mac OS X 10_10_3) AppleWebKit/537.36 (KHTML, like Gecko) Chrome/43.0.2357.130 Safari/537.36"
::ffff:70.81.30.9 - - [29/Jun/2015:02:55:46 -0400] "GET /assets/js/jquery.js HTTP/1.1" 200 94839 "https://liucs.net/cs164s13/layout-canvas.html" "Mozilla/5.0 (Macintosh; Intel Mac OS X 10_10_3) AppleWebKit/537.36 (KHTML, like Gecko) Chrome/43.0.2357.130 Safari/537.36"
::ffff:70.81.30.9 - - [29/Jun/2015:02:55:46 -0400] "GET /cs164s13/android-log.png HTTP/1.1" 200 58344 "https://liucs.net/cs164s13/layout-canvas.html" "Mozilla/5.0 (Macintosh; Intel Mac OS X 10_10_3) AppleWebKit/537.36 (KHTML, like Gecko) Chrome/43.0.2357.130 Safari/537.36"
::ffff:70.81.30.9 - - [29/Jun/2015:02:55:46 -0400] "GET /favicon.ico HTTP/1.1" 200 1150 "https://liucs.net/cs164s13/layout-canvas.html" "Mozilla/5.0 (Macintosh; Intel Mac OS X 10_10_3) AppleWebKit/537.36 (KHTML, like Gecko) Chrome/43.0.2357.130 Safari/537.36"
::ffff:66.249.67.37 - - [29/Jun/2015:03:00:31 -0400] "GET /cs164s11/m2.pdf HTTP/1.1" 200 36116 "-" "Mozilla/5.0 (compatible; Googlebot/2.1; +http://www.google.com/bot.html)"
::ffff:173.58.189.179 - - [29/Jun/2015:03:03:40 -0400] "GET /cs102f14/notes0929.html HTTP/1.1" 200 4103 "https://www.google.com/" "Mozilla/5.0 (X11; CrOS armv7l 6946.58.0) AppleWebKit/537.36 (KHTML, like Gecko) Chrome/43.0.2357.125 Safari/537.36"
::ffff:173.58.189.179 - - [29/Jun/2015:03:03:40 -0400] "GET /assets/gen/f14/head.js HTTP/1.1" 200 18136 "https://liucs.net/cs102f14/notes0929.html" "Mozilla/5.0 (X11; CrOS armv7l 6946.58.0) AppleWebKit/537.36 (KHTML, like Gecko) Chrome/43.0.2357.125 Safari/537.36"
::ffff:173.58.189.179 - - [29/Jun/2015:03:03:40 -0400] "GET /assets/gen/f14/script.js HTTP/1.1" 200 203656 "https://liucs.net/cs102f14/notes0929.html" "Mozilla/5.0 (X11; CrOS armv7l 6946.58.0) AppleWebKit/537.36 (KHTML, like Gecko) Chrome/43.0.2357.125 Safari/537.36"
::ffff:173.58.189.179 - - [29/Jun/2015:03:03:40 -0400] "GET /assets/gen/f14/style.css HTTP/1.1" 200 134781 "https://liucs.net/cs102f14/notes0929.html" "Mozilla/5.0 (X11; CrOS armv7l 6946.58.0) AppleWebKit/537.36 (KHTML, like Gecko) Chrome/43.0.2357.125 Safari/537.36"
::ffff:173.58.189.179 - - [29/Jun/2015:03:03:43 -0400] "GET /favicon.ico HTTP/1.1" 200 1150 "https://liucs.net/cs102f14/notes0929.html" "Mozilla/5.0 (X11; CrOS armv7l 6946.58.0) AppleWebKit/537.36 (KHTML, like Gecko) Chrome/43.0.2357.125 Safari/537.36"
::ffff:66.249.67.37 - - [29/Jun/2015:03:08:08 -0400] "GET /cs101s15/n5-n1k24.png HTTP/1.1" 200 5774 "-" "Googlebot-Image/1.0"
::ffff:141.8.143.187 - - [29/Jun/2015:03:11:51 -0400] "GET /cs164s13/draw-path.html HTTP/1.1" 200 3740 "-" "Mozilla/5.0 (compatible; YandexBot/3.0; +http://yandex.com/bots)"
::ffff:66.249.67.54 - - [29/Jun/2015:03:13:02 -0400] "GET /cs120s15/setup.html HTTP/1.1" 200 6691 "-" "Mozilla/5.0 (compatible; Googlebot/2.1; +http://www.google.com/bot.html)"
::ffff:141.8.143.187 - - [29/Jun/2015:03:20:26 -0400] "GET /cs101f12/a04.html HTTP/1.1" 200 3539 "-" "Mozilla/5.0 (compatible; YandexBot/3.0; +http://yandex.com/bots)"
::ffff:66.249.67.44 - - [29/Jun/2015:03:22:05 -0400] "GET /cs102f14/notes1103.html HTTP/1.1" 200 3995 "-" "Mozilla/5.0 (compatible; Googlebot/2.1; +http://www.google.com/bot.html)"
::ffff:141.8.143.187 - - [29/Jun/2015:03:29:01 -0400] "GET /cs101f12/1205.html HTTP/1.1" 200 1620 "-" "Mozilla/5.0 (compatible; YandexBot/3.0; +http://yandex.com/bots)"
::ffff:66.249.67.16 - - [29/Jun/2015:03:33:18 -0400] "GET /cs101f12/1105.html HTTP/1.1" 301 184 "-" "Mozilla/5.0 (compatible; Googlebot/2.1; +http://www.google.com/bot.html)"
::ffff:66.249.67.37 - - [29/Jun/2015:03:33:19 -0400] "GET /cs101f12/1105.html HTTP/1.1" 200 1881 "-" "Mozilla/5.0 (compatible; Googlebot/2.1; +http://www.google.com/bot.html)"
::ffff:141.8.143.187 - - [29/Jun/2015:03:37:36 -0400] "GET /cs101f12/a01.html HTTP/1.1" 200 1761 "-" "Mozilla/5.0 (compatible; YandexBot/3.0; +http://yandex.com/bots)"
::ffff:14.98.135.226 - - [29/Jun/2015:03:40:43 -0400] "GET /cs101f13/positional-base10.png HTTP/1.1" 200 15531 "https://www.google.co.in/" "Mozilla/5.0 (Windows NT 6.3; WOW64) AppleWebKit/537.36 (KHTML, like Gecko) Chrome/43.0.2357.130 Safari/537.36"
::ffff:66.249.67.54 - - [29/Jun/2015:03:42:45 -0400] "GET /cs101f12/ HTTP/1.1" 200 5733 "-" "Mozilla/5.0 (compatible; Googlebot/2.1; +http://www.google.com/bot.html)"
::ffff:104.193.9.137 - - [29/Jun/2015:03:43:24 -0400] "GET /cs101s15/a5-python.html HTTP/1.1" 200 11270 "-" "Mozilla/5.0 (compatible; MJ12bot/v1.4.5; http://www.majestic12.co.uk/bot.php?+)"
::ffff:104.193.9.137 - - [29/Jun/2015:03:43:27 -0400] "GET /cs101s15/a7-db.html HTTP/1.1" 200 1985 "-" "Mozilla/5.0 (compatible; MJ12bot/v1.4.5; http://www.majestic12.co.uk/bot.php?+)"
::ffff:104.193.9.137 - - [29/Jun/2015:03:43:30 -0400] "GET /cs101s15/q1.sol.html HTTP/1.1" 200 2627 "-" "Mozilla/5.0 (compatible; MJ12bot/v1.4.5; http://www.majestic12.co.uk/bot.php?+)"
::ffff:104.193.9.137 - - [29/Jun/2015:03:43:34 -0400] "GET /cs101s15/q2.sol.html HTTP/1.1" 200 2619 "-" "Mozilla/5.0 (compatible; MJ12bot/v1.4.5; http://www.majestic12.co.uk/bot.php?+)"
::ffff:141.8.143.187 - - [29/Jun/2015:03:46:11 -0400] "GET /cs102f14/q2.sol.html HTTP/1.1" 200 2838 "-" "Mozilla/5.0 (compatible; YandexBot/3.0; +http://yandex.com/bots)"
::ffff:66.249.67.37 - - [29/Jun/2015:03:50:00 -0400] "GET /cs101s15/5580449146_feb09038f0_m_d.jpg HTTP/1.1" 200 9714 "-" "Googlebot-Image/1.0"
::ffff:66.249.80.7 - - [29/Jun/2015:03:53:24 -0400] "GET /cs101s12/schedule.ics HTTP/1.1" 301 184 "-" "Google-Calendar-Importer"
::ffff:66.249.85.158 - - [29/Jun/2015:03:53:24 -0400] "GET /cs101s12/schedule.ics HTTP/1.1" 200 7355 "-" "Google-Calendar-Importer"
::ffff:141.8.143.187 - - [29/Jun/2015:03:54:47 -0400] "GET /cs101f12/e2prsol.pdf HTTP/1.1" 200 437665 "-" "Mozilla/5.0 (compatible; YandexBot/3.0; +http://yandex.com/bots)"
::ffff:66.249.67.37 - - [29/Jun/2015:04:01:18 -0400] "GET /cs164s12/m5.html HTTP/1.1" 200 4864 "-" "Mozilla/5.0 (compatible; Googlebot/2.1; +http://www.google.com/bot.html)"
::ffff:66.249.67.37 - - [29/Jun/2015:04:01:55 -0400] "GET /cs101s13/a1.html HTTP/1.1" 200 2375 "-" "Mozilla/5.0 (compatible; Googlebot/2.1; +http://www.google.com/bot.html)"
::ffff:141.8.143.187 - - [29/Jun/2015:04:03:22 -0400] "GET /cs101s13/a5.html HTTP/1.1" 200 1716 "-" "Mozilla/5.0 (compatible; YandexBot/3.0; +http://yandex.com/bots)"
::ffff:66.249.67.44 - - [29/Jun/2015:04:05:05 -0400] "GET /cs101s13/a5.html HTTP/1.1" 200 1716 "-" "Mozilla/5.0 (compatible; Googlebot/2.1; +http://www.google.com/bot.html)"
::ffff:66.249.67.37 - - [29/Jun/2015:04:11:24 -0400] "GET /cs164s13/ HTTP/1.1" 200 6144 "-" "Mozilla/5.0 (compatible; Googlebot/2.1; +http://www.google.com/bot.html)"
::ffff:141.8.143.187 - - [29/Jun/2015:04:11:57 -0400] "GET /cs164s15/v/cs164-2015-02-02.html HTTP/1.1" 200 848 "-" "Mozilla/5.0 (compatible; YandexBot/3.0; +http://yandex.com/bots)"
::ffff:66.249.67.44 - - [29/Jun/2015:04:21:59 -0400] "GET /cs102f13/ HTTP/1.1" 200 6660 "-" "Mozilla/5.0 (compatible; Googlebot/2.1; +http://www.google.com/bot.html)"
::ffff:141.8.143.187 - - [29/Jun/2015:04:29:08 -0400] "GET /cs101f12/e1prsol.pdf HTTP/1.1" 200 115398 "-" "Mozilla/5.0 (compatible; YandexBot/3.0; +http://yandex.com/bots)"
::ffff:66.249.67.54 - - [29/Jun/2015:04:32:39 -0400] "GET /cs102f13/a10.html HTTP/1.1" 200 2814 "-" "Mozilla/5.0 (compatible; Googlebot/2.1; +http://www.google.com/bot.html)"
::ffff:66.249.67.44 - - [29/Jun/2015:04:33:47 -0400] "GET /cs164s14/setup-hello.html HTTP/1.1" 200 4739 "-" "Mozilla/5.0 (iPhone; CPU iPhone OS 6_0 like Mac OS X) AppleWebKit/536.26 (KHTML, like Gecko) Version/6.0 Mobile/10A5376e Safari/8536.25 (compatible; Googlebot/2.1; +http://www.google.com/bot.html)"
::ffff:141.8.143.187 - - [29/Jun/2015:04:37:43 -0400] "GET /cs102f14/p03.html HTTP/1.1" 200 3447 "-" "Mozilla/5.0 (compatible; YandexBot/3.0; +http://yandex.com/bots)"
::ffff:66.249.67.44 - - [29/Jun/2015:04:43:31 -0400] "GET /cs164s14/m4.html HTTP/1.1" 200 1740 "-" "Mozilla/5.0 (compatible; Googlebot/2.1; +http://www.google.com/bot.html)"
::ffff:141.8.143.187 - - [29/Jun/2015:04:46:18 -0400] "GET /cs162f12/a02.html HTTP/1.1" 200 3304 "-" "Mozilla/5.0 (compatible; YandexBot/3.0; +http://yandex.com/bots)"
::ffff:157.55.39.143 - - [29/Jun/2015:04:49:08 -0400] "GET /cs101s14/e1pr.sol.pdf HTTP/1.1" 200 702726 "-" "Mozilla/5.0 (compatible; bingbot/2.0; +http://www.bing.com/bingbot.htm)"
::ffff:64.233.172.161 - - [29/Jun/2015:04:52:58 -0400] "GET /cs102f11/schedule.ics HTTP/1.1" 301 184 "-" "Google-Calendar-Importer"
::ffff:66.102.6.158 - - [29/Jun/2015:04:52:59 -0400] "GET /cs102f11/schedule.ics HTTP/1.1" 200 8601 "-" "Google-Calendar-Importer"
::ffff:141.8.143.187 - - [29/Jun/2015:04:54:52 -0400] "GET /cs101f12/1010.html HTTP/1.1" 200 1528 "-" "Mozilla/5.0 (compatible; YandexBot/3.0; +http://yandex.com/bots)"
::ffff:137.216.177.127 - - [29/Jun/2015:04:57:20 -0400] "GET /cs101f13/rocks-jpg-vs-gif.png HTTP/1.1" 200 510757 "https://www.google.com/" "Mozilla/5.0 (Windows NT 5.1) AppleWebKit/537.36 (KHTML, like Gecko) Chrome/43.0.2357.130 Safari/537.36"
::ffff:66.249.67.44 - - [29/Jun/2015:05:04:26 -0400] "GET /cs164s13/handler.html HTTP/1.1" 200 3606 "-" "Mozilla/5.0 (compatible; Googlebot/2.1; +http://www.google.com/bot.html)"
::ffff:141.8.143.187 - - [29/Jun/2015:05:12:02 -0400] "GET /cs164s13/news0131.html HTTP/1.1" 200 2165 "-" "Mozilla/5.0 (compatible; YandexBot/3.0; +http://yandex.com/bots)"
::ffff:66.249.67.54 - - [29/Jun/2015:05:17:05 -0400] "GET /cs101s15/vigenere.pdf HTTP/1.1" 200 170326 "-" "Mozilla/5.0 (compatible; Googlebot/2.1; +http://www.google.com/bot.html)"
::ffff:141.8.143.187 - - [29/Jun/2015:05:20:37 -0400] "GET /cs101f12/q1sol.html HTTP/1.1" 200 2214 "-" "Mozilla/5.0 (compatible; YandexBot/3.0; +http://yandex.com/bots)"
::ffff:66.249.92.62 - - [29/Jun/2015:05:20:53 -0400] "GET /cs101f11/schedule.ics HTTP/1.1" 301 184 "-" "Google-Calendar-Importer"
::ffff:66.249.92.22 - - [29/Jun/2015:05:20:54 -0400] "GET /cs101f11/schedule.ics HTTP/1.1" 200 7239 "-" "Google-Calendar-Importer"
::ffff:66.249.67.54 - - [29/Jun/2015:05:24:00 -0400] "GET /cs101f13/cs101f13.pdf HTTP/1.1" 200 62093 "-" "Mozilla/5.0 (compatible; Googlebot/2.1; +http://www.google.com/bot.html)"
::ffff:66.249.67.44 - - [29/Jun/2015:05:28:29 -0400] "GET /cs101f13/n2-text.html HTTP/1.1" 200 7606 "-" "Mozilla/5.0 (iPhone; CPU iPhone OS 6_0 like Mac OS X) AppleWebKit/536.26 (KHTML, like Gecko) Version/6.0 Mobile/10A5376e Safari/8536.25 (compatible; Googlebot/2.1; +http://www.google.com/bot.html)"
::ffff:141.8.143.187 - - [29/Jun/2015:05:29:11 -0400] "GET /cs102f12/a03.html HTTP/1.1" 200 2007 "-" "Mozilla/5.0 (compatible; YandexBot/3.0; +http://yandex.com/bots)"
::ffff:115.115.196.26 - - [29/Jun/2015:05:31:20 -0400] "GET /cs164s13/absolute.html HTTP/1.1" 200 3540 "https://www.google.co.in/" "Mozilla/5.0 (Windows NT 6.1; WOW64) AppleWebKit/537.36 (KHTML, like Gecko) Chrome/43.0.2357.130 Safari/537.36"
::ffff:115.115.196.26 - - [29/Jun/2015:05:31:21 -0400] "GET /assets/css/bootstrap-responsive.css HTTP/1.1" 200 20470 "https://liucs.net/cs164s13/absolute.html" "Mozilla/5.0 (Windows NT 6.1; WOW64) AppleWebKit/537.36 (KHTML, like Gecko) Chrome/43.0.2357.130 Safari/537.36"
::ffff:115.115.196.26 - - [29/Jun/2015:05:31:21 -0400] "GET /assets/css/bootstrap.css HTTP/1.1" 200 115072 "https://liucs.net/cs164s13/absolute.html" "Mozilla/5.0 (Windows NT 6.1; WOW64) AppleWebKit/537.36 (KHTML, like Gecko) Chrome/43.0.2357.130 Safari/537.36"
::ffff:115.115.196.26 - - [29/Jun/2015:05:31:21 -0400] "GET /assets/js/bootstrap-dropdown.js HTTP/1.1" 200 3948 "https://liucs.net/cs164s13/absolute.html" "Mozilla/5.0 (Windows NT 6.1; WOW64) AppleWebKit/537.36 (KHTML, like Gecko) Chrome/43.0.2357.130 Safari/537.36"
